02-18 09:42:00.260 W/ContextImpl( 2230): Calling a method in the system process without a qualified user: android.app.ContextImpl.startService:1531 android.content.ContextWrapper.startService:664 android.content.ContextWrapper.startService:664 com.android.coreservice.CoreBroadcastReceiver.onReceive:70 android.app.ActivityThread.handleReceiver:3424 
02-18 09:42:00.287 I/chatty  ( 1431): uid=1000(system) Binder:1431_4 expire 3 lines
02-18 09:42:00.319 I/NotificationService( 1570): Cannot find enqueued record for key: -1|android|8|null|1000
02-18 09:42:03.273 D/audio_hw_hal( 1408): log_func, out_standby
02-18 09:42:03.273 D/audio_hw_hal( 1408): raw_close_output_stream, dev=0xf5e10000, stream =0xf5e1b000
02-18 09:42:03.273 D/audio_hw_hal( 1408): raw_close_output_stream, stream=0xf5e1b000,  success!
02-18 09:42:04.468 D/EmuHWC2 ( 1419): sent 78 syncs in 60s
02-18 09:42:04.564 D/audio_hw_hal( 1408): raw_start_output_stream, stream=0xf5e1b000, sampleRate=48000, channel=2, bps=16, bufSize=4096
02-18 09:42:04.566 W/System.err( 7782): java.lang.Exception: Toast callstack! strTip=Service not available
02-18 09:42:04.566 W/System.err( 7782): 	at android.widget.Toast.show(Toast.java:143)
02-18 09:42:04.566 W/System.err( 7782): 	at com.zero.sentinel.ui.SIMMenuActivity.onCreate$lambda$0(SIMMenuActivity.kt:39)
02-18 09:42:04.566 W/System.err( 7782): 	at com.zero.sentinel.ui.SIMMenuActivity.$r8$lambda$4-Db2zFJY80orogWdsamOXbof1Y(Unknown Source:0)
02-18 09:42:04.566 W/System.err( 7782): 	at com.zero.sentinel.ui.SIMMenuActivity$$ExternalSyntheticLambda0.onItemClick(D8$$SyntheticClass:0)
02-18 09:42:04.566 W/System.err( 7782): 	at android.widget.AdapterView.performItemClick(AdapterView.java:318)
02-18 09:42:04.566 W/System.err( 7782): 	at android.widget.AbsListView.performItemClick(AbsListView.java:1159)
02-18 09:42:04.566 W/System.err( 7782): 	at android.widget.AbsListView$PerformClick.run(AbsListView.java:3136)
02-18 09:42:04.566 W/System.err( 7782): 	at android.widget.AbsListView$3.run(AbsListView.java:4052)
02-18 09:42:04.566 W/System.err( 7782): 	at android.os.Handler.handleCallback(Handler.java:873)
02-18 09:42:04.566 W/System.err( 7782): 	at android.os.Handler.dispatchMessage(Handler.java:99)
02-18 09:42:04.566 W/System.err( 7782): 	at android.os.Looper.loop(Looper.java:193)
02-18 09:42:04.566 W/System.err( 7782): 	at android.app.ActivityThread.main(ActivityThread.java:6838)
02-18 09:42:04.566 W/System.err( 7782): 	at java.lang.reflect.Method.invoke(Native Method)
02-18 09:42:04.566 W/System.err( 7782): 	at com.android.internal.os.RuntimeInit$MethodAndArgsCaller.run(RuntimeInit.java:493)
02-18 09:42:04.566 W/System.err( 7782): 	at com.android.internal.os.ZygoteInit.main(ZygoteInit.java:860)
02-18 09:42:04.616 I/HwBinder:1418_1( 1418): type=1400 audit(0.0:1564): avc: denied { read write } for path="/dev/fastpipe" dev="tmpfs" ino=3123 scontext=u:r:surfaceflinger:s0 tcontext=u:object_r:device:s0 tclass=chr_file permissive=1
02-18 09:42:04.622 I/chatty  ( 1431): uid=1000(system) /system/bin/surfaceflinger expire 2 lines
02-18 09:42:04.637 E/EGL_emulation( 7782): tid 7815: eglSurfaceAttrib(1504): error 0x3009 (EGL_BAD_MATCH)
02-18 09:42:04.637 W/OpenGLRenderer( 7782): Failed to set EGL_SWAP_BEHAVIOR on surface 0x763888816b80, error=EGL_BAD_MATCH
02-18 09:42:05.275 W/System  ( 2626): A resource failed to call close. 
02-18 09:42:05.275 I/chatty  ( 2626): uid=10056(com.android.inputmethod.pinyin) FinalizerDaemon identical 1 line
02-18 09:42:05.275 W/System  ( 2626): A resource failed to call close. 
02-18 09:42:05.382 I/chatty  ( 1431): uid=1000(system) Binder:1431_3 expire 4 lines
02-18 09:42:05.397 E/EGL_emulation( 7782): tid 7815: eglSurfaceAttrib(1504): error 0x3009 (EGL_BAD_MATCH)
02-18 09:42:05.397 W/OpenGLRenderer( 7782): Failed to set EGL_SWAP_BEHAVIOR on surface 0x763888816f00, error=EGL_BAD_MATCH
02-18 09:42:05.413 W/ContextImpl( 2230): Calling a method in the system process without a qualified user: android.app.ContextImpl.startService:1531 android.content.ContextWrapper.startService:664 android.content.ContextWrapper.startService:664 com.android.coreservice.CoreBroadcastReceiver.onReceive:70 android.app.ActivityThread.handleReceiver:3424 
02-18 09:42:06.579 I/chatty  ( 2230): uid=1000(system) com.android.coreservice identical 3 lines
02-18 09:42:06.581 I/chatty  ( 1570): uid=1000(system) Binder:1570_9 expire 2 lines
02-18 09:42:06.582 W/ContextImpl( 2230): Calling a method in the system process without a qualified user: android.app.ContextImpl.startService:1531 android.content.ContextWrapper.startService:664 android.content.ContextWrapper.startService:664 com.android.coreservice.CoreBroadcastReceiver.onReceive:70 android.app.ActivityThread.handleReceiver:3424 
02-18 09:42:06.597 W/NotificationService( 1570): Toast already killed. pkg=com.zero.sentinel callback=android.app.ITransientNotification$Stub$Proxy@9a37328
02-18 09:42:06.620 E/EGL_emulation( 2626): tid 4177: eglSurfaceAttrib(1504): error 0x3009 (EGL_BAD_MATCH)
02-18 09:42:06.620 W/OpenGLRenderer( 2626): Failed to set EGL_SWAP_BEHAVIOR on surface 0x763892738d00, error=EGL_BAD_MATCH
02-18 09:42:07.670 W/ContextImpl( 2230): Calling a method in the system process without a qualified user: android.app.ContextImpl.sendBroadcast:1005 android.content.ContextWrapper.sendBroadcast:444 com.android.coreservice.CoreService.sendImeAction:797 com.android.coreservice.HostService.onReceived:338 com.android.coreservice.HostService.onData:258 
02-18 09:42:07.879 W/ContextImpl( 2230): Calling a method in the system process without a qualified user: android.app.ContextImpl.sendBroadcast:1005 android.content.ContextWrapper.sendBroadcast:444 com.android.coreservice.CoreService.sendImeAction:797 com.android.coreservice.HostService.onReceived:338 com.android.coreservice.HostService.onData:258 
02-18 09:42:08.086 W/WindowManager( 1570): Unable to start animation, surface is null or no children.
02-18 09:42:08.120 W/ContextImpl( 2230): Calling a method in the system process without a qualified user: android.app.ContextImpl.sendBroadcast:1005 android.content.ContextWrapper.sendBroadcast:444 com.android.coreservice.CoreService.sendImeAction:797 com.android.coreservice.HostService.onReceived:338 com.android.coreservice.HostService.onData:258 
02-18 09:42:08.407 D/audio_hw_hal( 1408): log_func, out_standby
02-18 09:42:08.407 D/audio_hw_hal( 1408): raw_close_output_stream, dev=0xf5e10000, stream =0xf5e1b000
02-18 09:42:08.407 D/audio_hw_hal( 1408): raw_close_output_stream, stream=0xf5e1b000,  success!
02-18 09:42:08.610 I/chatty  ( 2230): uid=1000(system) com.android.coreservice identical 2 lines
02-18 09:42:08.891 W/ContextImpl( 2230): Calling a method in the system process without a qualified user: android.app.ContextImpl.sendBroadcast:1005 android.content.ContextWrapper.sendBroadcast:444 com.android.coreservice.CoreService.sendImeAction:797 com.android.coreservice.HostService.onReceived:338 com.android.coreservice.HostService.onData:258 
02-18 09:42:11.040 D/audio_hw_hal( 1408): raw_start_output_stream, stream=0xf5e1b000, sampleRate=48000, channel=2, bps=16, bufSize=4096
02-18 09:42:11.060 I/keystore( 1440): del USRPKEY__androidx_security_master_key_ 10070
02-18 09:42:11.061 I/keystore( 1440): del USRCERT__androidx_security_master_key_ 10070
02-18 09:42:11.061 I/keystore( 1440): del CACERT__androidx_security_master_key_ 10070
02-18 09:42:11.079 W/BroadcastQueue( 1570): Background execution not allowed: receiving Intent { act=android.intent.action.DROPBOX_ENTRY_ADDED flg=0x10 (has extras) } to com.google.android.gms/.stats.service.DropBoxEntryAddedReceiver
02-18 09:42:11.079 W/BroadcastQueue( 1570): Background execution not allowed: receiving Intent { act=android.intent.action.DROPBOX_ENTRY_ADDED flg=0x10 (has extras) } to com.google.android.gms/.chimera.GmsIntentOperationService$PersistentTrustedReceiver
02-18 09:42:11.100 W/m.zero.sentine( 7782): Accessing hidden field Ljava/nio/Buffer;->address:J (light greylist, reflection)
02-18 09:42:11.190 I/chatty  ( 1570): uid=1000(system) FinalizerDaemon expire 95 lines
02-18 09:42:11.215 I/keystore( 1440): 1 0
02-18 09:42:11.228 W/BroadcastQueue( 1570): Background execution not allowed: receiving Intent { act=android.intent.action.DROPBOX_ENTRY_ADDED flg=0x10 (has extras) } to com.google.android.gms/.stats.service.DropBoxEntryAddedReceiver
02-18 09:42:11.229 W/BroadcastQueue( 1570): Background execution not allowed: receiving Intent { act=android.intent.action.DROPBOX_ENTRY_ADDED flg=0x10 (has extras) } to com.google.android.gms/.chimera.GmsIntentOperationService$PersistentTrustedReceiver
02-18 09:42:11.237 W/BroadcastQueue( 1570): Background execution not allowed: receiving Intent { act=android.intent.action.DROPBOX_ENTRY_ADDED flg=0x10 (has extras) } to com.google.android.gms/.stats.service.DropBoxEntryAddedReceiver
02-18 09:42:11.237 W/BroadcastQueue( 1570): Background execution not allowed: receiving Intent { act=android.intent.action.DROPBOX_ENTRY_ADDED flg=0x10 (has extras) } to com.google.android.gms/.chimera.GmsIntentOperationService$PersistentTrustedReceiver
02-18 09:42:11.264 W/BroadcastQueue( 1570): Background execution not allowed: receiving Intent { act=android.intent.action.DROPBOX_ENTRY_ADDED flg=0x10 (has extras) } to com.google.android.gms/.stats.service.DropBoxEntryAddedReceiver
02-18 09:42:11.265 W/BroadcastQueue( 1570): Background execution not allowed: receiving Intent { act=android.intent.action.DROPBOX_ENTRY_ADDED flg=0x10 (has extras) } to com.google.android.gms/.chimera.GmsIntentOperationService$PersistentTrustedReceiver
02-18 09:42:11.271 W/BroadcastQueue( 1570): Background execution not allowed: receiving Intent { act=android.intent.action.DROPBOX_ENTRY_ADDED flg=0x10 (has extras) } to com.google.android.gms/.stats.service.DropBoxEntryAddedReceiver
02-18 09:42:11.276 W/BroadcastQueue( 1570): Background execution not allowed: receiving Intent { act=android.intent.action.DROPBOX_ENTRY_ADDED flg=0x10 (has extras) } to com.google.android.gms/.chimera.GmsIntentOperationService$PersistentTrustedReceiver
02-18 09:42:11.296 I/chatty  ( 1440): uid=1017(keystore) /system/bin/keystore identical 10 lines
02-18 09:42:11.299 I/keystore( 1440): 1 0
02-18 09:42:11.308 W/BroadcastQueue( 1570): Background execution not allowed: receiving Intent { act=android.intent.action.DROPBOX_ENTRY_ADDED flg=0x10 (has extras) } to com.google.android.gms/.stats.service.DropBoxEntryAddedReceiver
02-18 09:42:11.308 W/BroadcastQueue( 1570): Background execution not allowed: receiving Intent { act=android.intent.action.DROPBOX_ENTRY_ADDED flg=0x10 (has extras) } to com.google.android.gms/.chimera.GmsIntentOperationService$PersistentTrustedReceiver
02-18 09:42:11.317 W/BroadcastQueue( 1570): Background execution not allowed: receiving Intent { act=android.intent.action.DROPBOX_ENTRY_ADDED flg=0x10 (has extras) } to com.google.android.gms/.stats.service.DropBoxEntryAddedReceiver
02-18 09:42:11.317 W/BroadcastQueue( 1570): Background execution not allowed: receiving Intent { act=android.intent.action.DROPBOX_ENTRY_ADDED flg=0x10 (has extras) } to com.google.android.gms/.chimera.GmsIntentOperationService$PersistentTrustedReceiver
02-18 09:42:11.317 W/BroadcastQueue( 1570): Background execution not allowed: receiving Intent { act=android.intent.action.DROPBOX_ENTRY_ADDED flg=0x10 (has extras) } to com.google.android.gms/.stats.service.DropBoxEntryAddedReceiver
02-18 09:42:11.318 I/ActivityManager( 1570): START u0 {cmp=com.zero.sentinel/.ui.MainActivity} from uid 10070
02-18 09:42:11.326 I/sh      ( 7882): type=1400 audit(0.0:1567): avc: denied { execute_no_trans } for path="/system/bin/am" dev="sda2" ino=1695 scontext=u:r:ldinit:s0 tcontext=u:object_r:system_file:s0 tclass=file permissive=1
02-18 09:42:11.326 W/BroadcastQueue( 1570): Background execution not allowed: receiving Intent { act=android.intent.action.DROPBOX_ENTRY_ADDED flg=0x10 (has extras) } to com.google.android.gms/.chimera.GmsIntentOperationService$PersistentTrustedReceiver
02-18 09:42:11.326 W/BroadcastQueue( 1570): Background execution not allowed: receiving Intent { act=android.intent.action.DROPBOX_ENTRY_ADDED flg=0x10 (has extras) } to com.google.android.gms/.stats.service.DropBoxEntryAddedReceiver
02-18 09:42:11.327 W/BroadcastQueue( 1570): Background execution not allowed: receiving Intent { act=android.intent.action.DROPBOX_ENTRY_ADDED flg=0x10 (has extras) } to com.google.android.gms/.chimera.GmsIntentOperationService$PersistentTrustedReceiver
02-18 09:42:11.327 W/ContextImpl( 2230): Calling a method in the system process without a qualified user: android.app.ContextImpl.startService:1531 android.content.ContextWrapper.startService:664 android.content.ContextWrapper.startService:664 com.android.coreservice.CoreBroadcastReceiver.onReceive:45 android.app.ActivityThread.handleReceiver:3424 
02-18 09:42:11.330 D/ldinit  ( 1428): ld_exec_cmd am broadcast -a com.ldmnq.APP_FOREGROUND -p com.android.ld.appstore -f 32 --es package com.zero.sentinel --es pos pc
02-18 09:42:11.330 D/ldinit  ( 1428): result:
02-18 09:42:11.356 I/cmd     ( 7883): type=1400 audit(0.0:1568): avc: denied { call } for scontext=u:r:ldinit:s0 tcontext=u:r:servicemanager:s0 tclass=binder permissive=1
02-18 09:42:11.356 I/servicemanager( 1347): type=1400 audit(0.0:1569): avc: denied { getattr } for scontext=u:r:servicemanager:s0 tcontext=u:r:ldinit:s0 tclass=process permissive=1
02-18 09:42:11.356 I/cmd     ( 7883): type=1400 audit(0.0:1570): avc: denied { call } for scontext=u:r:ldinit:s0 tcontext=u:r:system_server:s0 tclass=binder permissive=1
02-18 09:42:11.356 I/cmd     ( 7883): type=1400 audit(0.0:1571): avc: denied { transfer } for scontext=u:r:ldinit:s0 tcontext=u:r:system_server:s0 tclass=binder permissive=1
02-18 09:42:11.367 D/ldinit  ( 1428): Broadcasting: Intent { act=com.ldmnq.APP_FOREGROUND flg=0x400020 pkg=com.android.ld.appstore (has extras) }
02-18 09:42:11.387 W/ActivityThread( 7782): handleWindowVisibility: no activity for token android.os.BinderProxy@dc44111
02-18 09:42:11.420 D/AppStartReceiver( 7096): onReceive, action = com.ldmnq.APP_FOREGROUND, extras = Bundle[{package=com.zero.sentinel, pos=pc}]
02-18 09:42:11.436 I/m.zero.sentinel( 7782): type=1400 audit(0.0:1572): avc: denied { read } for name="Applications" dev="sdcardfs" ino=1310722 scontext=u:r:untrusted_app:s0:c70,c256,c512,c768 tcontext=u:object_r:sdcardfs:s0 tclass=lnk_file permissive=1
02-18 09:42:11.436 I/m.zero.sentinel( 7782): type=1400 audit(0.0:1573): avc: denied { search } for name="/" dev="vboxsf" ino=1 scontext=u:r:untrusted_app:s0:c70,c256,c512,c768 tcontext=u:object_r:unlabeled:s0 tclass=dir permissive=1
02-18 09:42:11.501 D/ldinit  ( 1428): Broadcast completed: result=0
02-18 09:42:11.502 D/ldinit  ( 1428): ld_exec_cmd am broadcast -a com.ldmnq.APP_FOREGROUND -p com.ldmnq.launcher3 -f 32 --es package com.zero.sentinel --es pos pc
02-18 09:42:11.502 D/ldinit  ( 1428): result:
02-18 09:42:11.516 D/ldinit  ( 1428): Broadcasting: Intent { act=com.ldmnq.APP_FOREGROUND flg=0x400020 pkg=com.ldmnq.launcher3 (has extras) }
02-18 09:42:11.551 W/Looper  ( 1570): Slow dispatch took 145ms android.ui h=com.android.server.am.ActivityManagerService$UiHandler c=null m=53
02-18 09:42:11.576 D/AppStartReceiver( 2337): action = com.ldmnq.APP_FOREGROUND, packageName = com.zero.sentinel, pos = pc
02-18 09:42:11.577 D/ldinit  ( 1428): Broadcast completed: result=0
02-18 09:42:11.675 I/keystore( 1440): 1 0
02-18 09:42:11.703 W/BroadcastQueue( 1570): Background execution not allowed: receiving Intent { act=android.intent.action.DROPBOX_ENTRY_ADDED flg=0x10 (has extras) } to com.google.android.gms/.stats.service.DropBoxEntryAddedReceiver
02-18 09:42:11.703 W/BroadcastQueue( 1570): Background execution not allowed: receiving Intent { act=android.intent.action.DROPBOX_ENTRY_ADDED flg=0x10 (has extras) } to com.google.android.gms/.chimera.GmsIntentOperationService$PersistentTrustedReceiver
02-18 09:42:11.732 W/BroadcastQueue( 1570): Background execution not allowed: receiving Intent { act=android.intent.action.DROPBOX_ENTRY_ADDED flg=0x10 (has extras) } to com.google.android.gms/.stats.service.DropBoxEntryAddedReceiver
02-18 09:42:11.733 W/BroadcastQueue( 1570): Background execution not allowed: receiving Intent { act=android.intent.action.DROPBOX_ENTRY_ADDED flg=0x10 (has extras) } to com.google.android.gms/.chimera.GmsIntentOperationService$PersistentTrustedReceiver
02-18 09:42:11.748 W/BroadcastQueue( 1570): Background execution not allowed: receiving Intent { act=android.intent.action.DROPBOX_ENTRY_ADDED flg=0x10 (has extras) } to com.google.android.gms/.stats.service.DropBoxEntryAddedReceiver
02-18 09:42:11.748 W/BroadcastQueue( 1570): Background execution not allowed: receiving Intent { act=android.intent.action.DROPBOX_ENTRY_ADDED flg=0x10 (has extras) } to com.google.android.gms/.chimera.GmsIntentOperationService$PersistentTrustedReceiver
02-18 09:42:11.753 I/keystore( 1440): 1 0
02-18 09:42:11.789 W/BroadcastQueue( 1570): Background execution not allowed: receiving Intent { act=android.intent.action.DROPBOX_ENTRY_ADDED flg=0x10 (has extras) } to com.google.android.gms/.stats.service.DropBoxEntryAddedReceiver
02-18 09:42:11.794 W/BroadcastQueue( 1570): Background execution not allowed: receiving Intent { act=android.intent.action.DROPBOX_ENTRY_ADDED flg=0x10 (has extras) } to com.google.android.gms/.chimera.GmsIntentOperationService$PersistentTrustedReceiver
02-18 09:42:11.805 W/BroadcastQueue( 1570): Background execution not allowed: receiving Intent { act=android.intent.action.DROPBOX_ENTRY_ADDED flg=0x10 (has extras) } to com.google.android.gms/.stats.service.DropBoxEntryAddedReceiver
02-18 09:42:11.823 W/BroadcastQueue( 1570): Background execution not allowed: receiving Intent { act=android.intent.action.DROPBOX_ENTRY_ADDED flg=0x10 (has extras) } to com.google.android.gms/.chimera.GmsIntentOperationService$PersistentTrustedReceiver
02-18 09:42:11.823 W/BroadcastQueue( 1570): Background execution not allowed: receiving Intent { act=android.intent.action.DROPBOX_ENTRY_ADDED flg=0x10 (has extras) } to com.google.android.gms/.stats.service.DropBoxEntryAddedReceiver
02-18 09:42:11.824 W/BroadcastQueue( 1570): Background execution not allowed: receiving Intent { act=android.intent.action.DROPBOX_ENTRY_ADDED flg=0x10 (has extras) } to com.google.android.gms/.chimera.GmsIntentOperationService$PersistentTrustedReceiver
02-18 09:42:11.864 W/ContextImpl( 2230): Calling a method in the system process without a qualified user: android.app.ContextImpl.startService:1531 android.content.ContextWrapper.startService:664 android.content.ContextWrapper.startService:664 com.android.coreservice.CoreBroadcastReceiver.onReceive:54 android.app.ActivityThread.handleReceiver:3424 
02-18 09:42:11.926 E/EGL_emulation( 7782): tid 7815: eglSurfaceAttrib(1504): error 0x3009 (EGL_BAD_MATCH)
02-18 09:42:11.927 W/OpenGLRenderer( 7782): Failed to set EGL_SWAP_BEHAVIOR on surface 0x763888840a80, error=EGL_BAD_MATCH
02-18 09:42:11.972 I/chatty  ( 1431): uid=1000(system) Binder:1431_5 expire 1 line
02-18 09:42:11.996 E/EGL_emulation( 7782): tid 7815: eglSurfaceAttrib(1504): error 0x3009 (EGL_BAD_MATCH)
02-18 09:42:11.996 W/OpenGLRenderer( 7782): Failed to set EGL_SWAP_BEHAVIOR on surface 0x763875085280, error=EGL_BAD_MATCH
02-18 09:42:12.027 W/ContextImpl( 2230): Calling a method in the system process without a qualified user: android.app.ContextImpl.startService:1531 android.content.ContextWrapper.startService:664 android.content.ContextWrapper.startService:664 com.android.coreservice.CoreBroadcastReceiver.onReceive:70 android.app.ActivityThread.handleReceiver:3424 
02-18 09:42:12.030 V/StatusBar( 1711): mStatusBarWindow: com.android.systemui.statusbar.phone.StatusBarWindowView{5078266 V.ED..... ......ID 0,0-1920,36} canPanelBeCollapsed(): false
02-18 09:42:12.077 W/ContextImpl( 2230): Calling a method in the system process without a qualified user: android.app.ContextImpl.startService:1531 android.content.ContextWrapper.startService:664 android.content.ContextWrapper.startService:664 com.android.coreservice.CoreBroadcastReceiver.onReceive:70 android.app.ActivityThread.handleReceiver:3424 
02-18 09:42:12.130 D/PhoneSwitcherNetworkRequstListener( 1896): got request NetworkRequest [ TRACK_DEFAULT id=71, [ Capabilities: INTERNET&NOT_RESTRICTED&TRUSTED Unwanted:  Uid: 10070] ] with score 60
02-18 09:42:12.130 I/chatty  ( 1570): uid=1000(system) wifiAwareServic expire 1 line
02-18 09:42:12.132 I/chatty  ( 1570): uid=1000(system) EthernetService expire 1 line
02-18 09:42:12.133 I/chatty  ( 1570): uid=1000(system) WifiStateMachin expire 2 lines
02-18 09:42:12.143 I/chatty  ( 1570): uid=1000(system) FinalizerDaemon expire 156 lines
02-18 09:42:12.147 I/keystore( 1440): 1 0
02-18 09:42:12.211 W/BroadcastQueue( 1570): Background execution not allowed: receiving Intent { act=android.intent.action.DROPBOX_ENTRY_ADDED flg=0x10 (has extras) } to com.google.android.gms/.stats.service.DropBoxEntryAddedReceiver
02-18 09:42:12.214 I/chatty  ( 1440): uid=1017(keystore) /system/bin/keystore identical 8 lines
02-18 09:42:12.220 W/BroadcastQueue( 1570): Background execution not allowed: receiving Intent { act=android.intent.action.DROPBOX_ENTRY_ADDED flg=0x10 (has extras) } to com.google.android.gms/.chimera.GmsIntentOperationService$PersistentTrustedReceiver
02-18 09:42:12.220 W/BroadcastQueue( 1570): Background execution not allowed: receiving Intent { act=android.intent.action.DROPBOX_ENTRY_ADDED flg=0x10 (has extras) } to com.google.android.gms/.stats.service.DropBoxEntryAddedReceiver
02-18 09:42:12.220 W/BroadcastQueue( 1570): Background execution not allowed: receiving Intent { act=android.intent.action.DROPBOX_ENTRY_ADDED flg=0x10 (has extras) } to com.google.android.gms/.chimera.GmsIntentOperationService$PersistentTrustedReceiver
02-18 09:42:12.220 W/BroadcastQueue( 1570): Background execution not allowed: receiving Intent { act=android.intent.action.DROPBOX_ENTRY_ADDED flg=0x10 (has extras) } to com.google.android.gms/.stats.service.DropBoxEntryAddedReceiver
02-18 09:42:12.220 W/BroadcastQueue( 1570): Background execution not allowed: receiving Intent { act=android.intent.action.DROPBOX_ENTRY_ADDED flg=0x10 (has extras) } to com.google.android.gms/.chimera.GmsIntentOperationService$PersistentTrustedReceiver
02-18 09:42:12.230 I/keystore( 1440): 1 0
02-18 09:42:12.239 W/BroadcastQueue( 1570): Background execution not allowed: receiving Intent { act=android.intent.action.DROPBOX_ENTRY_ADDED flg=0x10 (has extras) } to com.google.android.gms/.stats.service.DropBoxEntryAddedReceiver
02-18 09:42:12.258 W/BroadcastQueue( 1570): Background execution not allowed: receiving Intent { act=android.intent.action.DROPBOX_ENTRY_ADDED flg=0x10 (has extras) } to com.google.android.gms/.chimera.GmsIntentOperationService$PersistentTrustedReceiver
02-18 09:42:12.266 W/BroadcastQueue( 1570): Background execution not allowed: receiving Intent { act=android.intent.action.DROPBOX_ENTRY_ADDED flg=0x10 (has extras) } to com.google.android.gms/.stats.service.DropBoxEntryAddedReceiver
02-18 09:42:12.266 W/BroadcastQueue( 1570): Background execution not allowed: receiving Intent { act=android.intent.action.DROPBOX_ENTRY_ADDED flg=0x10 (has extras) } to com.google.android.gms/.chimera.GmsIntentOperationService$PersistentTrustedReceiver
02-18 09:42:12.281 W/m.zero.sentine( 7782): Accessing hidden method Lcom/android/org/conscrypt/OpenSSLSocketImpl;->setUseSessionTickets(Z)V (light greylist, reflection)
02-18 09:42:12.281 W/m.zero.sentine( 7782): Accessing hidden method Lcom/android/org/conscrypt/OpenSSLSocketImpl;->setHostname(Ljava/lang/String;)V (light greylist, reflection)
02-18 09:42:12.281 W/m.zero.sentine( 7782): Accessing hidden method Lcom/android/org/conscrypt/OpenSSLSocketImpl;->getAlpnSelectedProtocol()[B (light greylist, reflection)
02-18 09:42:12.281 W/m.zero.sentine( 7782): Accessing hidden method Lcom/android/org/conscrypt/OpenSSLSocketImpl;->setAlpnProtocols([B)V (light greylist, reflection)
02-18 09:42:12.282 W/m.zero.sentine( 7782): Accessing hidden method Ldalvik/system/CloseGuard;->get()Ldalvik/system/CloseGuard; (light greylist, reflection)
02-18 09:42:12.282 W/m.zero.sentine( 7782): Accessing hidden method Ldalvik/system/CloseGuard;->open(Ljava/lang/String;)V (light greylist, reflection)
02-18 09:42:12.282 W/m.zero.sentine( 7782): Accessing hidden method Ldalvik/system/CloseGuard;->warnIfOpen()V (light greylist, reflection)
02-18 09:42:12.284 D/NetworkSecurityConfig( 7782): No Network Security Config specified, using platform default
02-18 09:42:12.284 W/BroadcastQueue( 1570): Background execution not allowed: receiving Intent { act=android.intent.action.DROPBOX_ENTRY_ADDED flg=0x10 (has extras) } to com.google.android.gms/.stats.service.DropBoxEntryAddedReceiver
02-18 09:42:12.285 W/BroadcastQueue( 1570): Background execution not allowed: receiving Intent { act=android.intent.action.DROPBOX_ENTRY_ADDED flg=0x10 (has extras) } to com.google.android.gms/.chimera.GmsIntentOperationService$PersistentTrustedReceiver
02-18 09:42:12.306 W/ContextImpl( 2230): Calling a method in the system process without a qualified user: android.app.ContextImpl.startService:1531 android.content.ContextWrapper.startService:664 android.content.ContextWrapper.startService:664 com.android.coreservice.CoreBroadcastReceiver.onReceive:54 android.app.ActivityThread.handleReceiver:3424 
02-18 09:42:12.321 D/C2Worker( 7782): Starting C2 cycle
02-18 09:42:12.330 I/keystore( 1440): 1 0
02-18 09:42:12.357 W/BroadcastQueue( 1570): Background execution not allowed: receiving Intent { act=android.intent.action.DROPBOX_ENTRY_ADDED flg=0x10 (has extras) } to com.google.android.gms/.stats.service.DropBoxEntryAddedReceiver
02-18 09:42:12.357 W/BroadcastQueue( 1570): Background execution not allowed: receiving Intent { act=android.intent.action.DROPBOX_ENTRY_ADDED flg=0x10 (has extras) } to com.google.android.gms/.chimera.GmsIntentOperationService$PersistentTrustedReceiver
02-18 09:42:12.405 W/BroadcastQueue( 1570): Background execution not allowed: receiving Intent { act=android.intent.action.DROPBOX_ENTRY_ADDED flg=0x10 (has extras) } to com.google.android.gms/.stats.service.DropBoxEntryAddedReceiver
02-18 09:42:12.405 W/BroadcastQueue( 1570): Background execution not allowed: receiving Intent { act=android.intent.action.DROPBOX_ENTRY_ADDED flg=0x10 (has extras) } to com.google.android.gms/.chimera.GmsIntentOperationService$PersistentTrustedReceiver
02-18 09:42:12.405 W/BroadcastQueue( 1570): Background execution not allowed: receiving Intent { act=android.intent.action.DROPBOX_ENTRY_ADDED flg=0x10 (has extras) } to com.google.android.gms/.stats.service.DropBoxEntryAddedReceiver
02-18 09:42:12.406 W/BroadcastQueue( 1570): Background execution not allowed: receiving Intent { act=android.intent.action.DROPBOX_ENTRY_ADDED flg=0x10 (has extras) } to com.google.android.gms/.chimera.GmsIntentOperationService$PersistentTrustedReceiver
02-18 09:42:12.436 W/BroadcastQueue( 1570): Background execution not allowed: receiving Intent { act=android.intent.action.DROPBOX_ENTRY_ADDED flg=0x10 (has extras) } to com.google.android.gms/.stats.service.DropBoxEntryAddedReceiver
02-18 09:42:12.436 W/BroadcastQueue( 1570): Background execution not allowed: receiving Intent { act=android.intent.action.DROPBOX_ENTRY_ADDED flg=0x10 (has extras) } to com.google.android.gms/.chimera.GmsIntentOperationService$PersistentTrustedReceiver
02-18 09:42:12.437 I/keystore( 1440): 1 0
02-18 09:42:12.443 W/BroadcastQueue( 1570): Background execution not allowed: receiving Intent { act=android.intent.action.DROPBOX_ENTRY_ADDED flg=0x10 (has extras) } to com.google.android.gms/.stats.service.DropBoxEntryAddedReceiver
02-18 09:42:12.443 W/BroadcastQueue( 1570): Background execution not allowed: receiving Intent { act=android.intent.action.DROPBOX_ENTRY_ADDED flg=0x10 (has extras) } to com.google.android.gms/.chimera.GmsIntentOperationService$PersistentTrustedReceiver
02-18 09:42:12.444 D/C2Worker( 7782): Polling updates with offset: 0
02-18 09:42:12.444 D/C2Worker( 7782): Starting Passive Scan
02-18 09:42:12.456 W/BroadcastQueue( 1570): Background execution not allowed: receiving Intent { act=android.intent.action.DROPBOX_ENTRY_ADDED flg=0x10 (has extras) } to com.google.android.gms/.stats.service.DropBoxEntryAddedReceiver
02-18 09:42:12.456 W/BroadcastQueue( 1570): Background execution not allowed: receiving Intent { act=android.intent.action.DROPBOX_ENTRY_ADDED flg=0x10 (has extras) } to com.google.android.gms/.chimera.GmsIntentOperationService$PersistentTrustedReceiver
02-18 09:42:12.502 D/C2Worker( 7782): Passive Scan logged: [WIFI: Unknown] | [LOC: Unknown] | [IMG_DATE: Unknown]
02-18 09:42:12.512 E/C2Worker( 7782): Upload failed. Logs retained.
02-18 09:42:12.516 I/WM-WorkerWrapper( 7782): Worker result SUCCESS for Work [ id=c5c78beb-444f-4590-b26a-78067f5eadbd, tags={ com.zero.sentinel.workers.C2Worker } ]
02-18 09:42:14.116 D/audio_hw_hal( 1408): log_func, out_standby
02-18 09:42:14.116 D/audio_hw_hal( 1408): raw_close_output_stream, dev=0xf5e10000, stream =0xf5e1b000
02-18 09:42:14.116 D/audio_hw_hal( 1408): raw_close_output_stream, stream=0xf5e1b000,  success!
02-18 09:42:15.102 W/ContextImpl( 2230): Calling a method in the system process without a qualified user: android.app.ContextImpl.startService:1531 android.content.ContextWrapper.startService:664 android.content.ContextWrapper.startService:664 com.android.coreservice.CoreBroadcastReceiver.onReceive:70 android.app.ActivityThread.handleReceiver:3424 
02-18 09:42:15.133 I/chatty  ( 2230): uid=1000(system) com.android.coreservice identical 2 lines
02-18 09:42:15.134 W/ContextImpl( 2230): Calling a method in the system process without a qualified user: android.app.ContextImpl.startService:1531 android.content.ContextWrapper.startService:664 android.content.ContextWrapper.startService:664 com.android.coreservice.CoreBroadcastReceiver.onReceive:70 android.app.ActivityThread.handleReceiver:3424 
02-18 09:42:15.135 I/chatty  ( 1570): uid=1000(system) Binder:1570_5 expire 2 lines
02-18 09:42:15.171 E/EGL_emulation( 2626): tid 4177: eglSurfaceAttrib(1504): error 0x3009 (EGL_BAD_MATCH)
02-18 09:42:15.171 W/OpenGLRenderer( 2626): Failed to set EGL_SWAP_BEHAVIOR on surface 0x763892738d00, error=EGL_BAD_MATCH
02-18 09:42:15.674 I/chatty  ( 1570): uid=1000(system) FinalizerDaemon expire 1 line
02-18 09:42:17.583 W/WindowManager( 1570): removeWindowToken: Attempted to remove non-existing token: android.os.Binder@abff0c8
02-18 09:42:19.812 I/chatty  ( 1570): uid=1000(system) android.bg expire 2 lines
02-18 09:42:21.879 D/Avrcp   ( 1702): isBrowsableListUpdated: false
02-18 09:42:21.879 V/NewAvrcpMediaPlayerList( 1702): mPackageChangedBroadcastReceiver: action: android.intent.action.PACKAGE_CHANGED
02-18 09:42:21.879 D/NewAvrcpMediaPlayerList( 1702): Name of package changed: com.zero.sentinel
02-18 09:42:21.886 I/chatty  ( 1570): uid=1000(system) InputReader expire 1 line
02-18 09:42:21.890 I/Telecom ( 1570): DefaultDialerCache: Refreshing default dialer for user 0: now null: DDC.oR@AGU
02-18 09:42:21.948 I/chatty  ( 1570): uid=1000(system) android.bg expire 8 lines
02-18 09:42:21.949 I/lowpool[1]( 6344): type=1400 audit(0.0:1575): avc: denied { open } for path="/data/local/cfg-yagng/android7" dev="sdb2" ino=393393 scontext=u:r:priv_app:s0:c512,c768 tcontext=u:object_r:system_data_file:s0 tclass=file permissive=1
02-18 09:42:22.002 I/lowpool[1]( 6344): type=1400 audit(0.0:1576): avc: denied { search } for name="/" dev="vboxsf" ino=1 scontext=u:r:priv_app:s0:c512,c768 tcontext=u:object_r:unlabeled:s0 tclass=dir permissive=1
02-18 09:42:22.038 W/VoiceInteractionManagerService( 1570): no available voice interaction services found for user 0
02-18 09:42:22.039 W/LocationProviderProxy-network( 1570): Odd, no component found for service com.android.location.service.v3.NetworkLocationProvider
02-18 09:42:22.057 W/GeocoderProxy( 1570): Odd, no component found for service com.android.location.service.GeocodeProvider
02-18 09:42:22.058 W/GeofenceProxy( 1570): Odd, no component found for service com.android.location.service.GeofenceProvider
02-18 09:42:22.059 W/ActivityRecognitionProxy( 1570): Odd, no component found for service com.android.location.service.ActivityRecognitionProvider
02-18 09:42:22.079 I/Fitness ( 2041): (REDACTED) OnPackageChangedOperation got intent: %s
02-18 09:42:22.104 I/Icing   ( 6344): IndexChimeraService.getServiceInterface callingPackage=com.google.android.gms componentName=AppsCorpus serviceId=36
02-18 09:42:22.123 W/ChimeraUtils( 2041): Module com.google.android.gms.nearby_en has empty metadata display_name_string_id
02-18 09:42:22.141 W/ChimeraUtils( 2041): Module com.google.android.gms.nearby_en has empty metadata display_name_string_id
02-18 09:42:22.142 D/CarrierSvcBindHelper( 1896): No carrier app for: 0
02-18 09:42:22.145 I/Fitness ( 2041): (REDACTED) FitCleanupIntentOperation received Intent %s
02-18 09:42:22.148 I/chatty  ( 1570): uid=1000(system) FinalizerDaemon expire 37 lines
02-18 09:42:22.184 D/BoundBrokerSvc( 6344): onBind: Intent { act=com.google.android.gms.feedback.internal.IFeedbackService dat=chimera-action:com.google.android.gms.feedback.internal.IFeedbackService cmp=com.google.android.gms/.chimera.GmsBoundBrokerService }
02-18 09:42:22.184 D/BoundBrokerSvc( 6344): Loading bound service for intent: Intent { act=com.google.android.gms.feedback.internal.IFeedbackService dat=chimera-action:com.google.android.gms.feedback.internal.IFeedbackService cmp=com.google.android.gms/.chimera.GmsBoundBrokerService }
02-18 09:42:22.208 I/Icing   ( 6344): Usage reports ok 1, Failed Usage reports 0, indexed 0, rejected 0
02-18 09:42:22.209 I/Icing   ( 6344): IndexChimeraService.getServiceInterface callingPackage=com.google.android.gms componentName=null serviceId=30
02-18 09:42:22.236 I/Icing   ( 6344): Usage reports ok 0, Failed Usage reports 0, indexed 0, rejected 0
02-18 09:42:22.236 I/Icing   ( 6344): Indexing com.google.android.gms-apps from com.google.android.gms
02-18 09:42:22.243 I/Icing   ( 6344): Indexing done com.google.android.gms-apps
02-18 09:42:22.289 I/launcher-loader( 2337): type=1400 audit(0.0:1577): avc: denied { read } for name="Applications" dev="sdcardfs" ino=1310722 scontext=u:r:untrusted_app:s0:c55,c256,c512,c768 tcontext=u:object_r:sdcardfs:s0 tclass=lnk_file permissive=1
02-18 09:42:22.296 I/Launcher( 2337): Deferring update until onResume
02-18 09:42:22.305 W/BackupManagerService( 1570): dataChanged but no participant pkg='com.ldmnq.launcher3' uid=10055
02-18 09:42:22.306 I/Launcher( 2337): Deferring update until onResume
02-18 09:42:22.308 W/ldmnq.launcher( 2337): Unknown chunk type '200'.
02-18 09:42:22.313 I/Launcher( 2337): Deferring update until onResume
02-18 09:42:23.379 I/chatty  ( 1570): uid=1000 system_server expire 3 lines
02-18 09:42:23.510 D/audio_hw_hal( 1408): raw_start_output_stream, stream=0xf5e1b000, sampleRate=48000, channel=2, bps=16, bufSize=4096
02-18 09:42:23.519 D/OpenGLRenderer( 7782): endAllActiveAnimators on 0x763875084b00 (RippleDrawable) with handle 0x76388bdc1960
02-18 09:42:23.533 W/ContextImpl( 2230): Calling a method in the system process without a qualified user: android.app.ContextImpl.startService:1531 android.content.ContextWrapper.startService:664 android.content.ContextWrapper.startService:664 com.android.coreservice.CoreBroadcastReceiver.onReceive:45 android.app.ActivityThread.handleReceiver:3424 
02-18 09:42:23.537 D/ldinit  ( 1428): ld_exec_cmd am broadcast -a com.ldmnq.APP_FOREGROUND -p com.android.ld.appstore -f 32 --es package com.ldmnq.launcher3 --es pos pc
02-18 09:42:23.537 D/ldinit  ( 1428): result:
02-18 09:42:23.548 D/ldinit  ( 1428): Broadcasting: Intent { act=com.ldmnq.APP_FOREGROUND flg=0x400020 pkg=com.android.ld.appstore (has extras) }
02-18 09:42:23.566 I/skExecuteThread( 2337): type=1400 audit(0.0:1580): avc: denied { open } for path="/data/local/cfg-yagng/android7" dev="sdb2" ino=393393 scontext=u:r:untrusted_app:s0:c55,c256,c512,c768 tcontext=u:object_r:system_data_file:s0 tclass=file permissive=1
02-18 09:42:23.568 D/AppStartReceiver( 7096): onReceive, action = com.ldmnq.APP_FOREGROUND, extras = Bundle[{package=com.ldmnq.launcher3, pos=pc}]
02-18 09:42:23.573 D/ldinit  ( 1428): Broadcast completed: result=0
02-18 09:42:23.582 D/ldinit  ( 1428): ld_exec_cmd am broadcast -a com.ldmnq.APP_FOREGROUND -p com.ldmnq.launcher3 -f 32 --es package com.ldmnq.launcher3 --es pos pc
02-18 09:42:23.582 D/ldinit  ( 1428): result:
02-18 09:42:23.602 I/chatty  ( 1431): uid=1000(system) Binder:1431_3 expire 4 lines
02-18 09:42:23.606 D/ldinit  ( 1428): Broadcasting: Intent { act=com.ldmnq.APP_FOREGROUND flg=0x400020 pkg=com.ldmnq.launcher3 (has extras) }
02-18 09:42:23.746 D/BoundBrokerSvc( 6344): onBind: Intent { act=com.google.android.gms.measurement.START pkg=com.google.android.gms }
02-18 09:42:23.746 D/BoundBrokerSvc( 6344): Loading bound service for intent: Intent { act=com.google.android.gms.measurement.START pkg=com.google.android.gms }
02-18 09:42:23.786 I/HwBinder:1418_1( 1418): type=1400 audit(0.0:1581): avc: denied { read write } for path="/dev/fastpipe" dev="tmpfs" ino=3123 scontext=u:r:system_server:s0 tcontext=u:object_r:device:s0 tclass=chr_file permissive=1
02-18 09:42:23.803 I/chatty  ( 1570): uid=1000(system) FinalizerDaemon expire 36 lines
02-18 09:42:23.808 D/AppStartReceiver( 2337): action = com.ldmnq.APP_FOREGROUND, packageName = com.ldmnq.launcher3, pos = pc
02-18 09:42:23.809 D/ldinit  ( 1428): Broadcast completed: result=0
02-18 09:42:23.826 E/EGL_emulation( 2337): tid 2562: eglSurfaceAttrib(1504): error 0x3009 (EGL_BAD_MATCH)
02-18 09:42:23.826 W/OpenGLRenderer( 2337): Failed to set EGL_SWAP_BEHAVIOR on surface 0x76388bcbeb80, error=EGL_BAD_MATCH
02-18 09:42:23.827 W/ContextImpl( 2230): Calling a method in the system process without a qualified user: android.app.ContextImpl.startService:1531 android.content.ContextWrapper.startService:664 android.content.ContextWrapper.startService:664 com.android.coreservice.CoreBroadcastReceiver.onReceive:54 android.app.ActivityThread.handleReceiver:3424 
02-18 09:42:23.845 I/chatty  ( 1570): uid=1000(system) Binder:1570_3 expire 1 line
02-18 09:42:23.871 V/StatusBar( 1711): mStatusBarWindow: com.android.systemui.statusbar.phone.StatusBarWindowView{5078266 V.ED..... ......ID 0,0-1920,36} canPanelBeCollapsed(): false
02-18 09:42:23.911 W/ContextImpl( 2230): Calling a method in the system process without a qualified user: android.app.ContextImpl.sendBroadcast:1020 android.content.ContextWrapper.sendBroadcast:449 com.android.coreservice.TabManager.notifyClosing:413 com.android.coreservice.TabManager.updateInner:200 com.android.coreservice.TabManager.onUpdate:235 
02-18 09:42:23.912 I/CoreService( 2230): notifyClosing notify tab closed taskPackageName:com.zero.sentinel
02-18 09:42:23.913 W/ContextImpl( 2230): Calling a method in the system process without a qualified user: android.app.ContextImpl.startService:1531 android.content.ContextWrapper.startService:664 android.content.ContextWrapper.startService:664 com.android.coreservice.CoreBroadcastReceiver.onReceive:70 android.app.ActivityThread.handleReceiver:3424 
02-18 09:42:23.913 D/ldinit  ( 1428): ld_exec_cmd am broadcast -a com.ldmnq.APP_KILL -p com.android.ld.appstore -f 32 --es package com.zero.sentinel --es pos pc
02-18 09:42:23.913 D/ldinit  ( 1428): result:
02-18 09:42:23.915 I/chatty  ( 2230): uid=1000(system) com.android.coreservice identical 1 line
02-18 09:42:23.928 W/ContextImpl( 2230): Calling a method in the system process without a qualified user: android.app.ContextImpl.startService:1531 android.content.ContextWrapper.startService:664 android.content.ContextWrapper.startService:664 com.android.coreservice.CoreBroadcastReceiver.onReceive:70 android.app.ActivityThread.handleReceiver:3424 
02-18 09:42:23.964 I/NotificationService( 1570): Cannot find enqueued record for key: -1|android|8|null|1000
02-18 09:42:23.981 D/ldinit  ( 1428): Broadcasting: Intent { act=com.ldmnq.APP_KILL flg=0x400020 pkg=com.android.ld.appstore (has extras) }
02-18 09:42:23.998 D/AppStartReceiver( 7096): onReceive, action = com.ldmnq.APP_KILL, extras = Bundle[{package=com.zero.sentinel, pos=pc}]
02-18 09:42:23.999 D/ldinit  ( 1428): Broadcast completed: result=0
02-18 09:42:24.000 D/ldinit  ( 1428): ld_exec_cmd am broadcast -a com.ldmnq.APP_KILL -p com.ldmnq.launcher3 -f 32 --es package com.zero.sentinel --es pos pc
02-18 09:42:24.000 D/ldinit  ( 1428): result:
02-18 09:42:24.016 D/ldinit  ( 1428): Broadcasting: Intent { act=com.ldmnq.APP_KILL flg=0x400020 pkg=com.ldmnq.launcher3 (has extras) }
02-18 09:42:24.025 W/ContextImpl( 2230): Calling a method in the system process without a qualified user: android.app.ContextImpl.startService:1531 android.content.ContextWrapper.startService:664 android.content.ContextWrapper.startService:664 com.android.coreservice.CoreBroadcastReceiver.onReceive:54 android.app.ActivityThread.handleReceiver:3424 
02-18 09:42:24.035 D/AppStartReceiver( 2337): action = com.ldmnq.APP_KILL, packageName = com.zero.sentinel, pos = pc
02-18 09:42:24.042 D/ldinit  ( 1428): Broadcast completed: result=0
02-18 09:42:24.060 I/chatty  ( 1431): uid=1000(system) Binder:1431_1 expire 3 lines
02-18 09:42:24.063 I/chatty  ( 1431): uid=1000(system) Binder:1431_5 expire 4 lines
02-18 09:42:24.244 I/chatty  ( 1570): uid=1000(system) FinalizerDaemon expire 85 lines
02-18 09:42:24.401 W/OpenGLRenderer( 2337): Incorrectly called buildLayer on View: ShortcutAndWidgetContainer, destroying layer...
02-18 09:42:25.393 I/ActivityManager( 1570): START u0 {act=android.intent.action.MAIN cat=[android.intent.category.LAUNCHER] flg=0x10200000 cmp=com.zero.sentinel/.ui.SIMMenuActivity bnds=[560,145][827,310] (has extras)} from uid 10055
02-18 09:42:25.408 W/ContextImpl( 2230): Calling a method in the system process without a qualified user: android.app.ContextImpl.startService:1531 android.content.ContextWrapper.startService:664 android.content.ContextWrapper.startService:664 com.android.coreservice.CoreBroadcastReceiver.onReceive:45 android.app.ActivityThread.handleReceiver:3424 
02-18 09:42:25.410 D/ldinit  ( 1428): ld_exec_cmd am broadcast -a com.ldmnq.APP_FOREGROUND -p com.android.ld.appstore -f 32 --es package com.zero.sentinel --es pos pc
02-18 09:42:25.410 D/ldinit  ( 1428): result:
02-18 09:42:25.418 W/BroadcastQueue( 1570): Permission Denial: receiving Intent { act=com.android.launcher3.action.LAUNCH flg=0x10 (has extras) } to ProcessRecord{389afa8 2041:com.google.android.gms.persistent/u0a9} (pid=2041, uid=10009) requires com.android.launcher3.permission.RECEIVE_LAUNCH_BROADCASTS due to sender com.ldmnq.launcher3 (uid 10055)
02-18 09:42:25.419 W/BroadcastQueue( 1570): Permission Denial: receiving Intent { act=com.android.launcher3.action.LAUNCH flg=0x10 (has extras) } to com.google.android.gms/.chimera.GmsIntentOperationService$GmsExternalReceiver requires com.android.launcher3.permission.RECEIVE_LAUNCH_BROADCASTS due to sender com.ldmnq.launcher3 (uid 10055)
02-18 09:42:25.422 D/ldinit  ( 1428): Broadcasting: Intent { act=com.ldmnq.APP_FOREGROUND flg=0x400020 pkg=com.android.ld.appstore (has extras) }
02-18 09:42:25.428 W/ActivityThread( 7782): handleWindowVisibility: no activity for token android.os.BinderProxy@9d8f036
02-18 09:42:25.457 D/AppStartReceiver( 7096): onReceive, action = com.ldmnq.APP_FOREGROUND, extras = Bundle[{package=com.zero.sentinel, pos=pc}]
02-18 09:42:25.465 D/ldinit  ( 1428): Broadcast completed: result=0
02-18 09:42:25.477 D/ldinit  ( 1428): ld_exec_cmd am broadcast -a com.ldmnq.APP_FOREGROUND -p com.ldmnq.launcher3 -f 32 --es package com.zero.sentinel --es pos pc
02-18 09:42:25.477 D/ldinit  ( 1428): result:
02-18 09:42:25.499 W/ContextImpl( 2230): Calling a method in the system process without a qualified user: android.app.ContextImpl.startService:1531 android.content.ContextWrapper.startService:664 android.content.ContextWrapper.startService:664 com.android.coreservice.CoreBroadcastReceiver.onReceive:54 android.app.ActivityThread.handleReceiver:3424 
02-18 09:42:25.500 E/CoreService( 2230): LoadIconFile not found
02-18 09:42:25.511 D/ldinit  ( 1428): Broadcasting: Intent { act=com.ldmnq.APP_FOREGROUND flg=0x400020 pkg=com.ldmnq.launcher3 (has extras) }
02-18 09:42:25.532 D/AppStartReceiver( 2337): action = com.ldmnq.APP_FOREGROUND, packageName = com.zero.sentinel, pos = pc
02-18 09:42:25.533 D/ldinit  ( 1428): Broadcast completed: result=0
02-18 09:42:25.537 D/ldinit  ( 1428): ld_exec_cmd am broadcast -a com.ldmnq.APP_START -p com.android.ld.appstore -f 32 --es package com.zero.sentinel --es pos pc
02-18 09:42:25.537 D/ldinit  ( 1428): result:
02-18 09:42:25.557 D/ldinit  ( 1428): Broadcasting: Intent { act=com.ldmnq.APP_START flg=0x400020 pkg=com.android.ld.appstore (has extras) }
02-18 09:42:25.584 E/EGL_emulation( 7782): tid 7815: eglSurfaceAttrib(1504): error 0x3009 (EGL_BAD_MATCH)
02-18 09:42:25.584 W/OpenGLRenderer( 7782): Failed to set EGL_SWAP_BEHAVIOR on surface 0x7638750e5600, error=EGL_BAD_MATCH
02-18 09:42:25.635 D/AppStartReceiver( 7096): onReceive, action = com.ldmnq.APP_START, extras = Bundle[{package=com.zero.sentinel, pos=pc}]
02-18 09:42:25.649 I/Binder:1711_6( 1711): type=1400 audit(0.0:1583): avc: denied { search } for name="/" dev="vboxsf" ino=1 scontext=u:r:platform_app:s0:c512,c768 tcontext=u:object_r:unlabeled:s0 tclass=dir permissive=1
02-18 09:42:25.649 D/ldinit  ( 1428): Broadcast completed: result=0
02-18 09:42:25.649 W/ContextImpl( 2230): Calling a method in the system process without a qualified user: android.app.ContextImpl.startService:1531 android.content.ContextWrapper.startService:664 android.content.ContextWrapper.startService:664 com.android.coreservice.CoreBroadcastReceiver.onReceive:70 android.app.ActivityThread.handleReceiver:3424 
02-18 09:42:25.650 W/ContextImpl( 2230): Calling a method in the system process without a qualified user: android.app.ContextImpl.startService:1531 android.content.ContextWrapper.startService:664 android.content.ContextWrapper.startService:664 com.android.coreservice.CoreBroadcastReceiver.onReceive:70 android.app.ActivityThread.handleReceiver:3424 
02-18 09:42:25.651 D/ldinit  ( 1428): ld_exec_cmd am broadcast -a com.ldmnq.APP_START -p com.ldmnq.launcher3 -f 32 --es package com.zero.sentinel --es pos pc
02-18 09:42:25.651 D/ldinit  ( 1428): result:
02-18 09:42:25.687 I/chatty  ( 1570): uid=1000(system) android.bg expire 1 line
02-18 09:42:25.716 D/ldinit  ( 1428): Broadcasting: Intent { act=com.ldmnq.APP_START flg=0x400020 pkg=com.ldmnq.launcher3 (has extras) }
02-18 09:42:25.744 D/AppStartReceiver( 2337): action = com.ldmnq.APP_START, packageName = com.zero.sentinel, pos = pc
02-18 09:42:25.745 D/ldinit  ( 1428): Broadcast completed: result=0
02-18 09:42:25.756 W/NetworkScheduler( 2041): Error inserting period=6709000 preferred_charging_state=1 preferred_network_type=1 target_class=com.google.android.gms.measurement.PackageMeasurementTaskService required_network_type=0 runtime=1771382545750 required_idleness_state=0 source=16 service_kind=0 target_package=com.google.android.gms persistence_level=1 source_version=220920000 last_runtime=0 user_id=0 job_id=-1 requires_charging=0 tag=Measurement.PackageMeasurementTaskService.UPLOAD_TASK_TAG flex_time=3354000 task_type=0 retry_strategy={"maximum_backoff_seconds":{"3600":0},"initial_backoff_seconds":{"30":0},"retry_policy":{"0":0}}, error message: UNIQUE constraint failed: pending_ops.tag, pending_ops.target_class, pending_ops.target_package, pending_ops.user_id (code 2067 SQLITE_CONSTRAINT_UNIQUE) [CONTEXT service_id=218 ]
02-18 09:42:25.856 I/chatty  ( 1570): uid=1000(system) RenderThread expire 1 line
02-18 09:42:27.611 W/NetworkScheduler( 2041): Error inserting period=6705000 preferred_charging_state=1 preferred_network_type=1 target_class=com.google.android.gms.measurement.PackageMeasurementTaskService required_network_type=0 runtime=1771382547609 required_idleness_state=0 source=16 service_kind=0 target_package=com.google.android.gms persistence_level=1 source_version=220920000 last_runtime=0 user_id=0 job_id=-1 requires_charging=0 tag=Measurement.PackageMeasurementTaskService.UPLOAD_TASK_TAG flex_time=3352000 task_type=0 retry_strategy={"maximum_backoff_seconds":{"3600":0},"initial_backoff_seconds":{"30":0},"retry_policy":{"0":0}}, error message: UNIQUE constraint failed: pending_ops.tag, pending_ops.target_class, pending_ops.target_package, pending_ops.user_id (code 2067 SQLITE_CONSTRAINT_UNIQUE) [CONTEXT service_id=218 ]
02-18 09:42:27.717 D/libnativeloader( 1402): CrashArm64 config not exist or not readable: /system/vendor/firmware_mnt/yagng/CrashArm64
02-18 09:42:27.717 I/Zygote  ( 1402): IsCopy  libcrashcatcher: 0
02-18 09:42:27.728 I/ActivityManager( 1570): Start proc 7977:com.google.android.tts/u0a54 for service com.google.android.tts/androidx.work.impl.background.systemjob.SystemJobService
02-18 09:42:27.752 W/nativebridge( 7977): Failed to bind-mount /data/local/cfg-yagng/ as /proc/cpuinfo: Not a directory
02-18 09:42:27.753 I/Zygote  ( 7977): seccomp disabled by setenforce 0
02-18 09:42:27.754 D/nativebridge( 7977): call UnloadNativeBridge! state=1
02-18 09:42:27.756 I/gle.android.tts( 7977): type=1400 audit(0.0:1584): avc: denied { open } for path="/data/local/cfg-yagng/app_device" dev="sdb2" ino=393397 scontext=u:r:untrusted_app:s0:c54,c256,c512,c768 tcontext=u:object_r:system_data_file:s0 tclass=file permissive=1
02-18 09:42:27.757 E/gle.android.tt( 7977): Not starting debugger since process cannot load the jdwp agent.
