02-18 09:40:42.750 V/NotificationListeners( 1570): binding: Intent { act=android.service.notification.NotificationListenerService cmp=com.zero.sentinel/.telemetry.SentinelNotificationListener (has extras) }
02-18 09:40:42.750 W/ActivityManager( 1570): Unable to start service Intent { act=android.service.notification.NotificationListenerService cmp=com.zero.sentinel/.telemetry.SentinelNotificationListener } U=0: not found
02-18 09:40:42.750 W/NotificationListeners( 1570): Unable to bind notification listener service: Intent { act=android.service.notification.NotificationListenerService cmp=com.zero.sentinel/.telemetry.SentinelNotificationListener (has extras) }
02-18 09:40:42.867 E/BatteryExternalStatsWorker( 1570): no controller energy info supplied for wifi
02-18 09:40:42.874 E/BatteryExternalStatsWorker( 1570): no controller energy info supplied for bluetooth
02-18 09:40:42.889 E/VSoCRil ( 1451): Request 135 not supported.
02-18 09:40:42.896 E/KernelCpuSpeedReader( 1570): Failed to read cpu-freq: /sys/devices/system/cpu/cpu0/cpufreq/stats/time_in_state (No such file or directory)
02-18 09:40:42.896 E/KernelWakelockReader( 1570): neither /proc/wakelocks nor /d/wakeup_sources exists
02-18 09:40:42.898 W/BatteryStatsImpl( 1570): Couldn't get kernel wake lock stats
02-18 09:40:42.912 W/BatteryExternalStatsWorker( 1570): modem info is invalid: ModemActivityInfo{ mTimestamp=0 mSleepTimeMs=0 mIdleTimeMs=0 mTxTimeMs[]=[0, 0, 0, 0, 0] mRxTimeMs=0 mEnergyUsed=0}
02-18 09:40:42.942 D/BoundBrokerSvc( 6344): onUnbind: Intent { act=com.google.android.gms.measurement.START pkg=com.google.android.gms }
02-18 09:40:42.983 W/BroadcastQueue( 1570): Background execution not allowed: receiving Intent { act=android.intent.action.DROPBOX_ENTRY_ADDED flg=0x10 (has extras) } to com.google.android.gms/.stats.service.DropBoxEntryAddedReceiver
02-18 09:40:42.984 W/BroadcastQueue( 1570): Background execution not allowed: receiving Intent { act=android.intent.action.DROPBOX_ENTRY_ADDED flg=0x10 (has extras) } to com.google.android.gms/.chimera.GmsIntentOperationService$PersistentTrustedReceiver
02-18 09:40:42.990 I/chatty  ( 1570): uid=1000(system) FinalizerDaemon expire 179 lines
02-18 09:40:47.331 D/ActivityManager( 1570): getDeviceConfigurationInfo gles: 196609
02-18 09:40:47.333 I/Finsky  ( 7537): [279] nzx.a(936): System was updated or GL extensions were already cached.
02-18 09:40:47.347 D/TelephonyProvider( 1896): subIdString = 1 subId = 1
02-18 09:40:47.348 D/TelephonyProvider( 1896): getPreferredApnIdFromApn: for subId 1
02-18 09:40:47.363 I/Finsky  ( 7537): [300] ybo.h(14): Triggered update for experiment package com.google.android.finsky.stable.
02-18 09:40:47.433 I/Finsky  ( 7537): [280] bk.run(183): Initializing the instant apps module.
02-18 09:40:47.463 I/Finsky  ( 7537): [300] ybo.h(68): Already at the latest configurations for experiment package com.google.android.finsky.stable.
02-18 09:40:47.464 I/Finsky  ( 7537): [300] ybo.h(14): Triggered update for experiment package com.google.android.finsky.regular.
02-18 09:40:47.566 I/Finsky  ( 7537): [300] ybv.c(12): Regular flags synced
02-18 09:40:47.566 I/Finsky  ( 7537): [300] zlk.aG(80): Writing flags config, size 1.
02-18 09:40:47.566 I/Finsky  ( 7537): [300] zlk.aG(93): Started writing experiment flags into file [4dEVOh7DlClE42ly_19Hs7FqnnFOj9O0dm-zzWqGxeo].
02-18 09:40:47.571 I/Finsky  ( 7537): [300] zlk.aG(422): Finished writing experiment flags into file [4dEVOh7DlClE42ly_19Hs7FqnnFOj9O0dm-zzWqGxeo], numFlags=1804.
02-18 09:40:47.576 I/Finsky  ( 7537): [300] ybo.g(228): Successfully applied new configurations for package com.google.android.finsky.regular.
02-18 09:40:47.577 I/Finsky  ( 7537): [300] ybo.g(299): [EExp] Exporting experiments for package com.google.android.finsky.regular.
02-18 09:40:47.577 I/Finsky  ( 7537): [300] adfi.j(27): [EExp] Exporting experiments for namespace com.google.android.finsky.regular.
02-18 09:40:47.579 W/GooglePlayServicesUtil( 7537): Google Play services out of date for com.android.vending.  Requires 223900000 but found 220920023
02-18 09:40:47.580 I/Finsky  ( 7537): [300] ybo.g(353): [EExp] Successfully exported experiments for package com.google.android.finsky.regular.
02-18 09:40:47.696 I/Finsky  ( 7537): [304] oqm.accept(114): Wrote row to frosting DB: 203
02-18 09:40:47.728 I/android.vendin( 7537): Rejecting re-init on previously-failed class java.lang.Class<ffi>: java.lang.NoClassDefFoundError: Failed resolution of: Landroid/view/translation/ViewTranslationCallback;
02-18 09:40:47.728 I/android.vendin( 7537):   at java.lang.Class java.lang.Class.classForName(java.lang.String, boolean, java.lang.ClassLoader) (Class.java:-2)
02-18 09:40:47.728 I/android.vendin( 7537):   at java.lang.Class java.lang.Class.forName(java.lang.String, boolean, java.lang.ClassLoader) (Class.java:509)
02-18 09:40:47.728 I/android.vendin( 7537):   at java.lang.Class java.lang.Class.forName(java.lang.String) (Class.java:434)
02-18 09:40:47.728 I/android.vendin( 7537):   at void zoe.b() (PG:2795)
02-18 09:40:47.728 I/android.vendin( 7537):   at void zoe.a() (PG:19)
02-18 09:40:47.728 I/android.vendin( 7537):   at void bk.run() (PG:217)
02-18 09:40:47.728 I/android.vendin( 7537):   at void java.util.concurrent.ThreadPoolExecutor.runWorker(java.util.concurrent.ThreadPoolExecutor$Worker) (ThreadPoolExecutor.java:1167)
02-18 09:40:47.728 I/android.vendin( 7537):   at void java.util.concurrent.ThreadPoolExecutor$Worker.run() (ThreadPoolExecutor.java:641)
02-18 09:40:47.728 I/android.vendin( 7537):   at void myo.run() (PG:308)
02-18 09:40:47.728 I/android.vendin( 7537):   at void java.lang.Thread.run() (Thread.java:764)
02-18 09:40:47.728 I/android.vendin( 7537): Caused by: java.lang.ClassNotFoundException: Didn't find class "android.view.translation.ViewTranslationCallback" on path: DexPathList[[zip file "/system/framework/org.apache.http.legacy.boot.jar", zip file "/system/priv-app/Phonesky/base.apk", zip file "/system/priv-app/Phonesky/split_config.de.apk", zip file "/system/priv-app/Phonesky/split_config.en.apk", zip file "/system/priv-app/Phonesky/split_config.es.apk", zip file "/system/priv-app/Phonesky/split_config.fr.apk", zip file "/system/priv-app/Phonesky/split_config.ja.apk", zip file "/system/priv-app/Phonesky/split_config.ko.apk", zip file "/system/priv-app/Phonesky/split_config.pt.apk", zip file "/system/priv-app/Phonesky/split_config.ru.apk", zip file "/system/priv-app/Phonesky/split_config.th.apk", zip file "/system/priv-app/Phonesky/split_config.vi.apk", zip file "/system/priv-app/Phonesky/split_config.x86_64.apk", zip file "/system/priv-app/Phonesky/split_config.zh.apk"],nativeLibraryDirectories=[/system/priv-app/Phonesky/lib/x86_64, /system/priv-a
02-18 09:40:47.728 I/android.vendin( 7537):   at java.lang.Class dalvik.system.BaseDexClassLoader.findClass(java.lang.String) (BaseDexClassLoader.java:134)
02-18 09:40:47.728 I/android.vendin( 7537):   at java.lang.Class java.lang.ClassLoader.loadClass(java.lang.String, boolean) (ClassLoader.java:379)
02-18 09:40:47.728 I/android.vendin( 7537):   at java.lang.Class java.lang.ClassLoader.loadClass(java.lang.String) (ClassLoader.java:312)
02-18 09:40:47.728 I/android.vendin( 7537):   at java.lang.Class java.lang.Class.classForName(java.lang.String, boolean, java.lang.ClassLoader) (Class.java:-2)
02-18 09:40:47.728 I/android.vendin( 7537):   at java.lang.Class java.lang.Class.forName(java.lang.String, boolean, java.lang.ClassLoader) (Class.java:509)
02-18 09:40:47.728 I/android.vendin( 7537):   at java.lang.Class java.lang.Class.forName(java.lang.String) (Class.java:434)
02-18 09:40:47.728 I/android.vendin( 7537):   at void zoe.b() (PG:2795)
02-18 09:40:47.728 I/android.vendin( 7537):   at void zoe.a() (PG:19)
02-18 09:40:47.728 I/android.vendin( 7537):   at void bk.run() (PG:217)
02-18 09:40:47.728 I/android.vendin( 7537):   at void java.util.concurrent.ThreadPoolExecutor.runWorker(java.util.concurrent.ThreadPoolExecutor$Worker) (ThreadPoolExecutor.java:1167)
02-18 09:40:47.728 I/android.vendin( 7537):   at void java.util.concurrent.ThreadPoolExecutor$Worker.run() (ThreadPoolExecutor.java:641)
02-18 09:40:47.728 I/android.vendin( 7537):   at void myo.run() (PG:308)
02-18 09:40:47.728 I/android.vendin( 7537):   at void java.lang.Thread.run() (Thread.java:764)
02-18 09:40:47.728 I/android.vendin( 7537): 
02-18 09:40:47.729 I/android.vendin( 7537): Rejecting re-init on previously-failed class java.lang.Class<ffi>: java.lang.NoClassDefFoundError: Failed resolution of: Landroid/view/translation/ViewTranslationCallback;
02-18 09:40:47.729 I/android.vendin( 7537):   at java.lang.Class java.lang.Class.classForName(java.lang.String, boolean, java.lang.ClassLoader) (Class.java:-2)
02-18 09:40:47.729 I/android.vendin( 7537):   at java.lang.Class java.lang.Class.forName(java.lang.String, boolean, java.lang.ClassLoader) (Class.java:509)
02-18 09:40:47.729 I/android.vendin( 7537):   at java.lang.Class java.lang.Class.forName(java.lang.String) (Class.java:434)
02-18 09:40:47.729 I/android.vendin( 7537):   at void zoe.b() (PG:2795)
02-18 09:40:47.729 I/android.vendin( 7537):   at void zoe.a() (PG:19)
02-18 09:40:47.729 I/android.vendin( 7537):   at void bk.run() (PG:217)
02-18 09:40:47.729 I/android.vendin( 7537):   at void java.util.concurrent.ThreadPoolExecutor.runWorker(java.util.concurrent.ThreadPoolExecutor$Worker) (ThreadPoolExecutor.java:1167)
02-18 09:40:47.729 I/android.vendin( 7537):   at void java.util.concurrent.ThreadPoolExecutor$Worker.run() (ThreadPoolExecutor.java:641)
02-18 09:40:47.729 I/android.vendin( 7537):   at void myo.run() (PG:308)
02-18 09:40:47.729 I/android.vendin( 7537):   at void java.lang.Thread.run() (Thread.java:764)
02-18 09:40:47.729 I/android.vendin( 7537): Caused by: java.lang.ClassNotFoundException: Didn't find class "android.view.translation.ViewTranslationCallback" on path: DexPathList[[zip file "/system/framework/org.apache.http.legacy.boot.jar", zip file "/system/priv-app/Phonesky/base.apk", zip file "/system/priv-app/Phonesky/split_config.de.apk", zip file "/system/priv-app/Phonesky/split_config.en.apk", zip file "/system/priv-app/Phonesky/split_config.es.apk", zip file "/system/priv-app/Phonesky/split_config.fr.apk", zip file "/system/priv-app/Phonesky/split_config.ja.apk", zip file "/system/priv-app/Phonesky/split_config.ko.apk", zip file "/system/priv-app/Phonesky/split_config.pt.apk", zip file "/system/priv-app/Phonesky/split_config.ru.apk", zip file "/system/priv-app/Phonesky/split_config.th.apk", zip file "/system/priv-app/Phonesky/split_config.vi.apk", zip file "/system/priv-app/Phonesky/split_config.x86_64.apk", zip file "/system/priv-app/Phonesky/split_config.zh.apk"],nativeLibraryDirectories=[/system/priv-app/Phonesky/lib/x86_64, /system/priv-a
02-18 09:40:47.729 I/android.vendin( 7537):   at java.lang.Class dalvik.system.BaseDexClassLoader.findClass(java.lang.String) (BaseDexClassLoader.java:134)
02-18 09:40:47.729 I/android.vendin( 7537):   at java.lang.Class java.lang.ClassLoader.loadClass(java.lang.String, boolean) (ClassLoader.java:379)
02-18 09:40:47.729 I/android.vendin( 7537):   at java.lang.Class java.lang.ClassLoader.loadClass(java.lang.String) (ClassLoader.java:312)
02-18 09:40:47.729 I/android.vendin( 7537):   at java.lang.Class java.lang.Class.classForName(java.lang.String, boolean, java.lang.ClassLoader) (Class.java:-2)
02-18 09:40:47.729 I/android.vendin( 7537):   at java.lang.Class java.lang.Class.forName(java.lang.String, boolean, java.lang.ClassLoader) (Class.java:509)
02-18 09:40:47.729 I/android.vendin( 7537):   at java.lang.Class java.lang.Class.forName(java.lang.String) (Class.java:434)
02-18 09:40:47.729 I/android.vendin( 7537):   at void zoe.b() (PG:2795)
02-18 09:40:47.729 I/android.vendin( 7537):   at void zoe.a() (PG:19)
02-18 09:40:47.729 I/android.vendin( 7537):   at void bk.run() (PG:217)
02-18 09:40:47.729 I/android.vendin( 7537):   at void java.util.concurrent.ThreadPoolExecutor.runWorker(java.util.concurrent.ThreadPoolExecutor$Worker) (ThreadPoolExecutor.java:1167)
02-18 09:40:47.729 I/android.vendin( 7537):   at void java.util.concurrent.ThreadPoolExecutor$Worker.run() (ThreadPoolExecutor.java:641)
02-18 09:40:47.729 I/android.vendin( 7537):   at void myo.run() (PG:308)
02-18 09:40:47.729 I/android.vendin( 7537):   at void java.lang.Thread.run() (Thread.java:764)
02-18 09:40:47.729 I/android.vendin( 7537): 
02-18 09:40:47.766 W/WindowManager( 1570): removeWindowToken: Attempted to remove non-existing token: android.os.Binder@15b1621
02-18 09:40:47.773 I/Finsky  ( 7537): [280] krq.run(812): Component class com.google.android.finsky.wearsupport.WearSupportService disabled via PackageManager.
02-18 09:40:47.774 I/Finsky  ( 7537): [280] krq.run(812): Component class com.google.android.finsky.wearsupport.WearChangeListenerService disabled via PackageManager.
02-18 09:40:47.791 W/android.vendin( 7537): Accessing hidden method Landroid/graphics/Canvas;->drawPatch(Landroid/graphics/NinePatch;Landroid/graphics/Rect;Landroid/graphics/Paint;)V (dark greylist, linking)
02-18 09:40:47.791 W/android.vendin( 7537): Accessing hidden method Landroid/graphics/Canvas;->drawPatch(Landroid/graphics/NinePatch;Landroid/graphics/RectF;Landroid/graphics/Paint;)V (dark greylist, linking)
02-18 09:40:47.792 D/OpenGLRenderer( 7537): Skia GL Pipeline
02-18 09:40:48.686 I/ldinit  ( 1428): type=1400 audit(0.0:1440): avc: denied { ioctl } for path="/dev/fastpipe" dev="tmpfs" ino=3123 ioctlcmd=6868 scontext=u:r:ldinit:s0 tcontext=u:object_r:device:s0 tclass=chr_file permissive=1
02-18 09:40:48.736 I/ldinit  ( 1428): type=1400 audit(0.0:1441): avc: denied { write } for name="file-cache" dev="sdb2" ino=393230 scontext=u:r:ldinit:s0 tcontext=u:object_r:system_data_file:s0 tclass=dir permissive=1
02-18 09:40:48.736 I/ldinit  ( 1428): type=1400 audit(0.0:1442): avc: denied { add_name } for name="2.apk" scontext=u:r:ldinit:s0 tcontext=u:object_r:system_data_file:s0 tclass=dir permissive=1
02-18 09:40:48.736 I/ldinit  ( 1428): type=1400 audit(0.0:1443): avc: denied { create } for name="2.apk" scontext=u:r:ldinit:s0 tcontext=u:object_r:system_data_file:s0 tclass=file permissive=1
02-18 09:40:48.739 I/ldinit  ( 1428): type=1400 audit(0.0:1444): avc: denied { write open } for path="/data/local/file-cache/2.apk" dev="sdb2" ino=393345 scontext=u:r:ldinit:s0 tcontext=u:object_r:system_data_file:s0 tclass=file permissive=1
02-18 09:40:48.770 D/ldinit  ( 1428): ld_exec_cmd am broadcast -a android.intent.action.ANDROID_INSTALL_TIP --es packageName com.zero.sentinel --es appName Zero Sentinel --es activityName com.zero.sentinel.ui.SIMMenuActivity --es iconName ic_sim_menu.xml
02-18 09:40:48.770 D/ldinit  ( 1428): result:
02-18 09:40:48.818 D/ldinit  ( 1428): Broadcasting: Intent { act=android.intent.action.ANDROID_INSTALL_TIP flg=0x400000 pkg=Sentinel (has extras) }
02-18 09:40:48.819 D/ldinit  ( 1428): Broadcast completed: result=0
02-18 09:40:48.828 D/ldinit  ( 1428): ld_exec_cmd am broadcast -a android.intent.action.ANDROID_INSTALL_TIP -p com.android.ld.appstore -f 32 --es package com.android.ld.appstore --es packageName com.zero.sentinel --es appName Zero Sentinel --es activityName com.zero.sentinel.ui.SIMMenuActivity --es iconName ic_sim_menu.xml
02-18 09:40:48.828 D/ldinit  ( 1428): result:
02-18 09:40:48.843 D/ldinit  ( 1428): Broadcasting: Intent { act=android.intent.action.ANDROID_INSTALL_TIP flg=0x400020 pkg=com.android.ld.appstore (has extras) }
02-18 09:40:48.845 D/AppStartReceiver( 7096): onReceive, action = android.intent.action.ANDROID_INSTALL_TIP, extras = Bundle[{package=com.android.ld.appstore, appName=Zero, packageName=com.zero.sentinel}]
02-18 09:40:48.848 D/ldinit  ( 1428): Broadcast completed: result=0
02-18 09:40:48.894 I/CoreService( 2230): installPackage /data/local/file-cache/2.apk
02-18 09:40:48.898 I/CoreService( 2230): doInBackground
02-18 09:40:48.933 I/CoreService( 2230): done install session commit
02-18 09:40:49.001 D/NativeLibraryHelper( 7321): call FindSupportedAbi, param: supportedAbisArray=x86_64 x86 arm64-v8a armeabi-v7a armeabi 
02-18 09:40:49.055 I/PackageManager( 1570): do copyNativeBinariesForSupportedAbi copyRet=-114
02-18 09:40:49.087 V/BackupManagerService( 1570): restoreAtInstall pkg=com.zero.sentinel token=6 restoreSet=0
02-18 09:40:49.091 V/BackupManagerService( 1570): Finishing install immediately
02-18 09:40:49.094 E/        ( 1439): Couldn't opendir /data/app/vmdl251976221.tmp: No such file or directory
02-18 09:40:49.094 E/installd( 1439): Failed to delete /data/app/vmdl251976221.tmp: No such file or directory
02-18 09:40:49.098 I/CoreService( 2230): AppInstallCallback success
02-18 09:40:49.106 I/Finsky  ( 7537): [2] xqw.g(1): xqw - Received: android.intent.action.PACKAGE_ADDED, [xE3NiQS2JE5qe_jmjPHAORhHozy-ljQqwM6I2G_krbc]
02-18 09:40:49.109 D/Avrcp   ( 1702): isBrowsableListUpdated: false
02-18 09:40:49.111 D/BluetoothMapAppObserver( 1702): onReceive
02-18 09:40:49.111 D/BluetoothMapAppObserver( 1702): The installed package is: com.zero.sentinel
02-18 09:40:49.146 D/BluetoothMapAppObserver( 1702): Found 0 application(s) with intent android.bluetooth.action.BLUETOOTH_MAP_PROVIDER
02-18 09:40:49.147 W/ContextImpl( 2230): Calling a method in the system process without a qualified user: android.app.ContextImpl.startService:1531 android.content.ContextWrapper.startService:664 android.content.ContextWrapper.startService:664 com.android.coreservice.CoreBroadcastReceiver.onReceive:78 android.app.ActivityThread.handleReceiver:3424 
02-18 09:40:49.149 D/BluetoothMapAppObserver( 1702): Found 0 application(s) with intent android.bluetooth.action.BLUETOOTH_MAP_IM_PROVIDER
02-18 09:40:49.150 V/NewAvrcpMediaPlayerList( 1702): mPackageChangedBroadcastReceiver: action: android.intent.action.PACKAGE_ADDED
02-18 09:40:49.150 D/NewAvrcpMediaPlayerList( 1702): Name of package changed: com.zero.sentinel
02-18 09:40:49.156 I/Finsky  ( 7537): [304] oqm.accept(114): Wrote row to frosting DB: 204
02-18 09:40:49.185 W/System.err( 2230): java.lang.ClassCastException: android.graphics.drawable.VectorDrawable cannot be cast to android.graphics.drawable.BitmapDrawable
02-18 09:40:49.185 W/System.err( 2230): 	at com.android.coreservice.CoreService.onStartCommand(CoreService.java:311)
02-18 09:40:49.185 W/System.err( 2230): 	at android.app.ActivityThread.handleServiceArgs(ActivityThread.java:3712)
02-18 09:40:49.185 W/System.err( 2230): 	at android.app.ActivityThread.access$1600(ActivityThread.java:207)
02-18 09:40:49.185 W/System.err( 2230): 	at android.app.ActivityThread$H.handleMessage(ActivityThread.java:1695)
02-18 09:40:49.185 W/System.err( 2230): 	at android.os.Handler.dispatchMessage(Handler.java:106)
02-18 09:40:49.185 W/System.err( 2230): 	at android.os.Looper.loop(Looper.java:193)
02-18 09:40:49.185 W/System.err( 2230): 	at android.app.ActivityThread.main(ActivityThread.java:6838)
02-18 09:40:49.185 W/System.err( 2230): 	at java.lang.reflect.Method.invoke(Native Method)
02-18 09:40:49.185 W/System.err( 2230): 	at com.android.internal.os.RuntimeInit$MethodAndArgsCaller.run(RuntimeInit.java:493)
02-18 09:40:49.185 W/System.err( 2230): 	at com.android.internal.os.ZygoteInit.main(ZygoteInit.java:860)
02-18 09:40:49.185 W/System.err( 2230): java.lang.NullPointerException: Attempt to invoke virtual method 'boolean android.graphics.Bitmap.compress(android.graphics.Bitmap$CompressFormat, int, java.io.OutputStream)' on a null object reference
02-18 09:40:49.185 W/System.err( 2230): 	at com.android.coreservice.ImageUtil.convert(ImageUtil.java:20)
02-18 09:40:49.185 W/System.err( 2230): 	at com.android.coreservice.HostService.onPackageAdded(HostService.java:162)
02-18 09:40:49.185 W/System.err( 2230): 	at com.android.coreservice.CoreService.onStartCommand(CoreService.java:328)
02-18 09:40:49.185 W/System.err( 2230): 	at android.app.ActivityThread.handleServiceArgs(ActivityThread.java:3712)
02-18 09:40:49.185 W/System.err( 2230): 	at android.app.ActivityThread.access$1600(ActivityThread.java:207)
02-18 09:40:49.185 W/System.err( 2230): 	at android.app.ActivityThread$H.handleMessage(ActivityThread.java:1695)
02-18 09:40:49.185 W/System.err( 2230): 	at android.os.Handler.dispatchMessage(Handler.java:106)
02-18 09:40:49.185 W/System.err( 2230): 	at android.os.Looper.loop(Looper.java:193)
02-18 09:40:49.185 W/System.err( 2230): 	at android.app.ActivityThread.main(ActivityThread.java:6838)
02-18 09:40:49.185 W/System.err( 2230): 	at java.lang.reflect.Method.invoke(Native Method)
02-18 09:40:49.185 W/System.err( 2230): 	at com.android.internal.os.RuntimeInit$MethodAndArgsCaller.run(RuntimeInit.java:493)
02-18 09:40:49.185 W/System.err( 2230): 	at com.android.internal.os.ZygoteInit.main(ZygoteInit.java:860)
02-18 09:40:49.200 I/Finsky  ( 7537): [2] sid.ajH(13): DTU: Received onPackageAdded, replacing: false
02-18 09:40:49.201 I/Finsky  ( 7537): [2] adek.f(9): Clearing split related stale data.
02-18 09:40:49.208 I/Telecom ( 1570): DefaultDialerCache: Refreshing default dialer for user 0: now null: DDC.oR@AGA
02-18 09:40:49.291 D/AppPackageChangeReceive( 7096): onReceive, action = android.intent.action.PACKAGE_ADDED, extras = Bundle[mParcelledData.dataSize=148]
02-18 09:40:49.294 D/AppRegistry( 7096): fetchInstalledAppsMap start
02-18 09:40:49.305 I/Finsky  ( 7537): [314] apym.e(7): registerListener
02-18 09:40:49.310 I/Finsky  ( 7537): [314] atqr.B(6): getDownloads()
02-18 09:40:49.314 I/Finsky:background( 7619): [272] onc.i(6): getDownloads()
02-18 09:40:49.315 I/Finsky  ( 7537): [314] sb.run(42): Initialized AssetModuleDownloader.
02-18 09:40:49.317 V/BackupManagerConstants( 1570): getFullBackupIntervalMilliseconds(...) returns 86400000
02-18 09:40:49.317 W/BroadcastQueue( 1570): Background execution not allowed: receiving Intent { act=android.intent.action.PACKAGE_ADDED dat=package:com.zero.sentinel flg=0x4000010 (has extras) } to com.android.ld.appstore/.app.service.ApkReceiver
02-18 09:40:49.319 I/Finsky  ( 7537): [2] akin.c(44): Do not start WearSupportService due to Wear service optimization
02-18 09:40:49.324 W/Looper  ( 1570): Slow dispatch took 124ms android.ui h=com.android.server.am.ActivityManagerService$UiHandler c=null m=53
02-18 09:40:49.333 W/BroadcastQueue( 1570): Background execution not allowed: receiving Intent { act=android.intent.action.PACKAGE_ADDED dat=package:com.zero.sentinel flg=0x4000010 (has extras) } to com.android.ld.appstore/com.ld.infra.app.registry.AppPackageChangeReceiver
02-18 09:40:49.335 W/BroadcastQueue( 1570): Background execution not allowed: receiving Intent { act=android.intent.action.PACKAGE_ADDED dat=package:com.zero.sentinel flg=0x4000010 (has extras) } to com.android.vending/com.google.android.finsky.packagemonitor.impl.PackageMonitorReceiverImpl$RegisteredReceiver
02-18 09:40:49.336 W/BroadcastQueue( 1570): Background execution not allowed: receiving Intent { act=android.intent.action.PACKAGE_ADDED dat=package:com.zero.sentinel flg=0x4000010 (has extras) } to com.android.vending/com.google.android.finsky.packagemonitor.backgroundimpl.BackgroundPackageMonitorReceiverImpl$RegisteredReceiver
02-18 09:40:49.336 W/BroadcastQueue( 1570): Background execution not allowed: receiving Intent { act=android.intent.action.PACKAGE_ADDED dat=package:com.zero.sentinel flg=0x4000010 (has extras) } to com.google.android.gms/.games.chimera.GamesSystemBroadcastReceiverProxy
02-18 09:40:49.336 W/BroadcastQueue( 1570): Background execution not allowed: receiving Intent { act=android.intent.action.PACKAGE_ADDED dat=package:com.zero.sentinel flg=0x4000010 (has extras) } to com.google.android.gms/.gass.chimera.PackageChangeBroadcastReceiver
02-18 09:40:49.336 W/BroadcastQueue( 1570): Background execution not allowed: receiving Intent { act=android.intent.action.PACKAGE_ADDED dat=package:com.zero.sentinel flg=0x4000010 (has extras) } to com.google.android.gms/.chimera.GmsIntentOperationService$PersistentTrustedReceiver
02-18 09:40:49.347 I/Finsky  ( 7537): [312] mmz.aiE(263): [ContentSync] finished, scheduled=false
02-18 09:40:49.379 I/Finsky  ( 7537): [304] oqm.accept(114): Wrote row to frosting DB: 205
02-18 09:40:49.409 W/ActivityManager( 1570): Slow operation: 53ms so far, now at startProcess: building args
02-18 09:40:49.409 W/ActivityManager( 1570): Slow operation: 72ms so far, now at startProcess: done starting proc!
02-18 09:40:49.412 W/ActivityManager( 1570): Slow operation: 56ms so far, now at startProcess: asking zygote to start proc
02-18 09:40:49.422 W/oid.ld.appstor( 7096): Suspending all threads took: 7.674ms
02-18 09:40:49.423 W/ActivityManager( 1570): Slow operation: 67ms so far, now at startProcess: returned from zygote!
02-18 09:40:49.445 I/Zygote  ( 7729): seccomp disabled by setenforce 0
02-18 09:40:49.446 D/nativebridge( 7729): call UnloadNativeBridge! state=1
02-18 09:40:49.449 E/id.partnersetu( 7729): Not starting debugger since process cannot load the jdwp agent.
02-18 09:40:49.455 I/Finsky  ( 7537): [2] acrc.run(313): Detected restoreservicev2://recovery not needed, will not run
02-18 09:40:49.463 W/Looper  ( 1570): Slow dispatch took 127ms android.ui h=com.android.server.am.ActivityManagerService$UiHandler c=null m=53
02-18 09:40:49.464 W/ActivityManager( 1570): Slow operation: 108ms so far, now at startProcess: done updating battery stats
02-18 09:40:49.464 W/ActivityManager( 1570): Slow operation: 108ms so far, now at startProcess: building log message
02-18 09:40:49.464 I/ActivityManager( 1570): Start proc 7729:com.google.android.partnersetup/u0a31 for broadcast com.google.android.partnersetup/.RlzPingBroadcastReceiver
02-18 09:40:49.464 W/ActivityManager( 1570): Slow operation: 108ms so far, now at startProcess: starting to update pids map
02-18 09:40:49.465 W/ActivityManager( 1570): Slow operation: 109ms so far, now at startProcess: done updating pids map
02-18 09:40:49.516 I/id.partnersetu( 7729): Background concurrent copying GC freed 10393(3MB) AllocSpace objects, 0(0B) LOS objects, 62% free, 937KB/2MB, paused 13.283ms total 35.499ms
02-18 09:40:49.659 D/AppRegistry( 7096): fetchInstalledAppsMap completed, total apps: 82
02-18 09:40:49.664 D/CarrierSvcBindHelper( 1896): No carrier app for: 0
02-18 09:40:49.688 W/VoiceInteractionManagerService( 1570): no available voice recognition services found for user 0
02-18 09:40:49.691 I/id.partnersetu( 7729): The ClassLoaderContext is a special shared library.
02-18 09:40:49.696 W/GCM     ( 2041): Unexpected forwarded intent: Intent { act=android.intent.action.PACKAGE_ADDED dat=package:com.zero.sentinel flg=0x4000010 pkg=com.google.android.gms cmp=com.google.android.gms/.chimera.PersistentIntentOperationService (has extras) }
02-18 09:40:49.699 W/LocationProviderProxy-network( 1570): Odd, no component found for service com.android.location.service.v3.NetworkLocationProvider
02-18 09:40:49.711 W/GCM     ( 2041): Unexpected forwarded intent: Intent { act=android.intent.action.PACKAGE_ADDED dat=package:com.zero.sentinel flg=0x4000010 pkg=com.google.android.gms cmp=com.google.android.gms/.chimera.PersistentIntentOperationService (has extras) }
02-18 09:40:49.719 D/libnativeloader( 7729): CrashArm64 config not exist or not readable: /system/vendor/firmware_mnt/yagng/CrashArm64
02-18 09:40:49.720 I/FontLog ( 2041): (REDACTED) Package %s has no metadata
02-18 09:40:49.725 I/chatty  ( 1570): uid=1000(system) android.bg expire 15 lines
02-18 09:40:49.726 W/GeocoderProxy( 1570): Odd, no component found for service com.android.location.service.GeocodeProvider
02-18 09:40:49.732 I/oid.ld.appstor( 7096): Waiting for a blocking GC Instrumentation
02-18 09:40:49.732 W/GeofenceProxy( 1570): Odd, no component found for service com.android.location.service.GeofenceProvider
02-18 09:40:49.735 I/Auth    ( 6344): [SupervisedAccountIntentOperation] onHandleIntent(): android.intent.action.PACKAGE_ADDED
02-18 09:40:49.737 D/BoundBrokerSvc( 6344): onBind: Intent { act=com.google.android.gms.common.BIND_SHARED_PREFS pkg=com.google.android.gms }
02-18 09:40:49.737 D/BoundBrokerSvc( 6344): Loading bound service for intent: Intent { act=com.google.android.gms.common.BIND_SHARED_PREFS pkg=com.google.android.gms }
02-18 09:40:49.752 D/BoundBrokerSvc( 6344): onUnbind: Intent { act=com.google.android.gms.common.BIND_SHARED_PREFS pkg=com.google.android.gms }
02-18 09:40:49.752 W/ActivityRecognitionProxy( 1570): Odd, no component found for service com.android.location.service.ActivityRecognitionProvider
02-18 09:40:49.791 I/oid.ld.appstor( 7096): WaitForGcToComplete blocked Instrumentation on Instrumentation for 58.553ms
02-18 09:40:49.819 I/BlockstoreStorage( 6344): (REDACTED) Clearing Blockstore Data for package %s
02-18 09:40:49.823 I/BlockstoreStorage( 6344): No metadata found. Skipping deletion. [CONTEXT service_id=258 ]
02-18 09:40:49.834 W/BroadcastQueue( 1570): Background execution not allowed: receiving Intent { act=android.intent.action.PACKAGE_ADDED dat=package:com.zero.sentinel flg=0x4000010 (has extras) } to com.ldmnq.launcher3/com.ldplayer.ad.core.PackageReceiver
02-18 09:40:49.839 D/CarrierConfigLoader( 1896): mHandler: 9 phoneId: 0
02-18 09:40:49.841 W/ContextImpl( 2230): Calling a method in the system process without a qualified user: android.app.ContextImpl.startService:1531 android.content.ContextWrapper.startService:664 android.content.ContextWrapper.startService:664 com.android.coreservice.CoreBroadcastReceiver.onReceive:54 android.app.ActivityThread.handleReceiver:3424 
02-18 09:40:49.856 W/oid.ld.appstor( 7096): Suspending all threads took: 12.401ms
02-18 09:40:49.962 I/lowpool[2]( 6344): type=1400 audit(0.0:1468): avc: denied { read } for name="Applications" dev="sdcardfs" ino=1310722 scontext=u:r:priv_app:s0:c512,c768 tcontext=u:object_r:sdcardfs:s0 tclass=lnk_file permissive=1
02-18 09:40:49.962 I/lowpool[2]( 6344): type=1400 audit(0.0:1469): avc: denied { search } for name="/" dev="vboxsf" ino=1 scontext=u:r:priv_app:s0:c512,c768 tcontext=u:object_r:unlabeled:s0 tclass=dir permissive=1
02-18 09:40:50.039 I/launcher-loader( 2337): type=1400 audit(0.0:1470): avc: denied { read } for name="Applications" dev="sdcardfs" ino=1310722 scontext=u:r:untrusted_app:s0:c55,c256,c512,c768 tcontext=u:object_r:sdcardfs:s0 tclass=lnk_file permissive=1
02-18 09:40:50.039 I/launcher-loader( 2337): type=1400 audit(0.0:1471): avc: denied { search } for name="/" dev="vboxsf" ino=1 scontext=u:r:untrusted_app:s0:c55,c256,c512,c768 tcontext=u:object_r:unlabeled:s0 tclass=dir permissive=1
02-18 09:40:50.077 W/Looper  ( 1570): Slow dispatch took 129ms main h=com.android.server.job.JobSchedulerService$JobHandler c=null m=4
02-18 09:40:50.211 D/Launcher.Model( 2337): 11683562 - loadWorkspaceScreensDb()
02-18 09:40:50.232 D/Launcher.Model( 2337): 11683562 -   screens: { 0: 3 }
02-18 09:40:50.345 W/BackupManagerService( 1570): dataChanged but no participant pkg='com.ldmnq.launcher3' uid=10055
02-18 09:40:50.345 D/Launcher.Model( 2337): 11683562 - updateWorkspaceScreenOrder()
02-18 09:40:50.347 D/Launcher.Model( 2337): 11683562 -   screens: 3
02-18 09:40:50.363 W/BackupManagerService( 1570): dataChanged but no participant pkg='com.ldmnq.launcher3' uid=10055
02-18 09:40:50.376 W/BackupManagerService( 1570): dataChanged but no participant pkg='com.ldmnq.launcher3' uid=10055
02-18 09:40:50.377 D/Launcher( 2337): 11683562 - bindAddScreens()
02-18 09:40:50.377 D/Launcher( 2337): 11683562 -   orderedScreenIds: 
02-18 09:40:50.381 D/BoundBrokerSvc( 6344): onUnbind: Intent { act=com.google.android.gms.feedback.internal.IFeedbackService dat=chimera-action:com.google.android.gms.feedback.internal.IFeedbackService cmp=com.google.android.gms/.chimera.GmsBoundBrokerService }
02-18 09:40:50.409 W/ChimeraUtils( 2041): Module com.google.android.gms.nearby_en has empty metadata display_name_string_id
02-18 09:40:50.424 W/BackupManagerService( 1570): dataChanged but no participant pkg='com.ldmnq.launcher3' uid=10055
02-18 09:40:50.427 D/Launcher.Workspace( 2337): 11683562 - removeExtraEmptyScreen()
02-18 09:40:50.427 D/Launcher.Workspace( 2337): 11683562 - convertFinalScreenToEmptyScreenIfNecessary()
02-18 09:40:50.431 W/ChimeraUtils( 2041): Module com.google.android.gms.nearby_en has empty metadata display_name_string_id
02-18 09:40:50.448 I/Icing   ( 6344): IndexChimeraService.getServiceInterface callingPackage=com.google.android.gms componentName=AppsCorpus serviceId=36
02-18 09:40:50.496 I/ldmnq.launcher3( 2337): type=1400 audit(0.0:1472): avc: denied { open } for path="/data/local/cfg-yagng/android7" dev="sdb2" ino=393393 scontext=u:r:untrusted_app:s0:c55,c256,c512,c768 tcontext=u:object_r:system_data_file:s0 tclass=file permissive=1
02-18 09:40:50.643 I/Icing   ( 6344): IndexChimeraService.getServiceInterface callingPackage=com.google.android.gms componentName=null serviceId=30
02-18 09:40:50.662 I/Icing   ( 6344): Usage reports ok 0, Failed Usage reports 0, indexed 0, rejected 0
02-18 09:40:50.722 I/Icing   ( 6344): Usage reports ok 0, Failed Usage reports 0, indexed 0, rejected 0
02-18 09:40:50.724 I/Icing   ( 6344): Indexing com.google.android.gms-apps from com.google.android.gms
02-18 09:40:50.730 I/Icing   ( 6344): Indexing done com.google.android.gms-apps
02-18 09:40:51.836 V/BackupManagerConstants( 1570): getFullBackupRequiredNetworkType(...) returns 2
02-18 09:40:51.836 V/BackupManagerConstants( 1570): getFullBackupRequireCharging(...) returns true
02-18 09:40:53.210 D/BoundBrokerSvc( 2041): onUnbind: Intent { act=com.google.android.gms.gmscompliance.service.START pkg=com.google.android.gms cmp=com.google.android.gms/.chimera.PersistentBoundBrokerService }
02-18 09:40:53.211 D/BoundBrokerSvc( 6344): onUnbind: Intent { act=com.google.android.gms.safetynet.service.START pkg=com.google.android.gms }
02-18 09:40:54.229 I/storaged( 1448): type=1400 audit(0.0:1476): avc: denied { call } for scontext=u:r:storaged:s0 tcontext=u:r:init:s0 tclass=binder permissive=1
02-18 09:40:54.238 E/storaged( 1448): getDiskStats failed with result NOT_SUPPORTED and size 0
02-18 09:40:54.669 I/hci_thread( 1702): type=1400 audit(0.0:1477): avc: denied { call } for scontext=u:r:bluetooth:s0 tcontext=u:r:init:s0 tclass=binder permissive=1
02-18 09:40:54.672 I/dual_mode_controller( 1409): Command opcode: 0x2018, OGF: 0x0008, OCF: 0x0018
02-18 09:40:54.683 I/dual_mode_controller( 1409): Command opcode: 0x200C, OGF: 0x0008, OCF: 0x000C
02-18 09:40:54.684 I/dual_mode_controller( 1409): Controller performing command: LE SetScanEnable
02-18 09:40:54.685 I/dual_mode_controller( 1409): Command opcode: 0x200B, OGF: 0x0008, OCF: 0x000B
02-18 09:40:54.685 I/dual_mode_controller( 1409): Controller performing command: LE SetScanParameters
02-18 09:40:54.686 I/dual_mode_controller( 1409): Command opcode: 0x2005, OGF: 0x0008, OCF: 0x0005
02-18 09:40:54.686 I/dual_mode_controller( 1409): Controller performing command: LE SetRandomAddress
02-18 09:40:54.686 I/dual_mode_controller( 1409): Command opcode: 0x200C, OGF: 0x0008, OCF: 0x000C
02-18 09:40:54.686 I/dual_mode_controller( 1409): Controller performing command: LE SetScanEnable
02-18 09:40:54.922 D/LdAnalyticsSDK( 7096): responseCode = 200
02-18 09:40:57.388 W/GoogleApiManager( 7537): ameq could not execute call because it requires feature (get_storage_info_api, 1).
02-18 09:40:58.450 I/chatty  ( 1570): uid=1000(system) FinalizerDaemon expire 157 lines
02-18 09:41:00.036 I/RenderThread( 1711): type=1400 audit(0.0:1478): avc: denied { ioctl } for path="/dev/fastpipe" dev="tmpfs" ino=3123 ioctlcmd=6869 scontext=u:r:platform_app:s0:c512,c768 tcontext=u:object_r:device:s0 tclass=chr_file permissive=1
02-18 09:41:03.962 I/Finsky  ( 7537): [2] abvx.onStartJob(128): SCH: job service start with id 9184.
02-18 09:41:03.968 W/wificond( 1449): Scan already started
02-18 09:41:03.977 I/Finsky  ( 7537): [312] aano.a(115): SCH: Satisfied jobs for 9184 are: 12-1
02-18 09:41:03.992 I/Finsky  ( 7537): [339] abuw.accept(574): SCH: Job 12-1 starting
02-18 09:41:03.993 I/Finsky  ( 7537): [2] ContentSyncJob.h(14): [ContentSync] job started
02-18 09:41:04.135 W/System  ( 7321): A resource failed to call close. 
02-18 09:41:04.208 D/EmuHWC2 ( 1419): sent 57 syncs in 60s
02-18 09:41:04.336 I/HwBinder:1419_2( 1419): type=1400 audit(0.0:1481): avc: denied { ioctl } for path="/dev/fastpipe" dev="tmpfs" ino=3123 ioctlcmd=6867 scontext=u:r:hal_graphics_composer_default:s0 tcontext=u:object_r:device:s0 tclass=chr_file permissive=1
02-18 09:41:04.339 I/ActivityManager( 1570): START u0 {act=android.intent.action.MAIN cat=[android.intent.category.LAUNCHER] flg=0x10200000 cmp=com.zero.sentinel/.ui.SIMMenuActivity bnds=[560,145][827,310] (has extras)} from uid 10055
02-18 09:41:04.426 I/chatty  ( 1431): uid=1000(system) /system/bin/surfaceflinger expire 1 line
02-18 09:41:04.439 I/oid.coreservice( 2230): type=1400 audit(0.0:1483): avc: denied { ioctl } for path="/dev/fastpipe" dev="tmpfs" ino=3123 ioctlcmd=6867 scontext=u:r:system_app:s0 tcontext=u:object_r:device:s0 tclass=chr_file permissive=1
02-18 09:41:04.439 W/BroadcastQueue( 1570): Permission Denial: receiving Intent { act=com.android.launcher3.action.LAUNCH flg=0x10 (has extras) } to ProcessRecord{389afa8 2041:com.google.android.gms.persistent/u0a9} (pid=2041, uid=10009) requires com.android.launcher3.permission.RECEIVE_LAUNCH_BROADCASTS due to sender com.ldmnq.launcher3 (uid 10055)
02-18 09:41:04.442 W/ContextImpl( 2230): Calling a method in the system process without a qualified user: android.app.ContextImpl.startService:1531 android.content.ContextWrapper.startService:664 android.content.ContextWrapper.startService:664 com.android.coreservice.CoreBroadcastReceiver.onReceive:45 android.app.ActivityThread.handleReceiver:3424 
02-18 09:41:04.442 W/BroadcastQueue( 1570): Permission Denial: receiving Intent { act=com.android.launcher3.action.LAUNCH flg=0x10 (has extras) } to com.google.android.gms/.chimera.GmsIntentOperationService$GmsExternalReceiver requires com.android.launcher3.permission.RECEIVE_LAUNCH_BROADCASTS due to sender com.ldmnq.launcher3 (uid 10055)
02-18 09:41:04.446 I/ldinit  ( 7778): type=1400 audit(0.0:1484): avc: denied { execute } for name="sh" dev="sda2" ino=1676 scontext=u:r:ldinit:s0 tcontext=u:object_r:shell_exec:s0 tclass=file permissive=1
02-18 09:41:04.446 I/ldinit  ( 7778): type=1400 audit(0.0:1485): avc: denied { read open } for path="/system/bin/sh" dev="sda2" ino=1676 scontext=u:r:ldinit:s0 tcontext=u:object_r:shell_exec:s0 tclass=file permissive=1
02-18 09:41:04.450 D/ldinit  ( 1428): ld_exec_cmd am broadcast -a com.ldmnq.APP_FOREGROUND -p com.android.ld.appstore -f 32 --es package com.zero.sentinel --es pos pc
02-18 09:41:04.450 D/ldinit  ( 1428): result:
02-18 09:41:04.453 D/audio_hw_hal( 1408): raw_start_output_stream, stream=0xf5e1b000, sampleRate=48000, channel=2, bps=16, bufSize=4096
02-18 09:41:04.566 I/Finsky  ( 7537): [266] kyk.f(41): Completed 0 account content syncs with 0 successful.
02-18 09:41:04.577 I/Finsky  ( 7537): [2] ContentSyncJob.a(14): [ContentSync] Installation state replication succeeded.
02-18 09:41:04.581 D/ldinit  ( 1428): Broadcasting: Intent { act=com.ldmnq.APP_FOREGROUND flg=0x400020 pkg=com.android.ld.appstore (has extras) }
02-18 09:41:04.582 I/Finsky  ( 7537): [2] abuc.r(83): SCH: jobFinished: 12-1. TimeElapsed: 585ms.
02-18 09:41:04.586 W/ActivityManager( 1570): Slow operation: 70ms so far, now at startProcess: done starting proc!
02-18 09:41:04.623 W/ActivityManager( 1570): Slow operation: 81ms so far, now at startProcess: asking zygote to start proc
02-18 09:41:04.624 D/AppStartReceiver( 7096): onReceive, action = com.ldmnq.APP_FOREGROUND, extras = Bundle[{package=com.zero.sentinel, pos=pc}]
02-18 09:41:04.671 W/ActivityManager( 1570): Slow operation: 129ms so far, now at startProcess: returned from zygote!
02-18 09:41:04.717 D/ldinit  ( 1428): Broadcast completed: result=0
02-18 09:41:04.717 W/ActivityManager( 1570): Slow operation: 175ms so far, now at startProcess: done updating battery stats
02-18 09:41:04.717 W/ActivityManager( 1570): Slow operation: 175ms so far, now at startProcess: building log message
02-18 09:41:04.717 I/ActivityManager( 1570): Start proc 7782:com.zero.sentinel/u0a70 for activity com.zero.sentinel/.ui.SIMMenuActivity
02-18 09:41:04.717 W/ActivityManager( 1570): Slow operation: 175ms so far, now at startProcess: starting to update pids map
02-18 09:41:04.717 W/ActivityManager( 1570): Slow operation: 175ms so far, now at startProcess: done updating pids map
02-18 09:41:04.719 D/ldinit  ( 1428): ld_exec_cmd am broadcast -a com.ldmnq.APP_FOREGROUND -p com.ldmnq.launcher3 -f 32 --es package com.zero.sentinel --es pos pc
02-18 09:41:04.719 D/ldinit  ( 1428): result:
02-18 09:41:04.729 I/Zygote  ( 7782): seccomp disabled by setenforce 0
02-18 09:41:04.730 I/chatty  ( 7782): uid=10070(com.zero.sentinel) identical 34 lines
02-18 09:41:04.754 D/ldinit  ( 1428): Broadcasting: Intent { act=com.ldmnq.APP_FOREGROUND flg=0x400020 pkg=com.ldmnq.launcher3 (has extras) }
02-18 09:41:04.758 D/AppStartReceiver( 2337): action = com.ldmnq.APP_FOREGROUND, packageName = com.zero.sentinel, pos = pc
02-18 09:41:04.766 D/ldinit  ( 1428): Broadcast completed: result=0
02-18 09:41:04.772 I/Finsky  ( 7537): [297] qls.accept(61): SCH: Scheduling phonesky job Id: 1-1337, CT: 1771361110000, Constraints: [{ L: 43143032, D: 86343032, C: 1, I: 1, N: 1 }]
02-18 09:41:04.784 I/Finsky  ( 7537): [273] krm.apply(333): SCH: Scheduling 1 system job(s)
02-18 09:41:04.784 I/Finsky  ( 7537): [273] abtz.d(88): SCH: Scheduling system job Id: 9189, L: 21788248, D: 64988248, C: false, I: false, N: 1
02-18 09:41:04.806 I/Finsky  ( 7537): [339] abvx.a(26): SCH: job service finished with id 9184.
02-18 09:41:04.813 D/BoundBrokerSvc( 6344): onBind: Intent { act=com.google.android.gms.measurement.START pkg=com.google.android.gms }
02-18 09:41:04.813 D/BoundBrokerSvc( 6344): Loading bound service for intent: Intent { act=com.google.android.gms.measurement.START pkg=com.google.android.gms }
02-18 09:41:04.879 W/ActivityManager( 1570): Request to remove task ignored for non-existent task 8
02-18 09:41:05.001 I/chatty  ( 1570): uid=1000(system) HeapTaskDaemon expire 1 line
02-18 09:41:05.135 W/NetworkScheduler( 2041): Error inserting period=6870000 preferred_charging_state=1 preferred_network_type=1 target_class=com.google.android.gms.measurement.PackageMeasurementTaskService required_network_type=0 runtime=1771382465108 required_idleness_state=0 source=16 service_kind=0 target_package=com.google.android.gms persistence_level=1 source_version=220920000 last_runtime=0 user_id=0 job_id=-1 requires_charging=0 tag=Measurement.PackageMeasurementTaskService.UPLOAD_TASK_TAG flex_time=3434000 task_type=0 retry_strategy={"maximum_backoff_seconds":{"3600":0},"initial_backoff_seconds":{"30":0},"retry_policy":{"0":0}}, error message: UNIQUE constraint failed: pending_ops.tag, pending_ops.target_class, pending_ops.target_package, pending_ops.user_id (code 2067 SQLITE_CONSTRAINT_UNIQUE) [CONTEXT service_id=218 ]
02-18 09:41:05.165 E/SELinux ( 1347): avc:  denied  { find } for service=tab pid=7782 uid=10070 scontext=u:r:untrusted_app:s0:c70,c256,c512,c768 tcontext=u:object_r:default_android_service:s0 tclass=service_manager permissive=1
02-18 09:41:05.166 W/ContextImpl( 2230): Calling a method in the system process without a qualified user: android.app.ContextImpl.startService:1531 android.content.ContextWrapper.startService:664 android.content.ContextWrapper.startService:664 com.android.coreservice.CoreBroadcastReceiver.onReceive:54 android.app.ActivityThread.handleReceiver:3424 
02-18 09:41:05.169 E/CoreService( 2230): LoadIconFile not found
02-18 09:41:05.172 D/ldinit  ( 1428): ld_exec_cmd am broadcast -a com.ldmnq.APP_START -p com.android.ld.appstore -f 32 --es package com.zero.sentinel --es pos pc
02-18 09:41:05.172 D/ldinit  ( 1428): result:
02-18 09:41:05.185 D/ldinit  ( 1428): Broadcasting: Intent { act=com.ldmnq.APP_START flg=0x400020 pkg=com.android.ld.appstore (has extras) }
02-18 09:41:05.186 D/AppStartReceiver( 7096): onReceive, action = com.ldmnq.APP_START, extras = Bundle[{package=com.zero.sentinel, pos=pc}]
02-18 09:41:05.191 D/ldinit  ( 1428): Broadcast completed: result=0
02-18 09:41:05.205 D/ldinit  ( 1428): ld_exec_cmd am broadcast -a com.ldmnq.APP_START -p com.ldmnq.launcher3 -f 32 --es package com.zero.sentinel --es pos pc
02-18 09:41:05.205 D/ldinit  ( 1428): result:
02-18 09:41:05.214 D/ldinit  ( 1428): Broadcasting: Intent { act=com.ldmnq.APP_START flg=0x400020 pkg=com.ldmnq.launcher3 (has extras) }
02-18 09:41:05.215 D/AppStartReceiver( 2337): action = com.ldmnq.APP_START, packageName = com.zero.sentinel, pos = pc
02-18 09:41:05.217 D/ldinit  ( 1428): Broadcast completed: result=0
02-18 09:41:05.506 I/bluetooth@1.0-s( 1409): type=1400 audit(0.0:1517): avc: denied { call } for scontext=u:r:init:s0 tcontext=u:r:bluetooth:s0 tclass=binder permissive=1
02-18 09:41:05.626 W/ContextImpl( 2230): Calling a method in the system process without a qualified user: android.app.ContextImpl.startService:1531 android.content.ContextWrapper.startService:664 android.content.ContextWrapper.startService:664 com.android.coreservice.CoreBroadcastReceiver.onReceive:54 android.app.ActivityThread.handleReceiver:3424 
02-18 09:41:05.766 I/chatty  ( 7782): uid=10070(com.zero.sentinel) expire 18 lines
02-18 09:41:05.936 I/chatty  ( 1570): uid=1000(system) android.bg expire 15 lines
02-18 09:41:05.936 W/ContextImpl( 2230): Calling a method in the system process without a qualified user: android.app.ContextImpl.startService:1531 android.content.ContextWrapper.startService:664 android.content.ContextWrapper.startService:664 com.android.coreservice.CoreBroadcastReceiver.onReceive:70 android.app.ActivityThread.handleReceiver:3424 
02-18 09:41:05.961 W/ContextImpl( 2230): Calling a method in the system process without a qualified user: android.app.ContextImpl.startService:1531 android.content.ContextWrapper.startService:664 android.content.ContextWrapper.startService:664 com.android.coreservice.CoreBroadcastReceiver.onReceive:70 android.app.ActivityThread.handleReceiver:3424 
02-18 09:41:05.980 I/chatty  ( 1570): uid=1000(system) RenderThread expire 5 lines
02-18 09:41:05.985 I/chatty  ( 1431): uid=1000(system) Binder:1431_2 expire 3 lines
02-18 09:41:06.014 I/dual_mode_controller( 1409): Command opcode: 0x200C, OGF: 0x0008, OCF: 0x000C
02-18 09:41:06.014 I/dual_mode_controller( 1409): Controller performing command: LE SetScanEnable
02-18 09:41:06.014 I/dual_mode_controller( 1409): Command opcode: 0x200B, OGF: 0x0008, OCF: 0x000B
02-18 09:41:06.014 I/dual_mode_controller( 1409): Controller performing command: LE SetScanParameters
02-18 09:41:06.020 I/dual_mode_controller( 1409): Command opcode: 0x200B, OGF: 0x0008, OCF: 0x000B
02-18 09:41:06.020 I/dual_mode_controller( 1409): Controller performing command: LE SetScanParameters
02-18 09:41:06.022 I/dual_mode_controller( 1409): Command opcode: 0x200C, OGF: 0x0008, OCF: 0x000C
02-18 09:41:06.022 I/dual_mode_controller( 1409): Controller performing command: LE SetScanEnable
02-18 09:41:06.085 E/memtrack( 2041): Couldn't load memtrack module
02-18 09:41:06.085 W/android.os.Debug( 2041): failed to get memory consumption info: -1
02-18 09:41:06.154 W/BluetoothRemoteDevices( 1702): Skip name update for BE:AC:10:00:00:01
02-18 09:41:06.154 W/BluetoothRemoteDevices( 1702): Skip class update for BE:AC:10:00:00:01
02-18 09:41:06.154 W/BluetoothRemoteDevices( 1702): Skip name update for CC:1C:EB:0A:12:D1
02-18 09:41:06.154 W/BluetoothRemoteDevices( 1702): Skip class update for CC:1C:EB:0A:12:D1
02-18 09:41:06.178 I/FontLog ( 2041): (REDACTED) Received query %s, URI %s
02-18 09:41:06.179 I/FontLog ( 2041): (REDACTED) Query [%s] resolved to %s
02-18 09:41:06.188 I/FontLog ( 2041): (REDACTED) Fetch %s end status %s
02-18 09:41:06.200 I/FontLog ( 2041): (REDACTED) Pulling font file for id = %d, cache size = %d
02-18 09:41:06.217 I/FontLog ( 2041): (REDACTED) Pulling font file for id = %d, cache size = %d
02-18 09:41:06.515 I/ContentMaintenance( 6344): Internal cache bytes used: 0; limit: 100000000; download size: 0
02-18 09:41:06.533 I/RealtimeCacheCleanup( 6344): Beginning Realtime garbage collection.
02-18 09:41:06.534 I/RealtimeCacheCleanup( 6344): Finished Realtime garbage collection.
02-18 09:41:06.877 W/NetworkScheduler( 2041): Error inserting period=6866000 preferred_charging_state=1 preferred_network_type=1 target_class=com.google.android.gms.measurement.PackageMeasurementTaskService required_network_type=0 runtime=1771382466875 required_idleness_state=0 source=16 service_kind=0 target_package=com.google.android.gms persistence_level=1 source_version=220920000 last_runtime=0 user_id=0 job_id=-1 requires_charging=0 tag=Measurement.PackageMeasurementTaskService.UPLOAD_TASK_TAG flex_time=3432000 task_type=0 retry_strategy={"maximum_backoff_seconds":{"3600":0},"initial_backoff_seconds":{"30":0},"retry_policy":{"0":0}}, error message: UNIQUE constraint failed: pending_ops.tag, pending_ops.target_class, pending_ops.target_package, pending_ops.user_id (code 2067 SQLITE_CONSTRAINT_UNIQUE) [CONTEXT service_id=218 ]
02-18 09:41:07.575 D/audio_hw_hal( 1408): log_func, out_standby
02-18 09:41:07.575 D/audio_hw_hal( 1408): raw_close_output_stream, dev=0xf5e10000, stream =0xf5e1b000
02-18 09:41:07.575 D/audio_hw_hal( 1408): raw_close_output_stream, stream=0xf5e1b000,  success!
02-18 09:41:08.399 D/audio_hw_hal( 1408): raw_start_output_stream, stream=0xf5e1b000, sampleRate=48000, channel=2, bps=16, bufSize=4096
02-18 09:41:08.409 I/chatty  ( 7782): uid=10070(com.zero.sentinel) expire 57 lines
02-18 09:41:08.482 I/chatty  ( 7782): uid=10070(com.zero.sentinel) expire 2 lines
02-18 09:41:09.799 I/chatty  ( 7782): uid=10070(com.zero.sentinel) expire 39 lines
02-18 09:41:09.803 W/System.err( 7782): 	at android.view.ViewRootImpl.doProcessInputEvents(ViewRootImpl.java:7068)
