02-18 09:42:27.784 W/ContextImpl( 2230): Calling a method in the system process without a qualified user: android.app.ContextImpl.startService:1531 android.content.ContextWrapper.startService:664 android.content.ContextWrapper.startService:664 com.android.coreservice.CoreBroadcastReceiver.onReceive:54 android.app.ActivityThread.handleReceiver:3424 
02-18 09:42:27.802 I/bluetooth@1.0-s( 1409): type=1400 audit(0.0:1585): avc: denied { call } for scontext=u:r:init:s0 tcontext=u:r:bluetooth:s0 tclass=binder permissive=1
02-18 09:42:27.802 D/libnativeloader( 7977): CrashArm64 config not exist or not readable: /system/vendor/firmware_mnt/yagng/CrashArm64
02-18 09:42:27.808 W/gle.android.tt( 7977): Unknown chunk type '200'.
02-18 09:42:27.808 W/gle.android.tt( 7977): Unknown chunk type '200'.
02-18 09:42:27.853 I/MultiDex( 7977): VM with version 2.1.0 has multidex support
02-18 09:42:27.853 I/MultiDex( 7977): install
02-18 09:42:27.853 I/MultiDex( 7977): VM has multidex support, MultiDex support library is disabled.
02-18 09:42:27.853 I/MultiDex( 7977): install
02-18 09:42:27.853 I/MultiDex( 7977): VM has multidex support, MultiDex support library is disabled.
02-18 09:42:27.883 I/gle.android.tt( 7977): Rejecting re-init on previously-failed class java.lang.Class<androidx.wear.ambient.WearableControllerProvider$1>: java.lang.NoClassDefFoundError: Failed resolution of: Lcom/google/android/wearable/compat/WearableActivityController$AmbientCallback;
02-18 09:42:27.884 I/gle.android.tt( 7977):   at void fxn.d(java.lang.Runnable, java.util.concurrent.Executor) (PG:3)
02-18 09:42:27.884 I/gle.android.tt( 7977):   at void cfc.<init>(fxm, fxo) (PG:3)
02-18 09:42:27.884 I/gle.android.tt( 7977):   at fxo cfe.b(java.lang.Runnable, long, java.util.concurrent.TimeUnit) (PG:4)
02-18 09:42:27.884 I/gle.android.tt( 7977):   at fxo cfq.b(java.lang.Runnable, long, java.util.concurrent.TimeUnit) (PG:1)
02-18 09:42:27.884 I/gle.android.tt( 7977):   at void evf.b(boolean) (PG:7)
02-18 09:42:27.884 I/gle.android.tt( 7977):   at void evf.p() (PG:4)
02-18 09:42:27.884 I/gle.android.tt( 7977):   at void dlc.c(java.util.Map) (PG:3)
02-18 09:42:27.884 I/gle.android.tt( 7977):   at void dlo.a() (PG:6)
02-18 09:42:27.884 I/gle.android.tt( 7977):   at void dlh.a() (PG:5)
02-18 09:42:27.884 I/gle.android.tt( 7977):   at void evl.onCreate() (PG:23)
02-18 09:42:27.884 I/gle.android.tt( 7977):   at void brr.onCreate() (PG:1)
02-18 09:42:27.884 I/gle.android.tt( 7977):   at void bob.onCreate() (PG:4)
02-18 09:42:27.884 I/gle.android.tt( 7977):   at void com.google.android.apps.speech.tts.googletts.GoogleTTSRoot_Application.onCreate() (PG:12)
02-18 09:42:27.884 I/gle.android.tt( 7977):   at void android.app.Instrumentation.callApplicationOnCreate(android.app.Application) (Instrumentation.java:1154)
02-18 09:42:27.884 I/gle.android.tt( 7977):   at void android.app.ActivityThread.handleBindApplication(android.app.ActivityThread$AppBindData) (ActivityThread.java:6034)
02-18 09:42:27.884 I/gle.android.tt( 7977):   at void android.app.ActivityThread.access$1100(android.app.ActivityThread, android.app.ActivityThread$AppBindData) (ActivityThread.java:207)
02-18 09:42:27.884 I/gle.android.tt( 7977):   at void android.app.ActivityThread$H.handleMessage(android.os.Message) (ActivityThread.java:1663)
02-18 09:42:27.884 I/gle.android.tt( 7977):   at void android.os.Handler.dispatchMessage(android.os.Message) (Handler.java:106)
02-18 09:42:27.884 I/gle.android.tt( 7977):   at void android.os.Looper.loop() (Looper.java:193)
02-18 09:42:27.884 I/gle.android.tt( 7977):   at void android.app.ActivityThread.main(java.lang.String[]) (ActivityThread.java:6838)
02-18 09:42:27.884 I/gle.android.tt( 7977):   at java.lang.Object java.lang.reflect.Method.invoke(java.lang.Object, java.lang.Object[]) (Method.java:-2)
02-18 09:42:27.884 I/gle.android.tt( 7977):   at void com.android.internal.os.RuntimeInit$MethodAndArgsCaller.run() (RuntimeInit.java:493)
02-18 09:42:27.884 I/gle.android.tt( 7977):   at void com.android.internal.os.ZygoteInit.main(java.lang.String[]) (ZygoteInit.java:860)
02-18 09:42:27.884 I/gle.android.tt( 7977): Caused by: java.lang.ClassNotFoundException: Didn't find class "com.google.android.wearable.compat.WearableActivityController$AmbientCallback" on path: DexPathList[[zip file "/system/app/GoogleTTS/GoogleTTS.apk"],nativeLibraryDirectories=[/system/app/GoogleTTS/lib/x86_64, /system/app/GoogleTTS/GoogleTTS.apk!/lib/x86_64, /system/lib64, /system/vendor/lib64, /system/lib64, /system/vendor/lib64]]
02-18 09:42:27.884 I/gle.android.tt( 7977):   at java.lang.Class dalvik.system.BaseDexClassLoader.findClass(java.lang.String) (BaseDexClassLoader.java:134)
02-18 09:42:27.884 I/gle.android.tt( 7977):   at java.lang.Class java.lang.ClassLoader.loadClass(java.lang.String, boolean) (ClassLoader.java:379)
02-18 09:42:27.884 I/gle.android.tt( 7977):   at java.lang.Class java.lang.ClassLoader.loadClass(java.lang.String) (ClassLoader.java:312)
02-18 09:42:27.884 I/gle.android.tt( 7977):   at void fxn.d(java.lang.Runnable, java.util.concurrent.Executor) (PG:3)
02-18 09:42:27.884 I/gle.android.tt( 7977):   at void cfc.<init>(fxm, fxo) (PG:3)
02-18 09:42:27.884 I/gle.android.tt( 7977):   at fxo cfe.b(java.lang.Runnable, long, java.util.concurrent.TimeUnit) (PG:4)
02-18 09:42:27.884 I/gle.android.tt( 7977):   at fxo cfq.b(java.lang.Runnable, long, java.util.concurrent.TimeUnit) (PG:1)
02-18 09:42:27.884 I/gle.android.tt( 7977):   at void evf.b(boolean) (PG:7)
02-18 09:42:27.884 I/gle.android.tt( 7977):   at void evf.p() (PG:4)
02-18 09:42:27.884 I/gle.android.tt( 7977):   at void dlc.c(java.util.Map) (PG:3)
02-18 09:42:27.884 I/gle.android.tt( 7977):   at void dlo.a() (PG:6)
02-18 09:42:27.884 I/gle.android.tt( 7977):   at void dlh.a() (PG:5)
02-18 09:42:27.884 I/gle.android.tt( 7977):   at void evl.onCreate() (PG:23)
02-18 09:42:27.884 I/gle.android.tt( 7977):   at void brr.onCreate() (PG:1)
02-18 09:42:27.884 I/gle.android.tt( 7977):   at void bob.onCreate() (PG:4)
02-18 09:42:27.884 I/gle.android.tt( 7977):   at void com.google.android.apps.speech.tts.googletts.GoogleTTSRoot_Application.onCreate() (PG:12)
02-18 09:42:27.884 I/gle.android.tt( 7977):   at void android.app.Instrumentation.callApplicationOnCreate(android.app.Application) (Instrumentation.java:1154)
02-18 09:42:27.884 I/gle.android.tt( 7977):   at void android.app.ActivityThread.handleBindApplication(android.app.ActivityThread$AppBindData) (ActivityThread.java:6034)
02-18 09:42:27.884 I/gle.android.tt( 7977):   at void android.app.ActivityThread.access$1100(android.app.ActivityThread, android.app.ActivityThread$AppBindData) (ActivityThread.java:207)
02-18 09:42:27.884 I/gle.android.tt( 7977):   at void android.app.ActivityThread$H.handleMessage(android.os.Message) (ActivityThread.java:1663)
02-18 09:42:27.884 I/gle.android.tt( 7977):   at void android.os.Handler.dispatchMessage(android.os.Message) (Handler.java:106)
02-18 09:42:27.884 I/gle.android.tt( 7977):   at void android.os.Looper.loop() (Looper.java:193)
02-18 09:42:27.884 I/gle.android.tt( 7977):   at void android.app.ActivityThread.main(java.lang.String[]) (ActivityThread.java:6838)
02-18 09:42:27.884 I/gle.android.tt( 7977):   at java.lang.Object java.lang.reflect.Method.invoke(java.lang.Object, java.lang.Object[]) (Method.java:-2)
02-18 09:42:27.884 I/gle.android.tt( 7977):   at void com.android.internal.os.RuntimeInit$MethodAndArgsCaller.run() (RuntimeInit.java:493)
02-18 09:42:27.884 I/gle.android.tt( 7977):   at void com.android.internal.os.ZygoteInit.main(java.lang.String[]) (ZygoteInit.java:860)
02-18 09:42:27.884 I/gle.android.tt( 7977): 
02-18 09:42:27.884 I/gle.android.tt( 7977): Rejecting re-init on previously-failed class java.lang.Class<androidx.wear.ambient.WearableControllerProvider$1>: java.lang.NoClassDefFoundError: Failed resolution of: Lcom/google/android/wearable/compat/WearableActivityController$AmbientCallback;
02-18 09:42:27.884 I/gle.android.tt( 7977):   at void fxn.d(java.lang.Runnable, java.util.concurrent.Executor) (PG:3)
02-18 09:42:27.884 I/gle.android.tt( 7977):   at void cfc.<init>(fxm, fxo) (PG:3)
02-18 09:42:27.884 I/gle.android.tt( 7977):   at fxo cfe.b(java.lang.Runnable, long, java.util.concurrent.TimeUnit) (PG:4)
02-18 09:42:27.884 I/gle.android.tt( 7977):   at fxo cfq.b(java.lang.Runnable, long, java.util.concurrent.TimeUnit) (PG:1)
02-18 09:42:27.884 I/gle.android.tt( 7977):   at void evf.b(boolean) (PG:7)
02-18 09:42:27.884 I/gle.android.tt( 7977):   at void evf.p() (PG:4)
02-18 09:42:27.884 I/gle.android.tt( 7977):   at void dlc.c(java.util.Map) (PG:3)
02-18 09:42:27.884 I/gle.android.tt( 7977):   at void dlo.a() (PG:6)
02-18 09:42:27.884 I/gle.android.tt( 7977):   at void dlh.a() (PG:5)
02-18 09:42:27.884 I/gle.android.tt( 7977):   at void evl.onCreate() (PG:23)
02-18 09:42:27.884 I/gle.android.tt( 7977):   at void brr.onCreate() (PG:1)
02-18 09:42:27.884 I/gle.android.tt( 7977):   at void bob.onCreate() (PG:4)
02-18 09:42:27.884 I/gle.android.tt( 7977):   at void com.google.android.apps.speech.tts.googletts.GoogleTTSRoot_Application.onCreate() (PG:12)
02-18 09:42:27.884 I/gle.android.tt( 7977):   at void android.app.Instrumentation.callApplicationOnCreate(android.app.Application) (Instrumentation.java:1154)
02-18 09:42:27.884 I/gle.android.tt( 7977):   at void android.app.ActivityThread.handleBindApplication(android.app.ActivityThread$AppBindData) (ActivityThread.java:6034)
02-18 09:42:27.884 I/gle.android.tt( 7977):   at void android.app.ActivityThread.access$1100(android.app.ActivityThread, android.app.ActivityThread$AppBindData) (ActivityThread.java:207)
02-18 09:42:27.884 I/gle.android.tt( 7977):   at void android.app.ActivityThread$H.handleMessage(android.os.Message) (ActivityThread.java:1663)
02-18 09:42:27.884 I/gle.android.tt( 7977):   at void android.os.Handler.dispatchMessage(android.os.Message) (Handler.java:106)
02-18 09:42:27.884 I/gle.android.tt( 7977):   at void android.os.Looper.loop() (Looper.java:193)
02-18 09:42:27.884 I/gle.android.tt( 7977):   at void android.app.ActivityThread.main(java.lang.String[]) (ActivityThread.java:6838)
02-18 09:42:27.884 I/gle.android.tt( 7977):   at java.lang.Object java.lang.reflect.Method.invoke(java.lang.Object, java.lang.Object[]) (Method.java:-2)
02-18 09:42:27.884 I/gle.android.tt( 7977):   at void com.android.internal.os.RuntimeInit$MethodAndArgsCaller.run() (RuntimeInit.java:493)
02-18 09:42:27.884 I/gle.android.tt( 7977):   at void com.android.internal.os.ZygoteInit.main(java.lang.String[]) (ZygoteInit.java:860)
02-18 09:42:27.884 I/gle.android.tt( 7977): Caused by: java.lang.ClassNotFoundException: Didn't find class "com.google.android.wearable.compat.WearableActivityController$AmbientCallback" on path: DexPathList[[zip file "/system/app/GoogleTTS/GoogleTTS.apk"],nativeLibraryDirectories=[/system/app/GoogleTTS/lib/x86_64, /system/app/GoogleTTS/GoogleTTS.apk!/lib/x86_64, /system/lib64, /system/vendor/lib64, /system/lib64, /system/vendor/lib64]]
02-18 09:42:27.884 I/gle.android.tt( 7977):   at java.lang.Class dalvik.system.BaseDexClassLoader.findClass(java.lang.String) (BaseDexClassLoader.java:134)
02-18 09:42:27.884 I/gle.android.tt( 7977):   at java.lang.Class java.lang.ClassLoader.loadClass(java.lang.String, boolean) (ClassLoader.java:379)
02-18 09:42:27.884 I/gle.android.tt( 7977):   at java.lang.Class java.lang.ClassLoader.loadClass(java.lang.String) (ClassLoader.java:312)
02-18 09:42:27.884 I/gle.android.tt( 7977):   at void fxn.d(java.lang.Runnable, java.util.concurrent.Executor) (PG:3)
02-18 09:42:27.884 I/gle.android.tt( 7977):   at void cfc.<init>(fxm, fxo) (PG:3)
02-18 09:42:27.884 I/gle.android.tt( 7977):   at fxo cfe.b(java.lang.Runnable, long, java.util.concurrent.TimeUnit) (PG:4)
02-18 09:42:27.884 I/gle.android.tt( 7977):   at fxo cfq.b(java.lang.Runnable, long, java.util.concurrent.TimeUnit) (PG:1)
02-18 09:42:27.884 I/gle.android.tt( 7977):   at void evf.b(boolean) (PG:7)
02-18 09:42:27.884 I/gle.android.tt( 7977):   at void evf.p() (PG:4)
02-18 09:42:27.884 I/gle.android.tt( 7977):   at void dlc.c(java.util.Map) (PG:3)
02-18 09:42:27.884 I/gle.android.tt( 7977):   at void dlo.a() (PG:6)
02-18 09:42:27.884 I/gle.android.tt( 7977):   at void dlh.a() (PG:5)
02-18 09:42:27.884 I/gle.android.tt( 7977):   at void evl.onCreate() (PG:23)
02-18 09:42:27.884 I/gle.android.tt( 7977):   at void brr.onCreate() (PG:1)
02-18 09:42:27.884 I/gle.android.tt( 7977):   at void bob.onCreate() (PG:4)
02-18 09:42:27.884 I/gle.android.tt( 7977):   at void com.google.android.apps.speech.tts.googletts.GoogleTTSRoot_Application.onCreate() (PG:12)
02-18 09:42:27.884 I/gle.android.tt( 7977):   at void android.app.Instrumentation.callApplicationOnCreate(android.app.Application) (Instrumentation.java:1154)
02-18 09:42:27.884 I/gle.android.tt( 7977):   at void android.app.ActivityThread.handleBindApplication(android.app.ActivityThread$AppBindData) (ActivityThread.java:6034)
02-18 09:42:27.884 I/gle.android.tt( 7977):   at void android.app.ActivityThread.access$1100(android.app.ActivityThread, android.app.ActivityThread$AppBindData) (ActivityThread.java:207)
02-18 09:42:27.884 I/gle.android.tt( 7977):   at void android.app.ActivityThread$H.handleMessage(android.os.Message) (ActivityThread.java:1663)
02-18 09:42:27.884 I/gle.android.tt( 7977):   at void android.os.Handler.dispatchMessage(android.os.Message) (Handler.java:106)
02-18 09:42:27.884 I/gle.android.tt( 7977):   at void android.os.Looper.loop() (Looper.java:193)
02-18 09:42:27.884 I/gle.android.tt( 7977):   at void android.app.ActivityThread.main(java.lang.String[]) (ActivityThread.java:6838)
02-18 09:42:27.884 I/gle.android.tt( 7977):   at java.lang.Object java.lang.reflect.Method.invoke(java.lang.Object, java.lang.Object[]) (Method.java:-2)
02-18 09:42:27.884 I/gle.android.tt( 7977):   at void com.android.internal.os.RuntimeInit$MethodAndArgsCaller.run() (RuntimeInit.java:493)
02-18 09:42:27.884 I/gle.android.tt( 7977):   at void com.android.internal.os.ZygoteInit.main(java.lang.String[]) (ZygoteInit.java:860)
02-18 09:42:27.884 I/gle.android.tt( 7977): 
02-18 09:42:27.890 I/egu     ( 7977): SslGuard completed installation.
02-18 09:42:27.896 I/GoogleTTSApplication( 7977): Beginning load of tts_android...
02-18 09:42:27.969 I/GoogleTTSApplication( 7977): tts_android (null) was loaded normally!
02-18 09:42:27.974 W/gle.android.tt( 7977): Accessing hidden field Ljava/util/Collections$SynchronizedCollection;->mutex:Ljava/lang/Object; (dark greylist, reflection)
02-18 09:42:27.974 W/gle.android.tt( 7977): Accessing hidden method Ljava/util/Collections$SynchronizedSet;-><init>(Ljava/util/Set;Ljava/lang/Object;)V (dark greylist, reflection)
02-18 09:42:27.974 W/gle.android.tt( 7977): Accessing hidden method Ljava/util/Collections$SynchronizedCollection;-><init>(Ljava/util/Collection;Ljava/lang/Object;)V (dark greylist, reflection)
02-18 09:42:27.974 I/Analytics( 7977): Running on TYPE_PHONE
02-18 09:42:28.026 I/VoiceDataDownloader( 7977): fetchVoiceInternal en-us
02-18 09:42:28.027 I/VoiceDataDownloader( 7977): Not already initialized. Initializing Superpacks.
02-18 09:42:28.031 D/NetworkSecurityConfig( 7977): No Network Security Config specified, using platform default
02-18 09:42:28.042 I/VoiceDataDownloader( 7977): Superpack object built.
02-18 09:42:28.042 I/VoiceDataDownloader( 7977): Superpack slicing strategy registered
02-18 09:42:28.048 I/VoiceDataDownloader( 7977): Superpack quota set for all voices.
02-18 09:42:28.048 I/VoiceDataDownloader( 7977): Got bundled voice en-us-x-multi-r43
02-18 09:42:28.130 I/SP      ( 7977): Registering ttsvoices.1363, url: null, constraints: *:*:*:*, flags: *, requested: 1363, current: 1363
02-18 09:42:28.152 I/VoiceDataDownloader( 7977): Initialization success: true
02-18 09:42:28.153 I/GoogleTTSApplication( 7977): VoiceDataDownloader initialized success true
02-18 09:42:28.153 I/VoiceDataDownloader( 7977): Superpacks created and default voices checked.
02-18 09:42:28.153 I/VoiceDataDownloader( 7977): Download of en-us started.
02-18 09:42:28.153 I/VoiceDataDownloader( 7977): Registered slicing strategy for en-us
02-18 09:42:28.154 I/VoiceDataDownloader( 7977): Getting pack name en-us-x-multi-r43
02-18 09:42:28.154 I/VoiceDataDownloader( 7977): Adding pack en-us-x-multi-r43 to superpack.
02-18 09:42:28.154 I/VoiceDataDownloader( 7977): Getting pack name en-us-x-multi-seanet-r43
02-18 09:42:28.154 I/VoiceDataDownloader( 7977): Adding pack en-us-x-multi-seanet-r43 to superpack.
02-18 09:42:28.154 I/VoiceDataDownloader( 7977): Getting pack name en-us-x-afh-r43
02-18 09:42:28.154 I/VoiceDataDownloader( 7977): Adding pack en-us-x-afh-r43 to superpack.
02-18 09:42:28.154 I/VoiceDataDownloader( 7977): Getting pack name en-us-x-fis-r43
02-18 09:42:28.154 I/VoiceDataDownloader( 7977): Adding pack en-us-x-fis-r43 to superpack.
02-18 09:42:28.154 I/VoiceDataDownloader( 7977): Getting pack name en-us-x-multi-wavernn-r43
02-18 09:42:28.155 I/VoiceDataDownloader( 7977): Adding pack en-us-x-multi-wavernn-r43 to superpack.
02-18 09:42:28.155 I/VoiceDataDownloader( 7977): Getting pack name en-us-x-multi-darwinn-wavernn-r43
02-18 09:42:28.155 I/VoiceDataDownloader( 7977): Adding pack en-us-x-multi-darwinn-wavernn-r43 to superpack.
02-18 09:42:28.155 I/VoiceDataDownloader( 7977): Syncing superpack en-us
02-18 09:42:28.156 I/SP      ( 7977): Registering en-us.43, url: null, constraints: *:*:*:*, flags: *, requested: 43, current: 43
02-18 09:42:28.173 I/VoiceLanguageHelper( 7977): #initializeLanguages
02-18 09:42:28.177 I/SP      ( 7977): Syncing en-us (43) with slices: [{en-us-x-multi-r43, m:*:*:*}], metadata: false
02-18 09:42:28.207 I/SP      ( 7977): Sync for en-us succeeded in 46 ms: no changes
02-18 09:42:28.207 I/SP      ( 7977): GC for 'en-us' (10) with ttl of 0 ms took 0 ms (0/0/0)
02-18 09:42:28.212 I/VoiceDataDownloader( 7977): Superpack download completed.
02-18 09:42:28.212 I/VoiceDataDownloader( 7977): Download default Success true
02-18 09:42:28.216 I/LPDownloadSettingsState( 7977): Defaulting LP download condition to WIFI_ONLY as user has not edited settings.
02-18 09:42:28.216 I/DefaultLPManager( 7977): #getAvailablePackages
02-18 09:42:28.217 I/ecz     ( 7977): #getDownloadableLanguagePacks
02-18 09:42:28.217 W/SystemLPSourceImpl( 7977): #getAvailablePackages: Note there is not reason to call this method, as getInstalledPackages() returns the same LanguagePacks for this impl.
02-18 09:42:28.219 I/LPRequestClient( 7977): #getAllPacks
02-18 09:42:28.219 I/DefaultLPManager( 7977): #getAvailablePackages
02-18 09:42:28.220 I/ecz     ( 7977): #getDownloadableLanguagePacks
02-18 09:42:28.220 W/SystemLPSourceImpl( 7977): #getAvailablePackages: Note there is not reason to call this method, as getInstalledPackages() returns the same LanguagePacks for this impl.
02-18 09:42:28.221 I/DefaultLPManager( 7977): #getRequestedPackages
02-18 09:42:28.221 I/LPRequestState( 7977): [ManagerRequests] #resolveDesiredLanguagePacks
02-18 09:42:28.221 I/ecz     ( 7977): #getDownloadableLanguagePacks
02-18 09:42:28.221 W/SystemLPSourceImpl( 7977): #getRequestedPackages: There is not reason to call this method, as the result is always empty.
02-18 09:42:28.221 I/DefaultLPManager( 7977): #getInstalledPackages
02-18 09:42:28.222 I/ecz     ( 7977): #getInstalledPackages
02-18 09:42:28.222 I/LPRequestState( 7977): [ZipfileRequests] #resolveDesiredLanguagePacks
02-18 09:42:28.222 I/ecz     ( 7977): #getPendingPackages
02-18 09:42:28.222 I/DefaultLPManager( 7977): #getInstalledPackages
02-18 09:42:28.222 I/ecz     ( 7977): #getInstalledPackages
02-18 09:42:28.223 I/DefaultLPManager( 7977): #getRequestedPackages
02-18 09:42:28.223 I/ecz     ( 7977): #getDownloadableLanguagePacks
02-18 09:42:28.224 W/SystemLPSourceImpl( 7977): #getRequestedPackages: There is not reason to call this method, as the result is always empty.
02-18 09:42:28.224 I/DefaultLPManager( 7977): #getAvailablePackages
02-18 09:42:28.225 I/LPRequestState( 7977): [ZipfileRequests] #resolveDesiredLanguagePacks
02-18 09:42:28.225 I/ecz     ( 7977): #getDownloadableLanguagePacks
02-18 09:42:28.226 W/SystemLPSourceImpl( 7977): #getAvailablePackages: Note there is not reason to call this method, as getInstalledPackages() returns the same LanguagePacks for this impl.
02-18 09:42:28.226 I/ecz     ( 7977): #getPendingPackages
02-18 09:42:28.242 I/WM-WorkerWrapper( 7977): Worker result SUCCESS for Work [ id=53f26bef-7bbc-4602-b823-e6001688824d, tags={ com.google.apps.tiktok.contrib.work.TikTokListenableWorker, TikTokWorker#com.google.apps.tiktok.sync.impl.workmanager.SyncWorker } ]
02-18 09:42:28.243 I/gle.android.tt( 7977): Rejecting re-init on previously-failed class java.lang.Class<androidx.wear.ambient.WearableControllerProvider$1>: java.lang.NoClassDefFoundError: Failed resolution of: Lcom/google/android/wearable/compat/WearableActivityController$AmbientCallback;
02-18 09:42:28.243 I/gle.android.tt( 7977):   at void fxn.d(java.lang.Runnable, java.util.concurrent.Executor) (PG:3)
02-18 09:42:28.243 I/gle.android.tt( 7977):   at void cfc.<init>(fxm, fxo) (PG:3)
02-18 09:42:28.243 I/gle.android.tt( 7977):   at fxo cfe.b(java.lang.Runnable, long, java.util.concurrent.TimeUnit) (PG:4)
02-18 09:42:28.243 I/gle.android.tt( 7977):   at fxo cfq.b(java.lang.Runnable, long, java.util.concurrent.TimeUnit) (PG:1)
02-18 09:42:28.243 I/gle.android.tt( 7977):   at void evf.b(boolean) (PG:7)
02-18 09:42:28.243 I/gle.android.tt( 7977):   at void evf.p() (PG:4)
02-18 09:42:28.243 I/gle.android.tt( 7977):   at void dlc.c(java.util.Map) (PG:3)
02-18 09:42:28.243 I/gle.android.tt( 7977):   at void dlo.a() (PG:6)
02-18 09:42:28.243 I/gle.android.tt( 7977):   at void dlh.a() (PG:5)
02-18 09:42:28.243 I/gle.android.tt( 7977):   at void evl.onCreate() (PG:23)
02-18 09:42:28.243 I/gle.android.tt( 7977):   at void brr.onCreate() (PG:1)
02-18 09:42:28.243 I/gle.android.tt( 7977):   at void bob.onCreate() (PG:4)
02-18 09:42:28.243 I/gle.android.tt( 7977):   at void com.google.android.apps.speech.tts.googletts.GoogleTTSRoot_Application.onCreate() (PG:12)
02-18 09:42:28.243 I/gle.android.tt( 7977):   at void android.app.Instrumentation.callApplicationOnCreate(android.app.Application) (Instrumentation.java:1154)
02-18 09:42:28.243 I/gle.android.tt( 7977):   at void android.app.ActivityThread.handleBindApplication(android.app.ActivityThread$AppBindData) (ActivityThread.java:6034)
02-18 09:42:28.243 I/gle.android.tt( 7977):   at void android.app.ActivityThread.access$1100(android.app.ActivityThread, android.app.ActivityThread$AppBindData) (ActivityThread.java:207)
02-18 09:42:28.243 I/gle.android.tt( 7977):   at void android.app.ActivityThread$H.handleMessage(android.os.Message) (ActivityThread.java:1663)
02-18 09:42:28.243 I/gle.android.tt( 7977):   at void android.os.Handler.dispatchMessage(android.os.Message) (Handler.java:106)
02-18 09:42:28.243 I/gle.android.tt( 7977):   at void android.os.Looper.loop() (Looper.java:193)
02-18 09:42:28.243 I/gle.android.tt( 7977):   at void android.app.ActivityThread.main(java.lang.String[]) (ActivityThread.java:6838)
02-18 09:42:28.243 I/gle.android.tt( 7977):   at java.lang.Object java.lang.reflect.Method.invoke(java.lang.Object, java.lang.Object[]) (Method.java:-2)
02-18 09:42:28.243 I/gle.android.tt( 7977):   at void com.android.internal.os.RuntimeInit$MethodAndArgsCaller.run() (RuntimeInit.java:493)
02-18 09:42:28.243 I/gle.android.tt( 7977):   at void com.android.internal.os.ZygoteInit.main(java.lang.String[]) (ZygoteInit.java:860)
02-18 09:42:28.243 I/gle.android.tt( 7977): Caused by: java.lang.ClassNotFoundException: Didn't find class "com.google.android.wearable.compat.WearableActivityController$AmbientCallback" on path: DexPathList[[zip file "/system/app/GoogleTTS/GoogleTTS.apk"],nativeLibraryDirectories=[/system/app/GoogleTTS/lib/x86_64, /system/app/GoogleTTS/GoogleTTS.apk!/lib/x86_64, /system/lib64, /system/vendor/lib64, /system/lib64, /system/vendor/lib64]]
02-18 09:42:28.243 I/gle.android.tt( 7977):   at java.lang.Class dalvik.system.BaseDexClassLoader.findClass(java.lang.String) (BaseDexClassLoader.java:134)
02-18 09:42:28.243 I/gle.android.tt( 7977):   at java.lang.Class java.lang.ClassLoader.loadClass(java.lang.String, boolean) (ClassLoader.java:379)
02-18 09:42:28.243 I/gle.android.tt( 7977):   at java.lang.Class java.lang.ClassLoader.loadClass(java.lang.String) (ClassLoader.java:312)
02-18 09:42:28.243 I/gle.android.tt( 7977):   at void fxn.d(java.lang.Runnable, java.util.concurrent.Executor) (PG:3)
02-18 09:42:28.243 I/gle.android.tt( 7977):   at void cfc.<init>(fxm, fxo) (PG:3)
02-18 09:42:28.243 I/gle.android.tt( 7977):   at fxo cfe.b(java.lang.Runnable, long, java.util.concurrent.TimeUnit) (PG:4)
02-18 09:42:28.243 I/gle.android.tt( 7977):   at fxo cfq.b(java.lang.Runnable, long, java.util.concurrent.TimeUnit) (PG:1)
02-18 09:42:28.243 I/gle.android.tt( 7977):   at void evf.b(boolean) (PG:7)
02-18 09:42:28.243 I/gle.android.tt( 7977):   at void evf.p() (PG:4)
02-18 09:42:28.243 I/gle.android.tt( 7977):   at void dlc.c(java.util.Map) (PG:3)
02-18 09:42:28.243 I/gle.android.tt( 7977):   at void dlo.a() (PG:6)
02-18 09:42:28.243 I/gle.android.tt( 7977):   at void dlh.a() (PG:5)
02-18 09:42:28.243 I/gle.android.tt( 7977):   at void evl.onCreate() (PG:23)
02-18 09:42:28.243 I/gle.android.tt( 7977):   at void brr.onCreate() (PG:1)
02-18 09:42:28.243 I/gle.android.tt( 7977):   at void bob.onCreate() (PG:4)
02-18 09:42:28.243 I/gle.android.tt( 7977):   at void com.google.android.apps.speech.tts.googletts.GoogleTTSRoot_Application.onCreate() (PG:12)
02-18 09:42:28.243 I/gle.android.tt( 7977):   at void android.app.Instrumentation.callApplicationOnCreate(android.app.Application) (Instrumentation.java:1154)
02-18 09:42:28.243 I/gle.android.tt( 7977):   at void android.app.ActivityThread.handleBindApplication(android.app.ActivityThread$AppBindData) (ActivityThread.java:6034)
02-18 09:42:28.243 I/gle.android.tt( 7977):   at void android.app.ActivityThread.access$1100(android.app.ActivityThread, android.app.ActivityThread$AppBindData) (ActivityThread.java:207)
02-18 09:42:28.243 I/gle.android.tt( 7977):   at void android.app.ActivityThread$H.handleMessage(android.os.Message) (ActivityThread.java:1663)
02-18 09:42:28.243 I/gle.android.tt( 7977):   at void android.os.Handler.dispatchMessage(android.os.Message) (Handler.java:106)
02-18 09:42:28.243 I/gle.android.tt( 7977):   at void android.os.Looper.loop() (Looper.java:193)
02-18 09:42:28.243 I/gle.android.tt( 7977):   at void android.app.ActivityThread.main(java.lang.String[]) (ActivityThread.java:6838)
02-18 09:42:28.243 I/gle.android.tt( 7977):   at java.lang.Object java.lang.reflect.Method.invoke(java.lang.Object, java.lang.Object[]) (Method.java:-2)
02-18 09:42:28.243 I/gle.android.tt( 7977):   at void com.android.internal.os.RuntimeInit$MethodAndArgsCaller.run() (RuntimeInit.java:493)
02-18 09:42:28.243 I/gle.android.tt( 7977):   at void com.android.internal.os.ZygoteInit.main(java.lang.String[]) (ZygoteInit.java:860)
02-18 09:42:28.243 I/gle.android.tt( 7977): 
02-18 09:42:28.243 I/gle.android.tt( 7977): Rejecting re-init on previously-failed class java.lang.Class<androidx.wear.ambient.WearableControllerProvider$1>: java.lang.NoClassDefFoundError: Failed resolution of: Lcom/google/android/wearable/compat/WearableActivityController$AmbientCallback;
02-18 09:42:28.243 I/gle.android.tt( 7977):   at void fxn.d(java.lang.Runnable, java.util.concurrent.Executor) (PG:3)
02-18 09:42:28.243 I/gle.android.tt( 7977):   at void cfc.<init>(fxm, fxo) (PG:3)
02-18 09:42:28.243 I/gle.android.tt( 7977):   at fxo cfe.b(java.lang.Runnable, long, java.util.concurrent.TimeUnit) (PG:4)
02-18 09:42:28.243 I/gle.android.tt( 7977):   at fxo cfq.b(java.lang.Runnable, long, java.util.concurrent.TimeUnit) (PG:1)
02-18 09:42:28.243 I/gle.android.tt( 7977):   at void evf.b(boolean) (PG:7)
02-18 09:42:28.243 I/gle.android.tt( 7977):   at void evf.p() (PG:4)
02-18 09:42:28.243 I/gle.android.tt( 7977):   at void dlc.c(java.util.Map) (PG:3)
02-18 09:42:28.243 I/gle.android.tt( 7977):   at void dlo.a() (PG:6)
02-18 09:42:28.243 I/gle.android.tt( 7977):   at void dlh.a() (PG:5)
02-18 09:42:28.243 I/gle.android.tt( 7977):   at void evl.onCreate() (PG:23)
02-18 09:42:28.243 I/gle.android.tt( 7977):   at void brr.onCreate() (PG:1)
02-18 09:42:28.243 I/gle.android.tt( 7977):   at void bob.onCreate() (PG:4)
02-18 09:42:28.243 I/gle.android.tt( 7977):   at void com.google.android.apps.speech.tts.googletts.GoogleTTSRoot_Application.onCreate() (PG:12)
02-18 09:42:28.243 I/gle.android.tt( 7977):   at void android.app.Instrumentation.callApplicationOnCreate(android.app.Application) (Instrumentation.java:1154)
02-18 09:42:28.243 I/gle.android.tt( 7977):   at void android.app.ActivityThread.handleBindApplication(android.app.ActivityThread$AppBindData) (ActivityThread.java:6034)
02-18 09:42:28.243 I/gle.android.tt( 7977):   at void android.app.ActivityThread.access$1100(android.app.ActivityThread, android.app.ActivityThread$AppBindData) (ActivityThread.java:207)
02-18 09:42:28.243 I/gle.android.tt( 7977):   at void android.app.ActivityThread$H.handleMessage(android.os.Message) (ActivityThread.java:1663)
02-18 09:42:28.243 I/gle.android.tt( 7977):   at void android.os.Handler.dispatchMessage(android.os.Message) (Handler.java:106)
02-18 09:42:28.243 I/gle.android.tt( 7977):   at void android.os.Looper.loop() (Looper.java:193)
02-18 09:42:28.243 I/gle.android.tt( 7977):   at void android.app.ActivityThread.main(java.lang.String[]) (ActivityThread.java:6838)
02-18 09:42:28.243 I/gle.android.tt( 7977):   at java.lang.Object java.lang.reflect.Method.invoke(java.lang.Object, java.lang.Object[]) (Method.java:-2)
02-18 09:42:28.243 I/gle.android.tt( 7977):   at void com.android.internal.os.RuntimeInit$MethodAndArgsCaller.run() (RuntimeInit.java:493)
02-18 09:42:28.243 I/gle.android.tt( 7977):   at void com.android.internal.os.ZygoteInit.main(java.lang.String[]) (ZygoteInit.java:860)
02-18 09:42:28.243 I/gle.android.tt( 7977): Caused by: java.lang.ClassNotFoundException: Didn't find class "com.google.android.wearable.compat.WearableActivityController$AmbientCallback" on path: DexPathList[[zip file "/system/app/GoogleTTS/GoogleTTS.apk"],nativeLibraryDirectories=[/system/app/GoogleTTS/lib/x86_64, /system/app/GoogleTTS/GoogleTTS.apk!/lib/x86_64, /system/lib64, /system/vendor/lib64, /system/lib64, /system/vendor/lib64]]
02-18 09:42:28.243 I/gle.android.tt( 7977):   at java.lang.Class dalvik.system.BaseDexClassLoader.findClass(java.lang.String) (BaseDexClassLoader.java:134)
02-18 09:42:28.243 I/gle.android.tt( 7977):   at java.lang.Class java.lang.ClassLoader.loadClass(java.lang.String, boolean) (ClassLoader.java:379)
02-18 09:42:28.243 I/gle.android.tt( 7977):   at java.lang.Class java.lang.ClassLoader.loadClass(java.lang.String) (ClassLoader.java:312)
02-18 09:42:28.243 I/gle.android.tt( 7977):   at void fxn.d(java.lang.Runnable, java.util.concurrent.Executor) (PG:3)
02-18 09:42:28.243 I/gle.android.tt( 7977):   at void cfc.<init>(fxm, fxo) (PG:3)
02-18 09:42:28.243 I/gle.android.tt( 7977):   at fxo cfe.b(java.lang.Runnable, long, java.util.concurrent.TimeUnit) (PG:4)
02-18 09:42:28.243 I/gle.android.tt( 7977):   at fxo cfq.b(java.lang.Runnable, long, java.util.concurrent.TimeUnit) (PG:1)
02-18 09:42:28.243 I/gle.android.tt( 7977):   at void evf.b(boolean) (PG:7)
02-18 09:42:28.243 I/gle.android.tt( 7977):   at void evf.p() (PG:4)
02-18 09:42:28.243 I/gle.android.tt( 7977):   at void dlc.c(java.util.Map) (PG:3)
02-18 09:42:28.243 I/gle.android.tt( 7977):   at void dlo.a() (PG:6)
02-18 09:42:28.243 I/gle.android.tt( 7977):   at void dlh.a() (PG:5)
02-18 09:42:28.243 I/gle.android.tt( 7977):   at void evl.onCreate() (PG:23)
02-18 09:42:28.243 I/gle.android.tt( 7977):   at void brr.onCreate() (PG:1)
02-18 09:42:28.243 I/gle.android.tt( 7977):   at void bob.onCreate() (PG:4)
02-18 09:42:28.243 I/gle.android.tt( 7977):   at void com.google.android.apps.speech.tts.googletts.GoogleTTSRoot_Application.onCreate() (PG:12)
02-18 09:42:28.243 I/gle.android.tt( 7977):   at void android.app.Instrumentation.callApplicationOnCreate(android.app.Application) (Instrumentation.java:1154)
02-18 09:42:28.243 I/gle.android.tt( 7977):   at void android.app.ActivityThread.handleBindApplication(android.app.ActivityThread$AppBindData) (ActivityThread.java:6034)
02-18 09:42:28.243 I/gle.android.tt( 7977):   at void android.app.ActivityThread.access$1100(android.app.ActivityThread, android.app.ActivityThread$AppBindData) (ActivityThread.java:207)
02-18 09:42:28.243 I/gle.android.tt( 7977):   at void android.app.ActivityThread$H.handleMessage(android.os.Message) (ActivityThread.java:1663)
02-18 09:42:28.243 I/gle.android.tt( 7977):   at void android.os.Handler.dispatchMessage(android.os.Message) (Handler.java:106)
02-18 09:42:28.243 I/gle.android.tt( 7977):   at void android.os.Looper.loop() (Looper.java:193)
02-18 09:42:28.243 I/gle.android.tt( 7977):   at void android.app.ActivityThread.main(java.lang.String[]) (ActivityThread.java:6838)
02-18 09:42:28.243 I/gle.android.tt( 7977):   at java.lang.Object java.lang.reflect.Method.invoke(java.lang.Object, java.lang.Object[]) (Method.java:-2)
02-18 09:42:28.243 I/gle.android.tt( 7977):   at void com.android.internal.os.RuntimeInit$MethodAndArgsCaller.run() (RuntimeInit.java:493)
02-18 09:42:28.243 I/gle.android.tt( 7977):   at void com.android.internal.os.ZygoteInit.main(java.lang.String[]) (ZygoteInit.java:860)
02-18 09:42:28.243 I/gle.android.tt( 7977): 
02-18 09:42:28.299 I/LPAutoUpdateSynclet( 7977): Background downloading 0 packs, for an ideal set of 0 total packs
02-18 09:42:28.300 I/LPRequestState( 7977): [ManagerRequests] #resolveUnusedLanguagePacks
02-18 09:42:28.300 I/LPRequestState( 7977): [ManagerRequests] #resolveDesiredLanguagePacks
02-18 09:42:28.300 I/LPRequestState( 7977): [ManagerRequests] #resolveUnusedLanguagePacks
02-18 09:42:28.300 I/LPRequestState( 7977): [ManagerRequests] #resolveDesiredLanguagePacks
02-18 09:42:28.301 I/LPAutoUpdateSynclet( 7977): Background deleting 0 stale packs
02-18 09:42:28.301 I/LPAutoUpdateSynclet( 7977): Background LanguagePack updates finished successfully
02-18 09:42:28.354 W/.gms.persisten( 2041): Unknown chunk type '200'.
02-18 09:42:28.354 W/.gms.persisten( 2041): Unknown chunk type '200'.
02-18 09:42:28.392 I/chatty  ( 1570): uid=1000 system_server expire 1 line
02-18 09:42:28.478 D/audio_hw_hal( 1408): log_func, out_standby
02-18 09:42:28.478 D/audio_hw_hal( 1408): raw_close_output_stream, dev=0xf5e10000, stream =0xf5e1b000
02-18 09:42:28.478 D/audio_hw_hal( 1408): raw_close_output_stream, stream=0xf5e1b000,  success!
02-18 09:42:28.516 I/RenderThread( 7782): type=1400 audit(0.0:1587): avc: denied { ioctl } for path="/dev/fastpipe" dev="tmpfs" ino=3123 ioctlcmd=6867 scontext=u:r:untrusted_app:s0:c70,c256,c512,c768 tcontext=u:object_r:device:s0 tclass=chr_file permissive=1
02-18 09:42:28.549 D/audio_hw_hal( 1408): raw_start_output_stream, stream=0xf5e1b000, sampleRate=48000, channel=2, bps=16, bufSize=4096
02-18 09:42:28.642 I/chatty  ( 1431): uid=1000(system) /system/bin/surfaceflinger expire 2 lines
02-18 09:42:28.655 E/EGL_emulation( 7782): tid 7815: eglSurfaceAttrib(1504): error 0x3009 (EGL_BAD_MATCH)
02-18 09:42:28.655 W/OpenGLRenderer( 7782): Failed to set EGL_SWAP_BEHAVIOR on surface 0x7638756ee180, error=EGL_BAD_MATCH
02-18 09:42:28.692 W/ContextImpl( 2230): Calling a method in the system process without a qualified user: android.app.ContextImpl.startService:1531 android.content.ContextWrapper.startService:664 android.content.ContextWrapper.startService:664 com.android.coreservice.CoreBroadcastReceiver.onReceive:70 android.app.ActivityThread.handleReceiver:3424 
02-18 09:42:28.709 I/oid.coreservice( 2230): type=1400 audit(0.0:1589): avc: denied { ioctl } for path="/dev/fastpipe" dev="tmpfs" ino=3123 ioctlcmd=6869 scontext=u:r:system_app:s0 tcontext=u:object_r:device:s0 tclass=chr_file permissive=1
02-18 09:42:28.872 W/System  ( 2626): A resource failed to call close. 
02-18 09:42:28.872 W/System  ( 2626): A resource failed to call close. 
02-18 09:42:30.278 I/chatty  ( 2230): uid=1000(system) com.android.coreservice identical 3 lines
02-18 09:42:30.280 W/ContextImpl( 2230): Calling a method in the system process without a qualified user: android.app.ContextImpl.startService:1531 android.content.ContextWrapper.startService:664 android.content.ContextWrapper.startService:664 com.android.coreservice.CoreBroadcastReceiver.onReceive:70 android.app.ActivityThread.handleReceiver:3424 
02-18 09:42:30.282 I/chatty  ( 1570): uid=1000(system) Binder:1570_8 expire 1 line
02-18 09:42:30.286 I/chatty  ( 1570): uid=1000(system) Binder:1570_17 expire 1 line
02-18 09:42:30.319 I/RenderThread( 2626): type=1400 audit(0.0:1591): avc: denied { ioctl } for path="/dev/fastpipe" dev="tmpfs" ino=3123 ioctlcmd=6869 scontext=u:r:platform_app:s0:c512,c768 tcontext=u:object_r:device:s0 tclass=chr_file permissive=1
02-18 09:42:30.331 E/EGL_emulation( 2626): tid 4177: eglSurfaceAttrib(1504): error 0x3009 (EGL_BAD_MATCH)
02-18 09:42:30.331 W/OpenGLRenderer( 2626): Failed to set EGL_SWAP_BEHAVIOR on surface 0x763892738d00, error=EGL_BAD_MATCH
02-18 09:42:30.416 I/chatty  ( 1570): uid=1000(system) FinalizerDaemon expire 167 lines
02-18 09:42:30.742 I/m.zero.sentinel( 7782): type=1400 audit(0.0:1592): avc: denied { write } for name="qmux_bluetooth" dev="tmpfs" ino=852 scontext=u:r:untrusted_app:s0:c70,c256,c512,c768 tcontext=u:object_r:socket_device:s0 tclass=sock_file permissive=1
02-18 09:42:30.742 I/m.zero.sentinel( 7782): type=1400 audit(0.0:1593): avc: denied { sendto } for path="/dev/socket/qmux_bluetooth" scontext=u:r:untrusted_app:s0:c70,c256,c512,c768 tcontext=u:r:ldinit:s0 tclass=unix_dgram_socket permissive=1
02-18 09:42:30.822 D/LdAnalyticsSDK( 7096): responseCode = 200
02-18 09:42:31.078 W/ContextImpl( 2230): Calling a method in the system process without a qualified user: android.app.ContextImpl.sendBroadcast:1005 android.content.ContextWrapper.sendBroadcast:444 com.android.coreservice.CoreService.sendImeAction:797 com.android.coreservice.HostService.onReceived:338 com.android.coreservice.HostService.onData:258 
02-18 09:42:31.635 D/audio_hw_hal( 1408): log_func, out_standby
02-18 09:42:31.635 D/audio_hw_hal( 1408): raw_close_output_stream, dev=0xf5e10000, stream =0xf5e1b000
02-18 09:42:31.635 D/audio_hw_hal( 1408): raw_close_output_stream, stream=0xf5e1b000,  success!
02-18 09:42:32.099 I/chatty  ( 2230): uid=1000(system) com.android.coreservice identical 4 lines
02-18 09:42:32.358 W/ContextImpl( 2230): Calling a method in the system process without a qualified user: android.app.ContextImpl.sendBroadcast:1005 android.content.ContextWrapper.sendBroadcast:444 com.android.coreservice.CoreService.sendImeAction:797 com.android.coreservice.HostService.onReceived:338 com.android.coreservice.HostService.onData:258 
02-18 09:42:33.747 D/audio_hw_hal( 1408): raw_start_output_stream, stream=0xf5e1b000, sampleRate=48000, channel=2, bps=16, bufSize=4096
02-18 09:42:33.760 I/keystore( 1440): 1 0
02-18 09:42:33.770 W/BroadcastQueue( 1570): Background execution not allowed: receiving Intent { act=android.intent.action.DROPBOX_ENTRY_ADDED flg=0x10 (has extras) } to com.google.android.gms/.stats.service.DropBoxEntryAddedReceiver
02-18 09:42:33.770 W/BroadcastQueue( 1570): Background execution not allowed: receiving Intent { act=android.intent.action.DROPBOX_ENTRY_ADDED flg=0x10 (has extras) } to com.google.android.gms/.chimera.GmsIntentOperationService$PersistentTrustedReceiver
02-18 09:42:33.779 W/BroadcastQueue( 1570): Background execution not allowed: receiving Intent { act=android.intent.action.DROPBOX_ENTRY_ADDED flg=0x10 (has extras) } to com.google.android.gms/.stats.service.DropBoxEntryAddedReceiver
02-18 09:42:33.781 W/BroadcastQueue( 1570): Background execution not allowed: receiving Intent { act=android.intent.action.DROPBOX_ENTRY_ADDED flg=0x10 (has extras) } to com.google.android.gms/.chimera.GmsIntentOperationService$PersistentTrustedReceiver
02-18 09:42:33.794 I/chatty  ( 1440): uid=1017(keystore) /system/bin/keystore identical 8 lines
02-18 09:42:33.803 I/keystore( 1440): 1 0
02-18 09:42:33.813 W/BroadcastQueue( 1570): Background execution not allowed: receiving Intent { act=android.intent.action.DROPBOX_ENTRY_ADDED flg=0x10 (has extras) } to com.google.android.gms/.stats.service.DropBoxEntryAddedReceiver
02-18 09:42:33.814 I/ActivityManager( 1570): START u0 {cmp=com.zero.sentinel/.ui.MainActivity} from uid 10070
02-18 09:42:33.839 I/ldinit  ( 8021): type=1400 audit(0.0:1594): avc: denied { execute } for name="sh" dev="sda2" ino=1676 scontext=u:r:ldinit:s0 tcontext=u:object_r:shell_exec:s0 tclass=file permissive=1
02-18 09:42:33.839 I/ldinit  ( 8021): type=1400 audit(0.0:1595): avc: denied { read open } for path="/system/bin/sh" dev="sda2" ino=1676 scontext=u:r:ldinit:s0 tcontext=u:object_r:shell_exec:s0 tclass=file permissive=1
02-18 09:42:33.839 I/ldinit  ( 8021): type=1400 audit(0.0:1596): avc: denied { execute_no_trans } for path="/system/bin/sh" dev="sda2" ino=1676 scontext=u:r:ldinit:s0 tcontext=u:object_r:shell_exec:s0 tclass=file permissive=1
02-18 09:42:33.840 W/BroadcastQueue( 1570): Background execution not allowed: receiving Intent { act=android.intent.action.DROPBOX_ENTRY_ADDED flg=0x10 (has extras) } to com.google.android.gms/.chimera.GmsIntentOperationService$PersistentTrustedReceiver
02-18 09:42:33.841 W/ContextImpl( 2230): Calling a method in the system process without a qualified user: android.app.ContextImpl.startService:1531 android.content.ContextWrapper.startService:664 android.content.ContextWrapper.startService:664 com.android.coreservice.CoreBroadcastReceiver.onReceive:45 android.app.ActivityThread.handleReceiver:3424 
02-18 09:42:33.849 I/sh      ( 8021): type=1400 audit(0.0:1597): avc: denied { getattr } for path="/system/bin/sh" dev="sda2" ino=1676 scontext=u:r:ldinit:s0 tcontext=u:object_r:shell_exec:s0 tclass=file permissive=1
02-18 09:42:33.850 D/ldinit  ( 1428): ld_exec_cmd am broadcast -a com.ldmnq.APP_FOREGROUND -p com.android.ld.appstore -f 32 --es package com.zero.sentinel --es pos pc
02-18 09:42:33.850 D/ldinit  ( 1428): result:
02-18 09:42:33.878 D/OpenGLRenderer( 7782): endAllActiveAnimators on 0x763875743800 (RippleDrawable) with handle 0x76388bdc13c0
02-18 09:42:33.892 I/servicemanager( 1347): type=1400 audit(0.0:1598): avc: denied { search } for name="8023" dev="proc" ino=143609 scontext=u:r:servicemanager:s0 tcontext=u:r:ldinit:s0 tclass=dir permissive=1
02-18 09:42:33.899 I/servicemanager( 1347): type=1400 audit(0.0:1599): avc: denied { read } for name="current" dev="proc" ino=142717 scontext=u:r:servicemanager:s0 tcontext=u:r:ldinit:s0 tclass=file permissive=1
02-18 09:42:33.922 D/ldinit  ( 1428): Broadcasting: Intent { act=com.ldmnq.APP_FOREGROUND flg=0x400020 pkg=com.android.ld.appstore (has extras) }
02-18 09:42:33.924 W/ActivityThread( 7782): handleWindowVisibility: no activity for token android.os.BinderProxy@918fe71
02-18 09:42:34.016 I/chatty  ( 1431): uid=1000(system) Binder:1431_5 expire 2 lines
02-18 09:42:34.040 W/BroadcastQueue( 1570): Background execution not allowed: receiving Intent { act=android.intent.action.DROPBOX_ENTRY_ADDED flg=0x10 (has extras) } to com.google.android.gms/.stats.service.DropBoxEntryAddedReceiver
02-18 09:42:34.071 I/chatty  ( 1570): uid=1000(system) HeapTaskDaemon expire 4 lines
02-18 09:42:34.073 W/BroadcastQueue( 1570): Background execution not allowed: receiving Intent { act=android.intent.action.DROPBOX_ENTRY_ADDED flg=0x10 (has extras) } to com.google.android.gms/.chimera.GmsIntentOperationService$PersistentTrustedReceiver
02-18 09:42:34.073 W/BroadcastQueue( 1570): Background execution not allowed: receiving Intent { act=android.intent.action.DROPBOX_ENTRY_ADDED flg=0x10 (has extras) } to com.google.android.gms/.stats.service.DropBoxEntryAddedReceiver
02-18 09:42:34.073 W/BroadcastQueue( 1570): Background execution not allowed: receiving Intent { act=android.intent.action.DROPBOX_ENTRY_ADDED flg=0x10 (has extras) } to com.google.android.gms/.chimera.GmsIntentOperationService$PersistentTrustedReceiver
02-18 09:42:34.073 W/BroadcastQueue( 1570): Background execution not allowed: receiving Intent { act=android.intent.action.DROPBOX_ENTRY_ADDED flg=0x10 (has extras) } to com.google.android.gms/.stats.service.DropBoxEntryAddedReceiver
02-18 09:42:34.073 W/BroadcastQueue( 1570): Background execution not allowed: receiving Intent { act=android.intent.action.DROPBOX_ENTRY_ADDED flg=0x10 (has extras) } to com.google.android.gms/.chimera.GmsIntentOperationService$PersistentTrustedReceiver
02-18 09:42:34.079 D/AppStartReceiver( 7096): onReceive, action = com.ldmnq.APP_FOREGROUND, extras = Bundle[{package=com.zero.sentinel, pos=pc}]
02-18 09:42:34.084 D/ldinit  ( 1428): Broadcast completed: result=0
02-18 09:42:34.090 D/ldinit  ( 1428): ld_exec_cmd am broadcast -a com.ldmnq.APP_FOREGROUND -p com.ldmnq.launcher3 -f 32 --es package com.zero.sentinel --es pos pc
02-18 09:42:34.090 D/ldinit  ( 1428): result:
02-18 09:42:34.111 D/ldinit  ( 1428): Broadcasting: Intent { act=com.ldmnq.APP_FOREGROUND flg=0x400020 pkg=com.ldmnq.launcher3 (has extras) }
02-18 09:42:34.124 D/AppStartReceiver( 2337): action = com.ldmnq.APP_FOREGROUND, packageName = com.zero.sentinel, pos = pc
02-18 09:42:34.146 D/ldinit  ( 1428): Broadcast completed: result=0
02-18 09:42:34.170 I/keystore( 1440): 1 0
02-18 09:42:34.201 W/BroadcastQueue( 1570): Background execution not allowed: receiving Intent { act=android.intent.action.DROPBOX_ENTRY_ADDED flg=0x10 (has extras) } to com.google.android.gms/.stats.service.DropBoxEntryAddedReceiver
02-18 09:42:34.202 W/BroadcastQueue( 1570): Background execution not allowed: receiving Intent { act=android.intent.action.DROPBOX_ENTRY_ADDED flg=0x10 (has extras) } to com.google.android.gms/.chimera.GmsIntentOperationService$PersistentTrustedReceiver
02-18 09:42:34.218 W/BroadcastQueue( 1570): Background execution not allowed: receiving Intent { act=android.intent.action.DROPBOX_ENTRY_ADDED flg=0x10 (has extras) } to com.google.android.gms/.stats.service.DropBoxEntryAddedReceiver
02-18 09:42:34.223 W/BroadcastQueue( 1570): Background execution not allowed: receiving Intent { act=android.intent.action.DROPBOX_ENTRY_ADDED flg=0x10 (has extras) } to com.google.android.gms/.chimera.GmsIntentOperationService$PersistentTrustedReceiver
02-18 09:42:34.227 W/BroadcastQueue( 1570): Background execution not allowed: receiving Intent { act=android.intent.action.DROPBOX_ENTRY_ADDED flg=0x10 (has extras) } to com.google.android.gms/.stats.service.DropBoxEntryAddedReceiver
02-18 09:42:34.228 W/BroadcastQueue( 1570): Background execution not allowed: receiving Intent { act=android.intent.action.DROPBOX_ENTRY_ADDED flg=0x10 (has extras) } to com.google.android.gms/.chimera.GmsIntentOperationService$PersistentTrustedReceiver
02-18 09:42:34.230 I/keystore( 1440): 1 0
02-18 09:42:34.298 W/BroadcastQueue( 1570): Background execution not allowed: receiving Intent { act=android.intent.action.DROPBOX_ENTRY_ADDED flg=0x10 (has extras) } to com.google.android.gms/.stats.service.DropBoxEntryAddedReceiver
02-18 09:42:34.298 W/BroadcastQueue( 1570): Background execution not allowed: receiving Intent { act=android.intent.action.DROPBOX_ENTRY_ADDED flg=0x10 (has extras) } to com.google.android.gms/.chimera.GmsIntentOperationService$PersistentTrustedReceiver
02-18 09:42:34.325 W/BroadcastQueue( 1570): Background execution not allowed: receiving Intent { act=android.intent.action.DROPBOX_ENTRY_ADDED flg=0x10 (has extras) } to com.google.android.gms/.stats.service.DropBoxEntryAddedReceiver
02-18 09:42:34.326 W/BroadcastQueue( 1570): Background execution not allowed: receiving Intent { act=android.intent.action.DROPBOX_ENTRY_ADDED flg=0x10 (has extras) } to com.google.android.gms/.chimera.GmsIntentOperationService$PersistentTrustedReceiver
02-18 09:42:34.338 W/BroadcastQueue( 1570): Background execution not allowed: receiving Intent { act=android.intent.action.DROPBOX_ENTRY_ADDED flg=0x10 (has extras) } to com.google.android.gms/.stats.service.DropBoxEntryAddedReceiver
02-18 09:42:34.339 W/BroadcastQueue( 1570): Background execution not allowed: receiving Intent { act=android.intent.action.DROPBOX_ENTRY_ADDED flg=0x10 (has extras) } to com.google.android.gms/.chimera.GmsIntentOperationService$PersistentTrustedReceiver
02-18 09:42:34.380 W/ContextImpl( 2230): Calling a method in the system process without a qualified user: android.app.ContextImpl.startService:1531 android.content.ContextWrapper.startService:664 android.content.ContextWrapper.startService:664 com.android.coreservice.CoreBroadcastReceiver.onReceive:54 android.app.ActivityThread.handleReceiver:3424 
02-18 09:42:34.458 E/EGL_emulation( 7782): tid 7815: eglSurfaceAttrib(1504): error 0x3009 (EGL_BAD_MATCH)
02-18 09:42:34.458 W/OpenGLRenderer( 7782): Failed to set EGL_SWAP_BEHAVIOR on surface 0x763888816b00, error=EGL_BAD_MATCH
02-18 09:42:34.480 I/chatty  ( 1431): uid=1000(system) Binder:1431_1 expire 1 line
02-18 09:42:34.506 V/StatusBar( 1711): mStatusBarWindow: com.android.systemui.statusbar.phone.StatusBarWindowView{5078266 V.ED..... ......ID 0,0-1920,36} canPanelBeCollapsed(): false
02-18 09:42:34.508 E/EGL_emulation( 7782): tid 7815: eglSurfaceAttrib(1504): error 0x3009 (EGL_BAD_MATCH)
02-18 09:42:34.509 W/OpenGLRenderer( 7782): Failed to set EGL_SWAP_BEHAVIOR on surface 0x7638756ee400, error=EGL_BAD_MATCH
02-18 09:42:34.559 W/ContextImpl( 2230): Calling a method in the system process without a qualified user: android.app.ContextImpl.startService:1531 android.content.ContextWrapper.startService:664 android.content.ContextWrapper.startService:664 com.android.coreservice.CoreBroadcastReceiver.onReceive:70 android.app.ActivityThread.handleReceiver:3424 
