--------- beginning of system
02-17 23:40:44.759 I/vold    ( 1357): Vold 3.0 (the awakening) firing up
02-17 23:40:44.759 V/vold    ( 1357): Detected support for: ext4 vfat
02-17 23:40:44.765 D/vold    ( 1357): Tearing down stale mount /mnt/temp
02-17 23:40:44.780 W/vold    ( 1357): Failed to LOOP_GET_STATUS64 /dev/block/loop6: No such device or address
02-17 23:40:44.780 W/vold    ( 1357): Failed to LOOP_GET_STATUS64 /dev/block/loop2: No such device or address
02-17 23:40:44.781 W/vold    ( 1357): Failed to LOOP_GET_STATUS64 /dev/block/loop5: No such device or address
02-17 23:40:44.781 W/vold    ( 1357): Failed to LOOP_GET_STATUS64 /dev/block/loop1: No such device or address
02-17 23:40:44.781 W/vold    ( 1357): Failed to LOOP_GET_STATUS64 /dev/block/loop4: No such device or address
02-17 23:40:44.781 W/vold    ( 1357): Failed to LOOP_GET_STATUS64 /dev/block/loop0: No such device or address
02-17 23:40:44.781 W/vold    ( 1357): Failed to LOOP_GET_STATUS64 /dev/block/loop7: No such device or address
02-17 23:40:44.781 W/vold    ( 1357): Failed to LOOP_GET_STATUS64 /dev/block/loop3: No such device or address
02-17 23:40:44.781 I/vold    ( 1357): [libfs_mgr]fs_mgr_read_fstab_default(): failed to find device default fstab
02-17 23:40:44.781 I/vold    ( 1357): [libfs_mgr]fs_mgr_read_fstab_dt(): failed to read fstab from dt
02-17 23:40:44.781 E/vold    ( 1357): Failed to open default fstab: No such file or directory
02-17 23:40:44.781 E/vold    ( 1357): Error reading configuration... continuing anyways: No such file or directory
02-17 23:40:45.784 D/vold    ( 1357): VoldNativeService::start() completed OK
02-17 23:40:45.787 D/vold    ( 1357): e4crypt_init_user0
02-17 23:40:45.791 D/vold    ( 1357): e4crypt_prepare_user_storage for volume null, user 0, serial 0, flags 1
02-17 23:40:45.791 D/vold    ( 1357): Preparing: /data/system/users/0
02-17 23:40:45.791 D/vold    ( 1357): Preparing: /data/misc/profiles/cur/0
02-17 23:40:45.792 D/vold    ( 1357): Preparing: /data/system_de/0
02-17 23:40:45.792 D/vold    ( 1357): Preparing: /data/misc_de/0
02-17 23:40:45.796 D/vold    ( 1357): Preparing: /data/vendor_de/0
02-17 23:40:45.797 D/vold    ( 1357): Preparing: /data/user_de/0
02-17 23:40:45.797 V/vold    ( 1357): /system/bin/vold_prepare_subdirs
02-17 23:40:45.797 V/vold    ( 1357):     prepare
02-17 23:40:45.797 V/vold    ( 1357):     
02-17 23:40:45.797 V/vold    ( 1357):     0
02-17 23:40:45.797 V/vold    ( 1357):     1
02-17 23:40:45.807 D/vold    ( 1357): e4crypt_unlock_user_key 0 serial=0 token_present=0
02-17 23:40:46.148 I/installd( 1439): installd firing up
02-17 23:40:46.951 I/wificond( 1449): wificond is starting up...
02-17 23:40:46.999 I/android.hardware.wifi@1.0-service( 1427): Wifi Hal is booting up...
02-17 23:40:47.409 W/storaged( 1448): health: invalid battery status
02-17 23:40:49.207 I/chatty  ( 1570): uid=1000 system_server expire 315 lines
02-17 23:40:49.322 I/chatty  ( 1570): uid=1000 system_server expire 12 lines
02-17 23:40:49.374 I/chatty  ( 1570): uid=1000(system) batterystats-wo expire 11 lines
02-17 23:40:49.460 I/chatty  ( 1570): uid=1000(system) android.display expire 3 lines
02-17 23:40:49.890 I/storaged( 1448): storaged: Start
02-17 23:40:49.890 E/storaged( 1448): getDiskStats failed with result NOT_SUPPORTED and size 0
02-17 23:40:50.096 I/chatty  ( 1570): uid=1000(system) NetworkWatchlis expire 2 lines
02-17 23:40:50.109 I/chatty  ( 1570): uid=1000(system) android.bg expire 4 lines
02-17 23:40:50.131 I/chatty  ( 1570): uid=1000(system) StorageManagerS expire 4 lines
02-17 23:40:50.131 E/vold    ( 1357): Failed to read field SystemLocale: Success
02-17 23:40:50.138 I/chatty  ( 1570): uid=1000 system_server expire 2 lines
02-17 23:40:50.138 I/chatty  ( 1570): uid=1000(system) android.io expire 1 line
02-17 23:40:50.151 I/vold    ( 1357): [libfs_mgr]fs_mgr_read_fstab_default(): failed to find device default fstab
02-17 23:40:50.151 I/vold    ( 1357): [libfs_mgr]fs_mgr_read_fstab_dt(): failed to read fstab from dt
02-17 23:40:50.174 I/chatty  ( 1570): uid=1000 system_server expire 1 line
02-17 23:40:50.198 I/chatty  ( 1570): uid=1000(system) NetdConnector expire 1 line
02-17 23:40:50.231 I/chatty  ( 1570): uid=1000(system) InputDispatcher expire 2 lines
02-17 23:40:50.356 I/chatty  ( 1570): uid=1000 system_server expire 162 lines
02-17 23:40:50.425 I/chatty  ( 1570): uid=1000(system) HwBinder:1570_1 expire 2 lines
02-17 23:40:50.455 I/chatty  ( 1570): uid=1000 system_server expire 2 lines
02-17 23:40:50.583 I/chatty  ( 1570): uid=1000(system) PowerManagerSer expire 1 line
02-17 23:40:50.584 I/chatty  ( 1570): uid=1000(system) batterystats-wo expire 8 lines
02-17 23:40:50.634 I/chatty  ( 1570): uid=1000(system) android.io expire 1 line
02-17 23:40:50.690 I/chatty  ( 1570): uid=1000(system) StorageManagerS expire 3 lines
02-17 23:40:50.691 D/vold    ( 1357): e4crypt_unlock_user_key 0 serial=0 token_present=0
02-17 23:40:50.692 I/chatty  ( 1570): uid=1000(system) ActivityManager expire 1 line
02-17 23:40:50.694 I/chatty  ( 1570): uid=1000(system) Binder:1570_2 expire 1 line
02-17 23:40:50.697 V/vold    ( 1357): Waiting for FUSE to spin up...
02-17 23:40:50.697 I/chatty  ( 1570): uid=1000 system_server expire 1 line
02-17 23:40:50.697 I/chatty  ( 1570): uid=1000(system) AudioService expire 2 lines
02-17 23:40:50.705 W/sdcard  ( 1709): Device explicitly enabled sdcardfs
02-17 23:40:50.757 I/chatty  ( 1570): uid=1000(system) ActivityManager expire 12 lines
02-17 23:40:50.955 I/chatty  ( 1570): uid=1000(system) Binder:1570_5 expire 1 line
02-17 23:40:50.961 I/chatty  ( 1570): uid=1000(system) NetworkPolicy expire 1 line
02-17 23:40:50.967 I/chatty  ( 1570): uid=1000(system) Binder:1570_3 expire 11 lines
02-17 23:40:50.968 I/chatty  ( 1570): uid=1000(system) ActivityManager expire 27 lines
02-17 23:40:51.117 I/android.hardware.wifi@1.0-service( 1427): Wifi HAL started
02-17 23:40:51.142 E/android.hardware.wifi@1.0-service( 1427): Unknown iface name: wlan0
02-17 23:40:51.175 I/android.hardware.wifi@1.0-service( 1427): Adding interface handle for wlan0
02-17 23:40:51.175 E/android.hardware.wifi@1.0-service( 1427): Failed to register radio mode change callback
02-17 23:40:51.175 I/android.hardware.wifi@1.0-service( 1427): Configured chip in mode 0
02-17 23:40:51.176 E/android.hardware.wifi@1.0-service( 1427): Failed to set DFS flag; DFS channels may be unavailable.
02-17 23:40:51.192 I/wificond( 1449): create scanner for interface with index: 1
02-17 23:40:51.192 I/wificond( 1449): subscribe scan result for interface with index: 1
02-17 23:40:51.194 E/wificond( 1449): No Offload Service available
02-17 23:40:51.194 I/wificond( 1449): Offload HAL not supported 
02-17 23:40:51.579 I/chatty  ( 1570): uid=1000(system) Binder:1570_1 expire 3 lines
02-17 23:40:52.133 I/chatty  ( 1570): uid=1000(system) android.ui expire 3 lines
02-17 23:40:52.140 I/chatty  ( 1570): uid=1000 system_server expire 77 lines
02-17 23:40:52.153 I/chatty  ( 1570): uid=1000(system) batterystats-wo expire 11 lines
02-17 23:40:52.242 I/chatty  ( 1570): uid=1000(system) ActivityManager expire 4 lines
02-17 23:40:52.514 I/chatty  ( 1570): uid=1000(system) android.bg expire 4 lines
02-17 23:40:52.658 I/chatty  ( 1570): uid=1000(system) BluetoothRouteM expire 1 line
02-17 23:40:52.702 I/chatty  ( 1570): uid=1000(system) uteStateMachine expire 2 lines
02-17 23:40:52.711 I/chatty  ( 1570): uid=1000(system) CallAudioModeSt expire 1 line
02-17 23:40:52.722 I/chatty  ( 1570): uid=1000(system) Binder:1570_7 expire 6 lines
02-17 23:40:52.724 I/chatty  ( 1570): uid=1000(system) WifiP2pService expire 2 lines
02-17 23:40:52.798 W/wificond( 1449): Scan is not started. Ignore abort request
02-17 23:40:53.132 I/chatty  ( 1570): uid=1000(system) ConnectivitySer expire 4 lines
02-17 23:40:53.266 I/chatty  ( 1570): uid=1000(system) android.io expire 17 lines
02-17 23:40:53.556 I/chatty  ( 1570): uid=1000(system) onProviders.ECP expire 2 lines
02-17 23:40:53.641 I/chatty  ( 1570): uid=1000(system) SyncManager expire 1 line
02-17 23:40:54.144 W/SystemConfig( 1896): Tag allow-ignore-location-settings is unknown or not allowed in /system/etc/sysconfig
02-17 23:40:54.144 W/SystemConfig( 1896): Tag allow-association is unknown or not allowed in /system/etc/sysconfig
02-17 23:40:54.144 I/chatty  ( 1896): uid=1001(radio) com.android.phone identical 6 lines
02-17 23:40:54.144 W/SystemConfig( 1896): Tag allow-association is unknown or not allowed in /system/etc/sysconfig
02-17 23:40:54.144 W/SystemConfig( 1896): Tag app-data-isolation-whitelisted-app is unknown or not allowed in /system/etc/sysconfig
02-17 23:40:54.144 W/SystemConfig( 1896): Tag rollback-whitelisted-app is unknown or not allowed in /system/etc/sysconfig
02-17 23:40:54.279 E/ActivityThread( 1896): Failed to find provider info for com.android.contacts
02-17 23:40:54.306 I/chatty  ( 1570): uid=1000(system) Binder:1570_9 expire 7 lines
02-17 23:40:54.411 I/TelecomFramework( 1896): TtyManager: updateUiTtyMode -1 -> 0
02-17 23:40:54.581 I/chatty  ( 1570): uid=1000(system) android.display expire 3 lines
02-17 23:40:55.992 E/ActivityThread( 2041): Failed to find provider info for com.google.android.gsf.gservices
02-17 23:40:56.372 I/chatty  ( 2041): uid=10009 com.google.android.gms.persistent identical 14 lines
02-17 23:40:56.424 E/ActivityThread( 2041): Failed to find provider info for com.google.android.gsf.gservices
02-17 23:40:56.438 E/ActivityThread( 1702): Failed to find provider info for com.android.contacts
02-17 23:40:56.464 E/ActivityThread( 2041): Failed to find provider info for com.google.android.gsf.gservices
02-17 23:40:56.470 E/ActivityThread( 2041): Failed to find provider info for com.google.android.gsf.gservices
02-17 23:40:56.489 E/ActivityThread( 2041): Failed to find provider info for com.google.android.gsf.gservices
02-17 23:40:56.532 E/ActivityThread( 2041): Failed to find provider info for com.google.android.gsf.gservices
02-17 23:40:56.556 E/ActivityThread( 2041): Failed to find provider info for com.google.android.gsf.gservices
02-17 23:40:56.653 E/ActivityThread( 2041): Failed to find provider info for com.google.android.gsf.gservices
02-17 23:40:56.783 E/ActivityThread( 2041): Failed to find provider info for com.google.android.gsf.gservices
02-17 23:40:56.884 E/ActivityThread( 2041): Failed to find provider info for com.google.android.gsf.gservices
02-17 23:40:56.958 E/ActivityThread( 2041): Failed to find provider info for com.google.android.gsf.gservices
02-17 23:40:56.996 I/chatty  ( 2041): uid=10009 com.google.android.gms.persistent identical 1 line
02-17 23:40:57.006 E/ActivityThread( 2041): Failed to find provider info for com.google.android.gsf.gservices
02-17 23:40:57.082 E/ActivityThread( 2041): Failed to find provider info for com.google.android.gsf.gservices
02-17 23:40:57.163 E/ActivityThread( 2041): Failed to find provider info for com.google.android.gsf.gservices
02-17 23:40:57.189 E/ActivityThread( 2041): Failed to find provider info for com.google.android.gsf.gservices
02-17 23:40:57.196 E/ActivityThread( 2041): Failed to find provider info for com.google.android.gsf.gservices
02-17 23:40:57.204 E/ActivityThread( 2041): Failed to find provider info for com.google.android.gsf.gservices
02-17 23:40:57.346 E/ActivityThread( 2041): Failed to find provider info for com.google.android.gsf.gservices
02-17 23:40:57.346 I/chatty  ( 1570): uid=1000(system) Binder:1570_6 expire 3 lines
02-17 23:40:57.377 E/ActivityThread( 2041): Failed to find provider info for com.google.android.gsf.gservices
02-17 23:40:58.478 E/ActivityThread( 1711): Failed to find provider info for com.android.contacts
02-17 23:40:58.703 I/TelecomFramework( 1896): AccountEntry: Registered phoneAccount: [[ ] PhoneAccount: ComponentInfo{com.android.phone/com.android.services.telephony.TelephonyConnectionService}, ***, UserHandle{0} Capabilities: CallProvider MultiUser PlaceEmerg SimSub  Audio Routes: BESW Schemes: tel voicemail  Extras: Bundle[{android.telecom.extra.SUPPORTS_VIDEO_CALLING_FALLBACK=true}] GroupId: ***] with handle: ComponentInfo{com.android.phone/com.android.services.telephony.TelephonyConnectionService}, ***, UserHandle{0}
02-17 23:40:58.707 I/TelecomFramework( 1896): PstnIncomingCallNotifier: Registering: Handler (com.android.internal.telephony.GsmCdmaPhone) {3c4aebb}
02-17 23:40:58.754 I/TelecomFramework( 1896): TelecomAccountRegistry: Unregistering phone account ComponentInfo{com.android.phone/com.android.services.telephony.TelephonyConnectionService}, ***, UserHandle{0}.
02-17 23:40:58.765 I/chatty  ( 1570): uid=1000(system) Binder:1570_2 expire 1 line
02-17 23:40:58.794 I/TelecomFramework( 1896): PstnIncomingCallNotifier: Unregistering: Handler (com.android.internal.telephony.GsmCdmaPhone) {3c4aebb}
02-17 23:40:58.918 I/TelecomFramework( 1896): AccountEntry: Registered phoneAccount: [[ ] PhoneAccount: ComponentInfo{com.android.phone/com.android.services.telephony.TelephonyConnectionService}, ***, UserHandle{0} Capabilities: CallProvider MultiUser PlaceEmerg SimSub  Audio Routes: BESW Schemes: tel voicemail  Extras: Bundle[{android.telecom.extra.SUPPORTS_VIDEO_CALLING_FALLBACK=true}] GroupId: ***] with handle: ComponentInfo{com.android.phone/com.android.services.telephony.TelephonyConnectionService}, ***, UserHandle{0}
02-17 23:40:58.918 I/TelecomFramework( 1896): PstnIncomingCallNotifier: Registering: Handler (com.android.internal.telephony.GsmCdmaPhone) {3c4aebb}
02-17 23:40:59.283 E/ActivityThread( 1711): Failed to find provider info for com.android.contacts
02-17 23:40:59.434 E/ActivityThread( 1711): Failed to find provider info for com.android.contacts
02-17 23:40:59.627 I/chatty  ( 1570): uid=1000(system) WifiService expire 1 line
02-17 23:40:59.740 I/TelecomFramework( 1896): PstnPhoneCapabilitiesNotifier: handleVideoCapabilitesChanged. Video capability - false
02-17 23:40:59.740 I/TelecomFramework( 1896): PstnPhoneCapabilitiesNotifier: handleVideoCapabilitesChanged. Video capability - false
02-17 23:41:00.062 D/MccTable( 1896): updateMccMncConfiguration mccmnc='302780' fromServiceState=false
02-17 23:41:00.064 D/MccTable( 1896): updateMccMncConfiguration defaultMccMnc=310005
02-17 23:41:00.064 D/MccTable( 1896): updateMccMncConfiguration: mcc=302, mnc=780
02-17 23:41:00.064 D/MccTable( 1896): updateMccMncConfiguration updateConfig config={0.0 302mcc780mnc ?localeList ?layoutDir ?swdp ?wdp ?hdp ?density ?lsize ?long ?ldr ?wideColorGamut ?orien ?uimode ?night ?touch ?keyb/?/? ?nav/? winConfig={ mBounds=Rect(0, 0 - 0, 0) mAppBounds=null mWindowingMode=undefined mActivityType=undefined}}
02-17 23:41:00.336 I/TelecomFramework( 1896): PstnIncomingCallNotifier: Unregistering: Handler (com.android.internal.telephony.GsmCdmaPhone) {3c4aebb}
02-17 23:41:00.436 D/MccTable( 1896): updateMccMncConfiguration mccmnc='310005' fromServiceState=false
02-17 23:41:00.438 D/MccTable( 1896): updateMccMncConfiguration defaultMccMnc=310005
02-17 23:41:00.438 D/MccTable( 1896): updateMccMncConfiguration: mcc=310, mnc=5
02-17 23:41:00.438 D/MccTable( 1896): updateMccMncConfiguration updateConfig config={0.0 310mcc5mnc ?localeList ?layoutDir ?swdp ?wdp ?hdp ?density ?lsize ?long ?ldr ?wideColorGamut ?orien ?uimode ?night ?touch ?keyb/?/? ?nav/? winConfig={ mBounds=Rect(0, 0 - 0, 0) mAppBounds=null mWindowingMode=undefined mActivityType=undefined}}
02-17 23:41:00.457 E/ActivityThread( 1702): Failed to find provider info for com.android.contacts
02-17 23:41:00.692 I/chatty  ( 1570): uid=1000(system) Binder:1570_2 expire 1 line
02-17 23:41:00.693 I/TelecomFramework( 1896): AccountEntry: Registered phoneAccount: [[ ] PhoneAccount: ComponentInfo{com.android.phone/com.android.services.telephony.TelephonyConnectionService}, ***, UserHandle{0} Capabilities: CallProvider MultiUser PlaceEmerg SimSub  Audio Routes: BESW Schemes: tel voicemail  Extras: Bundle[{android.telecom.extra.SUPPORTS_VIDEO_CALLING_FALLBACK=true}] GroupId: ***] with handle: ComponentInfo{com.android.phone/com.android.services.telephony.TelephonyConnectionService}, ***, UserHandle{0}
02-17 23:41:00.693 I/TelecomFramework( 1896): PstnIncomingCallNotifier: Registering: Handler (com.android.internal.telephony.GsmCdmaPhone) {3c4aebb}
02-17 23:41:00.750 I/TelecomFramework( 1896): PstnIncomingCallNotifier: Unregistering: Handler (com.android.internal.telephony.GsmCdmaPhone) {3c4aebb}
02-17 23:41:01.072 D/MccTable( 1896): updateMccMncConfiguration mccmnc='310005' fromServiceState=false
02-17 23:41:01.073 D/MccTable( 1896): updateMccMncConfiguration defaultMccMnc=310005
02-17 23:41:01.073 D/MccTable( 1896): updateMccMncConfiguration: mcc=310, mnc=5
02-17 23:41:01.073 D/MccTable( 1896): updateMccMncConfiguration updateConfig config={0.0 310mcc5mnc ?localeList ?layoutDir ?swdp ?wdp ?hdp ?density ?lsize ?long ?ldr ?wideColorGamut ?orien ?uimode ?night ?touch ?keyb/?/? ?nav/? winConfig={ mBounds=Rect(0, 0 - 0, 0) mAppBounds=null mWindowingMode=undefined mActivityType=undefined}}
02-17 23:41:01.139 I/chatty  ( 1570): uid=1000(system) ActivityManager expire 12 lines
02-17 23:41:01.166 I/chatty  ( 1570): uid=1000(system) Binder:1570_3 expire 5 lines
02-17 23:41:01.168 I/TelecomFramework( 1896): AccountEntry: Registered phoneAccount: [[ ] PhoneAccount: ComponentInfo{com.android.phone/com.android.services.telephony.TelephonyConnectionService}, ***, UserHandle{0} Capabilities: CallProvider MultiUser PlaceEmerg SimSub  Audio Routes: BESW Schemes: tel voicemail  Extras: Bundle[{android.telecom.extra.SUPPORTS_VIDEO_CALLING_FALLBACK=true}] GroupId: ***] with handle: ComponentInfo{com.android.phone/com.android.services.telephony.TelephonyConnectionService}, ***, UserHandle{0}
02-17 23:41:01.169 I/TelecomFramework( 1896): PstnIncomingCallNotifier: Registering: Handler (com.android.internal.telephony.GsmCdmaPhone) {3c4aebb}
02-17 23:41:01.187 I/TelecomFramework( 1896): TelecomAccountRegistry: Unregistering phone account ComponentInfo{com.android.phone/com.android.services.telephony.TelephonyConnectionService}, ***, UserHandle{0}.
02-17 23:41:01.227 I/chatty  ( 1570): uid=1000(system) Binder:1570_7 expire 5 lines
02-17 23:41:01.850 I/chatty  ( 1570): uid=1000(system) android.display expire 11 lines
02-17 23:41:02.009 I/TelecomFramework( 1896): PstnPhoneCapabilitiesNotifier: handleVideoCapabilitesChanged. Video capability - false
02-17 23:41:02.429 I/TelecomFramework( 1896): PstnIncomingCallNotifier: Unregistering: Handler (com.android.internal.telephony.GsmCdmaPhone) {3c4aebb}
02-17 23:41:02.654 I/chatty  ( 1570): uid=1000(system) android.fg expire 19 lines
02-17 23:41:02.776 D/vold    ( 1357): e4crypt_prepare_user_storage for volume null, user 0, serial 0, flags 2
02-17 23:41:02.776 D/vold    ( 1357): Preparing: /data/system_ce/0
02-17 23:41:02.776 D/vold    ( 1357): Preparing: /data/misc_ce/0
02-17 23:41:02.776 D/vold    ( 1357): Preparing: /data/vendor_ce/0
02-17 23:41:02.779 D/vold    ( 1357): Preparing: /data/media/0
02-17 23:41:02.779 D/vold    ( 1357): Preparing: /data/data
02-17 23:41:02.780 V/vold    ( 1357): Starting restorecon of /data/system_ce/0
02-17 23:41:02.793 V/vold    ( 1357): Finished restorecon of /data/system_ce/0
02-17 23:41:02.794 V/vold    ( 1357): Starting restorecon of /data/misc_ce/0
02-17 23:41:02.797 I/TelecomFramework( 1896): AccountEntry: Registered phoneAccount: [[ ] PhoneAccount: ComponentInfo{com.android.phone/com.android.services.telephony.TelephonyConnectionService}, ***, UserHandle{0} Capabilities: CallProvider MultiUser PlaceEmerg SimSub  Audio Routes: BESW Schemes: tel voicemail  Extras: Bundle[{android.telecom.extra.SUPPORTS_VIDEO_CALLING_FALLBACK=true}] GroupId: ***] with handle: ComponentInfo{com.android.phone/com.android.services.telephony.TelephonyConnectionService}, ***, UserHandle{0}
02-17 23:41:02.797 I/TelecomFramework( 1896): PstnIncomingCallNotifier: Registering: Handler (com.android.internal.telephony.GsmCdmaPhone) {3c4aebb}
02-17 23:41:02.807 V/vold    ( 1357): Finished restorecon of /data/misc_ce/0
02-17 23:41:02.812 V/vold    ( 1357): /system/bin/vold_prepare_subdirs
02-17 23:41:02.812 V/vold    ( 1357):     prepare
02-17 23:41:02.812 V/vold    ( 1357):     
02-17 23:41:02.812 V/vold    ( 1357):     0
02-17 23:41:02.812 V/vold    ( 1357):     2
02-17 23:41:03.393 I/TelecomFramework( 1896): PstnPhoneCapabilitiesNotifier: handleVideoCapabilitesChanged. Video capability - false
02-17 23:41:03.401 I/TelecomFramework( 1896): PstnIncomingCallNotifier: Unregistering: Handler (com.android.internal.telephony.GsmCdmaPhone) {3c4aebb}
02-17 23:41:03.674 I/TelecomFramework( 1896): AccountEntry: Registered phoneAccount: [[ ] PhoneAccount: ComponentInfo{com.android.phone/com.android.services.telephony.TelephonyConnectionService}, ***, UserHandle{0} Capabilities: CallProvider MultiUser PlaceEmerg SimSub  Audio Routes: BESW Schemes: tel voicemail  Extras: Bundle[{android.telecom.extra.SUPPORTS_VIDEO_CALLING_FALLBACK=true}] GroupId: ***] with handle: ComponentInfo{com.android.phone/com.android.services.telephony.TelephonyConnectionService}, ***, UserHandle{0}
02-17 23:41:03.674 I/TelecomFramework( 1896): PstnIncomingCallNotifier: Registering: Handler (com.android.internal.telephony.GsmCdmaPhone) {3c4aebb}
02-17 23:41:03.802 I/TelecomFramework( 1896): PstnIncomingCallNotifier: Unregistering: Handler (com.android.internal.telephony.GsmCdmaPhone) {3c4aebb}
02-17 23:41:04.165 I/chatty  ( 1570): uid=1000(system) Binder:1570_9 expire 1 line
02-17 23:41:04.166 I/TelecomFramework( 1896): AccountEntry: Registered phoneAccount: [[ ] PhoneAccount: ComponentInfo{com.android.phone/com.android.services.telephony.TelephonyConnectionService}, ***, UserHandle{0} Capabilities: CallProvider MultiUser PlaceEmerg SimSub  Audio Routes: BESW Schemes: tel voicemail  Extras: Bundle[{android.telecom.extra.SUPPORTS_VIDEO_CALLING_FALLBACK=true}] GroupId: ***] with handle: ComponentInfo{com.android.phone/com.android.services.telephony.TelephonyConnectionService}, ***, UserHandle{0}
02-17 23:41:04.166 I/TelecomFramework( 1896): PstnIncomingCallNotifier: Registering: Handler (com.android.internal.telephony.GsmCdmaPhone) {3c4aebb}
02-17 23:41:04.171 I/chatty  ( 1570): uid=1000(system) android.io expire 1 line
02-17 23:41:04.171 D/vold    ( 1357): Linking /storage/emulated/0 to /mnt/user/0/primary
02-17 23:41:04.185 I/chatty  ( 1570): uid=1000(system) StorageManagerS expire 1 line
02-17 23:41:04.241 I/chatty  ( 1570): uid=1000(system) backup expire 13 lines
02-17 23:41:04.392 I/chatty  ( 1570): uid=1000(system) ActivityManager expire 73 lines
02-17 23:41:04.418 I/chatty  ( 1570): uid=1000 system_server expire 20 lines
02-17 23:41:04.561 I/TelecomFramework( 1896): PstnPhoneCapabilitiesNotifier: handleVideoCapabilitesChanged. Video capability - false
02-17 23:41:04.780 I/chatty  ( 1570): uid=1000(system) Binder:1570_1 expire 1 line
02-17 23:41:04.800 I/chatty  ( 1570): uid=1000(system) android.ui expire 3 lines
02-17 23:41:04.997 I/TelecomFramework( 1896): PstnIncomingCallNotifier: Unregistering: Handler (com.android.internal.telephony.GsmCdmaPhone) {3c4aebb}
02-17 23:41:05.061 I/chatty  ( 1570): uid=1000(system) Binder:1570_E expire 7 lines
02-17 23:41:05.604 I/chatty  ( 1570): uid=1000(system) Binder:1570_B expire 2 lines
02-17 23:41:05.605 I/TelecomFramework( 1896): AccountEntry: Registered phoneAccount: [[ ] PhoneAccount: ComponentInfo{com.android.phone/com.android.services.telephony.TelephonyConnectionService}, ***, UserHandle{0} Capabilities: CallProvider MultiUser PlaceEmerg SimSub  Audio Routes: BESW Schemes: tel voicemail  Extras: Bundle[{android.telecom.extra.SUPPORTS_VIDEO_CALLING_FALLBACK=true}] GroupId: ***] with handle: ComponentInfo{com.android.phone/com.android.services.telephony.TelephonyConnectionService}, ***, UserHandle{0}
02-17 23:41:05.605 I/TelecomFramework( 1896): PstnIncomingCallNotifier: Registering: Handler (com.android.internal.telephony.GsmCdmaPhone) {3c4aebb}
02-17 23:41:05.918 I/TelecomFramework( 1896): PstnIncomingCallNotifier: Unregistering: Handler (com.android.internal.telephony.GsmCdmaPhone) {3c4aebb}
02-17 23:41:06.032 I/chatty  ( 1570): uid=1000(system) android.bg expire 4 lines
02-17 23:41:06.326 I/TelecomFramework( 1896): AccountEntry: Registered phoneAccount: [[ ] PhoneAccount: ComponentInfo{com.android.phone/com.android.services.telephony.TelephonyConnectionService}, ***, UserHandle{0} Capabilities: CallProvider MultiUser PlaceEmerg SimSub  Audio Routes: BESW Schemes: tel voicemail  Extras: Bundle[{android.telecom.extra.SUPPORTS_VIDEO_CALLING_FALLBACK=true}] GroupId: ***] with handle: ComponentInfo{com.android.phone/com.android.services.telephony.TelephonyConnectionService}, ***, UserHandle{0}
02-17 23:41:06.326 I/TelecomFramework( 1896): PstnIncomingCallNotifier: Registering: Handler (com.android.internal.telephony.GsmCdmaPhone) {3c4aebb}
02-17 23:41:07.639 I/chatty  ( 1570): uid=1000(system) FileObserver expire 2 lines
02-17 23:41:08.671 I/TelecomFramework( 1896): PstnPhoneCapabilitiesNotifier: handleVideoCapabilitesChanged. Video capability - false
02-17 23:41:08.671 I/TelecomFramework( 1896): PstnPhoneCapabilitiesNotifier: handleVideoCapabilitesChanged. Video capability - false
02-17 23:41:08.815 W/ContextImpl( 2230): Calling a method in the system process without a qualified user: android.app.ContextImpl.startService:1531 android.content.ContextWrapper.startService:664 android.content.ContextWrapper.startService:664 com.android.coreservice.CoreBroadcastReceiver.onReceive:54 android.app.ActivityThread.handleReceiver:3424 
02-17 23:41:09.165 W/ContextImpl( 2230): Calling a method in the system process without a qualified user: android.app.ContextImpl.startService:1531 android.content.ContextWrapper.startService:664 android.content.ContextWrapper.startService:664 com.android.coreservice.CoreBroadcastReceiver.onReceive:54 android.app.ActivityThread.handleReceiver:3424 
02-17 23:41:09.242 W/PackageParser( 2245): Unknown element under <manifest>: queries at /data/user_de/0/com.google.android.gms/app_chimera/m/0000000b/dl-Pay.optional_220920020000.apk Binary XML file line #15
02-17 23:41:09.289 W/PackageParser( 2245): Unknown element under <manifest>: queries at /data/user_de/0/com.google.android.gms/app_chimera/m/00000000/AdsDynamite.apk Binary XML file line #11
02-17 23:41:09.318 I/chatty  ( 1570): uid=1000(system) Binder:1570_A expire 7 lines
02-17 23:41:09.413 I/chatty  ( 1570): uid=1000(system) ActivityManager expire 48 lines
02-17 23:41:09.486 I/chatty  ( 1570): uid=1000 system_server expire 17 lines
02-17 23:41:09.488 I/chatty  ( 1570): uid=1000(system) Binder:1570_8 expire 5 lines
02-17 23:41:09.603 I/TelecomFramework( 1896): PstnPhoneCapabilitiesNotifier: handleVideoCapabilitesChanged. Video capability - false
02-17 23:41:09.604 I/TelecomFramework( 1896): PstnPhoneCapabilitiesNotifier: handleVideoCapabilitesChanged. Video capability - false
02-17 23:41:09.763 E/ActivityThread( 2041): Failed to find provider info for instantapp-dev-manager
02-17 23:41:09.785 I/chatty  ( 1570): uid=1000(system) Binder:1570_2 expire 6 lines
02-17 23:41:09.851 I/chatty  ( 1570): uid=1000(system) android.ui expire 1 line
02-17 23:41:09.867 I/chatty  ( 1570): uid=1000(system) Binder:1570_11 expire 1 line
02-17 23:41:09.917 I/chatty  ( 1570): uid=1000(system) android.fg expire 1 line
02-17 23:41:10.402 I/chatty  ( 1570): uid=1000(system) backup expire 64 lines
02-17 23:41:10.841 W/PackageParser( 2245): Unknown element under <manifest>: queries at /data/user_de/0/com.google.android.gms/app_chimera/m/0000000b/dl-Pay.optional_220920020000.apk Binary XML file line #15
02-17 23:41:10.983 W/PackageParser( 2245): Unknown element under <manifest>: queries at /data/user_de/0/com.google.android.gms/app_chimera/m/00000000/AdsDynamite.apk Binary XML file line #11
02-17 23:41:11.104 I/chatty  ( 1570): uid=1000(system) Binder:1570_9 expire 1 line
02-17 23:41:11.114 I/chatty  ( 1570): uid=1000(system) Binder:1570_12 expire 4 lines
02-17 23:41:11.232 I/chatty  ( 1570): uid=1000(system) Binder:1570_10 expire 2 lines
02-17 23:41:11.253 I/chatty  ( 1570): uid=1000(system) Binder:1570_F expire 3 lines
02-17 23:41:11.283 I/chatty  ( 1570): uid=1000(system) Binder:1570_3 expire 4 lines
02-17 23:41:11.300 I/chatty  ( 1570): uid=1000(system) Binder:1570_C expire 2 lines
02-17 23:41:11.453 I/TelecomFramework( 1896): : Carrier-config changed, checking for phone account updates.
02-17 23:41:11.533 W/PackageParser( 2245): Unknown element under <manifest>: queries at /data/user_de/0/com.google.android.gms/app_chimera/m/0000000b/dl-Pay.optional_220920020000.apk Binary XML file line #15
02-17 23:41:11.534 W/PackageParser( 2245): Unknown element under <manifest>: queries at /data/user_de/0/com.google.android.gms/app_chimera/m/00000000/AdsDynamite.apk Binary XML file line #11
02-17 23:41:11.948 I/chatty  ( 1570): uid=1000 system_server expire 5 lines
02-17 23:41:12.054 I/TelecomFramework( 1896): AccountEntry: reRegisterPstnPhoneAccount: subId: 1 - no change
02-17 23:41:12.257 I/TelecomFramework( 1896): PstnIncomingCallNotifier: Unregistering: Handler (com.android.internal.telephony.GsmCdmaPhone) {3c4aebb}
02-17 23:41:12.511 I/TelecomFramework( 1896): AccountEntry: Registered phoneAccount: [[ ] PhoneAccount: ComponentInfo{com.android.phone/com.android.services.telephony.TelephonyConnectionService}, ***, UserHandle{0} Capabilities: CallProvider MultiUser PlaceEmerg SimSub  Audio Routes: BESW Schemes: tel voicemail  Extras: Bundle[{android.telecom.extra.SUPPORTS_VIDEO_CALLING_FALLBACK=true}] GroupId: ***] with handle: ComponentInfo{com.android.phone/com.android.services.telephony.TelephonyConnectionService}, ***, UserHandle{0}
02-17 23:41:12.515 I/TelecomFramework( 1896): PstnIncomingCallNotifier: Registering: Handler (com.android.internal.telephony.GsmCdmaPhone) {3c4aebb}
02-17 23:41:12.656 I/TelecomFramework( 1896): PstnPhoneCapabilitiesNotifier: handleVideoCapabilitesChanged. Video capability - false
02-17 23:41:12.816 W/wificond( 1449): Scan already started
02-17 23:41:12.855 I/chatty  ( 1570): uid=1000(system) Binder:1570_14 expire 4 lines
02-17 23:41:13.194 I/TelecomFramework( 1896): : Carrier-config changed, checking for phone account updates.
02-17 23:41:13.351 I/TelecomFramework( 1896): AccountEntry: reRegisterPstnPhoneAccount: subId: 1 - no change
02-17 23:41:13.465 I/TelecomFramework( 1896): PstnIncomingCallNotifier: Unregistering: Handler (com.android.internal.telephony.GsmCdmaPhone) {3c4aebb}
02-17 23:41:13.708 I/TelecomFramework( 1896): AccountEntry: Registered phoneAccount: [[ ] PhoneAccount: ComponentInfo{com.android.phone/com.android.services.telephony.TelephonyConnectionService}, ***, UserHandle{0} Capabilities: CallProvider MultiUser PlaceEmerg SimSub  Audio Routes: BESW Schemes: tel voicemail  Extras: Bundle[{android.telecom.extra.SUPPORTS_VIDEO_CALLING_FALLBACK=true}] GroupId: ***] with handle: ComponentInfo{com.android.phone/com.android.services.telephony.TelephonyConnectionService}, ***, UserHandle{0}
02-17 23:41:13.708 I/TelecomFramework( 1896): PstnIncomingCallNotifier: Registering: Handler (com.android.internal.telephony.GsmCdmaPhone) {3c4aebb}
02-17 23:41:13.837 I/TelecomFramework( 1896): PstnPhoneCapabilitiesNotifier: handleVideoCapabilitesChanged. Video capability - false
02-17 23:41:14.396 I/chatty  ( 1570): uid=1000(system) ActivityManager expire 34 lines
02-17 23:41:15.072 I/chatty  ( 1570): uid=1000(system) Binder:1570_7 expire 7 lines
02-17 23:41:15.105 W/ContextImpl( 2230): Calling a method in the system process without a qualified user: android.app.ContextImpl.startService:1531 android.content.ContextWrapper.startService:664 android.content.ContextWrapper.startService:664 com.android.coreservice.CoreBroadcastReceiver.onReceive:29 android.app.ActivityThread.handleReceiver:3424 
02-17 23:41:16.022 I/chatty  ( 1570): uid=1000(system) Binder:1570_E expire 7 lines
02-17 23:41:16.357 I/chatty  ( 1570): uid=1000(system) Binder:1570_13 expire 2 lines
02-17 23:41:19.550 I/chatty  ( 1570): uid=1000(system) Binder:1570_6 expire 1 line
02-17 23:41:20.583 W/FileUtils( 3204): Failed to chmod(/data/user/0/com.google.android.gms/app_dg_cache): android.system.ErrnoException: chmod failed: ENOENT (No such file or directory)
02-17 23:41:21.643 W/ContextImpl( 2230): Calling a method in the system process without a qualified user: android.app.ContextImpl.startService:1531 android.content.ContextWrapper.startService:664 android.content.ContextWrapper.startService:664 com.android.coreservice.CoreBroadcastReceiver.onReceive:54 android.app.ActivityThread.handleReceiver:3424 
02-17 23:41:21.766 W/ContextImpl( 2230): Calling a method in the system process without a qualified user: android.app.ContextImpl.startService:1531 android.content.ContextWrapper.startService:664 android.content.ContextWrapper.startService:664 com.android.coreservice.CoreBroadcastReceiver.onReceive:54 android.app.ActivityThread.handleReceiver:3424 
02-17 23:41:21.768 W/ContextImpl( 2230): Calling a method in the system process without a qualified user: android.app.ContextImpl.startService:1531 android.content.ContextWrapper.startService:664 android.content.ContextWrapper.startService:664 com.android.coreservice.CoreBroadcastReceiver.onReceive:45 android.app.ActivityThread.handleReceiver:3424 
02-17 23:41:21.773 W/ContextImpl( 2230): Calling a method in the system process without a qualified user: android.app.ContextImpl.startService:1531 android.content.ContextWrapper.startService:664 android.content.ContextWrapper.startService:664 com.android.coreservice.CoreBroadcastReceiver.onReceive:54 android.app.ActivityThread.handleReceiver:3424 
02-17 23:41:21.892 I/chatty  ( 2230): uid=1000(system) com.android.coreservice identical 39 lines
02-17 23:41:22.050 I/chatty  ( 1570): uid=1000(system) Binder:1570_15 expire 14 lines
02-17 23:41:22.581 I/chatty  ( 1570): uid=1000(system) Binder:1570_D expire 2 lines
02-17 23:41:23.079 I/chatty  ( 1570): uid=1000(system) ActivityManager expire 37 lines
02-17 23:41:30.738 I/chatty  ( 1570): uid=1000(system) Binder:1570_11 expire 11 lines
02-17 23:41:31.515 I/chatty  ( 1570): uid=1000 system_server expire 23 lines
02-17 23:41:31.660 I/chatty  ( 1570): uid=1000(system) ActivityManager expire 16 lines
02-17 23:41:31.788 I/chatty  ( 1570): uid=1000(system) Binder:1570_B expire 3 lines
02-17 23:41:31.854 I/chatty  ( 1570): uid=1000(system) Binder:1570_2 expire 8 lines
02-17 23:41:31.862 I/chatty  ( 1570): uid=1000(system) android.ui expire 12 lines
02-17 23:41:31.903 I/chatty  ( 1570): uid=1000(system) Binder:1570_13 expire 14 lines
02-17 23:41:32.244 I/chatty  ( 1570): uid=1000(system) PackageManager expire 6 lines
02-17 23:41:32.286 I/chatty  ( 1570): uid=1000(system) Binder:1570_7 expire 4 lines
02-17 23:41:34.294 I/chatty  ( 1570): uid=1000(system) android.bg expire 9 lines
02-17 23:41:34.578 I/chatty  ( 1570): uid=1000(system) Binder:1570_10 expire 3 lines
02-17 23:41:35.445 I/chatty  ( 1570): uid=1000(system) Binder:1570_3 expire 10 lines
02-17 23:41:35.960 I/chatty  ( 1570): uid=1000(system) Binder:1570_1 expire 1 line
02-17 23:41:37.618 I/chatty  ( 1570): uid=1000(system) Binder:1570_C expire 1 line
02-17 23:41:39.206 I/chatty  ( 1570): uid=1000(system) Binder:1570_E expire 1 line
02-17 23:41:39.794 W/FileUtils( 3204): Failed to chmod(/data/user/0/com.google.android.gms/app_dg_cache): android.system.ErrnoException: chmod failed: ENOENT (No such file or directory)
02-17 23:41:39.971 W/FileUtils( 3204): Failed to chmod(/data/user/0/com.google.android.gms/app_dg_cache): android.system.ErrnoException: chmod failed: ENOENT (No such file or directory)
02-17 23:41:40.235 I/chatty  ( 2230): uid=1000(system) com.android.coreservice expire 18 lines
02-17 23:41:43.027 I/chatty  ( 1570): uid=1000 system_server expire 28 lines
02-17 23:41:43.042 W/wificond( 1449): Scan already started
02-17 23:41:43.611 I/chatty  ( 1570): uid=1000(system) android.ui expire 12 lines
02-17 23:41:43.671 I/chatty  ( 1570): uid=1000(system) Binder:1570_6 expire 3 lines
02-17 23:41:43.687 I/chatty  ( 1570): uid=1000(system) ActivityManager expire 55 lines
02-17 23:41:44.218 I/chatty  ( 1570): uid=1000(system) Binder:1570_15 expire 1 line
02-17 23:41:44.317 I/chatty  ( 1570): uid=1000(system) Binder:1570_F expire 1 line
02-17 23:41:46.100 I/chatty  ( 1570): uid=1000(system) backup expire 2 lines
02-17 23:41:48.379 W/FileUtils( 3204): Failed to chmod(/data/user/0/com.google.android.gms/app_dg_cache): android.system.ErrnoException: chmod failed: ENOENT (No such file or directory)
02-17 23:41:49.395 W/PackageParser( 2245): Unknown element under <manifest>: queries at /data/user_de/0/com.google.android.gms/app_chimera/m/0000000b/dl-Pay.optional_220920020000.apk Binary XML file line #15
02-17 23:41:49.405 W/PackageParser( 2245): Unknown element under <manifest>: queries at /data/user_de/0/com.google.android.gms/app_chimera/m/00000000/AdsDynamite.apk Binary XML file line #11
02-17 23:41:49.581 W/FileUtils( 3204): Failed to chmod(/data/user/0/com.google.android.gms/app_dg_cache): android.system.ErrnoException: chmod failed: ENOENT (No such file or directory)
02-17 23:41:49.698 W/PackageParser( 2245): Unknown element under <manifest>: queries at /data/user_de/0/com.google.android.gms/app_chimera/m/0000000b/dl-Pay.optional_220920020000.apk Binary XML file line #15
02-17 23:41:49.701 W/PackageParser( 2245): Unknown element under <manifest>: queries at /data/user_de/0/com.google.android.gms/app_chimera/m/00000000/AdsDynamite.apk Binary XML file line #11
02-17 23:41:49.778 I/chatty  ( 1570): uid=1000(system) Binder:1570_2 expire 3 lines
02-17 23:41:49.831 I/chatty  ( 1570): uid=1000(system) Binder:1570_A expire 2 lines
02-17 23:41:49.917 E/storaged( 1448): getDiskStats failed with result NOT_SUPPORTED and size 0
02-17 23:41:52.371 I/chatty  ( 1570): uid=1000(system) Binder:1570_E expire 4 lines
02-17 23:41:57.535 I/chatty  ( 1570): uid=1000(system) Binder:1570_11 expire 4 lines
02-17 23:41:57.962 I/chatty  ( 1570): uid=1000(system) android.bg expire 10 lines
02-17 23:42:04.031 I/chatty  ( 1570): uid=1000(system) Binder:1570_9 expire 1 line
02-17 23:42:04.163 I/chatty  ( 1570): uid=1000(system) Binder:1570_10 expire 4 lines
02-17 23:42:04.841 I/chatty  ( 1570): uid=1000(system) ActivityManager expire 7 lines
02-17 23:42:05.862 I/chatty  ( 1570): uid=1000(system) android.fg expire 6 lines
02-17 23:42:10.389 I/chatty  ( 1570): uid=1000(system) PackageManager expire 7 lines
02-17 23:42:10.888 I/chatty  ( 1570): uid=1000(system) Binder:1570_3 expire 1 line
02-17 23:42:14.765 I/chatty  ( 1570): uid=1000(system) Binder:1570_13 expire 1 line
02-17 23:42:16.507 I/chatty  ( 1570): uid=1000(system) android.display expire 5 lines
02-17 23:42:17.640 I/chatty  ( 1570): uid=1000(system) Binder:1570_C expire 3 lines
02-17 23:42:17.653 I/chatty  ( 1570): uid=1000(system) Binder:1570_D expire 6 lines
02-17 23:42:20.285 I/chatty  ( 1570): uid=1000(system) Binder:1570_16 expire 2 lines
02-17 23:42:21.040 I/chatty  ( 1570): uid=1000(system) batterystats-wo expire 9 lines
02-17 23:42:22.989 W/wificond( 1449): Scan already started
02-17 23:42:23.398 I/chatty  ( 2230): uid=1000(system) com.android.coreservice expire 37 lines
02-17 23:42:24.182 W/FileUtils( 3204): Failed to chmod(/data/user/0/com.google.android.gms/app_dg_cache): android.system.ErrnoException: chmod failed: ENOENT (No such file or directory)
02-17 23:42:35.598 I/chatty  ( 1570): uid=1000(system) android.bg expire 10 lines
02-17 23:42:44.308 W/ContextImpl( 2230): Calling a method in the system process without a qualified user: android.app.ContextImpl.startService:1531 android.content.ContextWrapper.startService:664 android.content.ContextWrapper.startService:664 com.android.coreservice.CoreBroadcastReceiver.onReceive:70 android.app.ActivityThread.handleReceiver:3424 
02-17 23:42:44.413 I/chatty  ( 1570): uid=1000(system) Binder:1570_F expire 2 lines
02-17 23:42:45.692 W/ContextImpl( 2230): Calling a method in the system process without a qualified user: android.app.ContextImpl.sendBroadcast:1005 android.content.ContextWrapper.sendBroadcast:444 com.android.coreservice.CoreService.sendImeAction:797 com.android.coreservice.HostService.onReceived:338 com.android.coreservice.HostService.onData:258 
02-17 23:42:47.073 W/ContextImpl( 2230): Calling a method in the system process without a qualified user: android.app.ContextImpl.sendBroadcast:1005 android.content.ContextWrapper.sendBroadcast:444 com.android.coreservice.CoreService.sendImeAction:797 com.android.coreservice.HostService.onReceived:338 com.android.coreservice.HostService.onData:258 
02-17 23:42:49.926 E/storaged( 1448): getDiskStats failed with result NOT_SUPPORTED and size 0
02-17 23:42:50.576 W/ContextImpl( 2230): Calling a method in the system process without a qualified user: android.app.ContextImpl.startService:1531 android.content.ContextWrapper.startService:664 android.content.ContextWrapper.startService:664 com.android.coreservice.CoreBroadcastReceiver.onReceive:70 android.app.ActivityThread.handleReceiver:3424 
02-17 23:42:50.587 I/chatty  ( 2230): uid=1000(system) com.android.coreservice identical 14 lines
02-17 23:42:53.424 W/ContextImpl( 2230): Calling a method in the system process without a qualified user: android.app.ContextImpl.startService:1531 android.content.ContextWrapper.startService:664 android.content.ContextWrapper.startService:664 com.android.coreservice.CoreBroadcastReceiver.onReceive:70 android.app.ActivityThread.handleReceiver:3424 
02-17 23:42:53.945 I/chatty  ( 1570): uid=1000(system) Binder:1570_12 expire 2 lines
02-17 23:42:56.170 W/ContextImpl( 2230): Calling a method in the system process without a qualified user: android.app.ContextImpl.startService:1531 android.content.ContextWrapper.startService:664 android.content.ContextWrapper.startService:664 com.android.coreservice.CoreBroadcastReceiver.onReceive:70 android.app.ActivityThread.handleReceiver:3424 
02-17 23:42:56.193 W/ContextImpl( 2230): Calling a method in the system process without a qualified user: android.app.ContextImpl.startService:1531 android.content.ContextWrapper.startService:664 android.content.ContextWrapper.startService:664 com.android.coreservice.CoreBroadcastReceiver.onReceive:70 android.app.ActivityThread.handleReceiver:3424 
02-17 23:42:57.343 W/ContextImpl( 2230): Calling a method in the system process without a qualified user: android.app.ContextImpl.sendBroadcast:1005 android.content.ContextWrapper.sendBroadcast:444 com.android.coreservice.CoreService.sendImeAction:797 com.android.coreservice.HostService.onReceived:338 com.android.coreservice.HostService.onData:258 
02-17 23:42:58.764 W/ContextImpl( 2230): Calling a method in the system process without a qualified user: android.app.ContextImpl.sendBroadcast:1005 android.content.ContextWrapper.sendBroadcast:444 com.android.coreservice.CoreService.sendImeAction:797 com.android.coreservice.HostService.onReceived:338 com.android.coreservice.HostService.onData:258 
02-17 23:43:00.207 W/ContextImpl( 2230): Calling a method in the system process without a qualified user: android.app.ContextImpl.startService:1531 android.content.ContextWrapper.startService:664 android.content.ContextWrapper.startService:664 com.android.coreservice.CoreBroadcastReceiver.onReceive:70 android.app.ActivityThread.handleReceiver:3424 
02-17 23:43:00.225 W/ContextImpl( 2230): Calling a method in the system process without a qualified user: android.app.ContextImpl.startService:1531 android.content.ContextWrapper.startService:664 android.content.ContextWrapper.startService:664 com.android.coreservice.CoreBroadcastReceiver.onReceive:70 android.app.ActivityThread.handleReceiver:3424 
02-17 23:43:01.095 W/ContextImpl( 2230): Calling a method in the system process without a qualified user: android.app.ContextImpl.sendBroadcast:1005 android.content.ContextWrapper.sendBroadcast:444 com.android.coreservice.CoreService.sendImeAction:797 com.android.coreservice.HostService.onReceived:338 com.android.coreservice.HostService.onData:258 
02-17 23:43:02.431 I/chatty  ( 2230): uid=1000(system) com.android.coreservice identical 23 lines
02-17 23:43:02.722 W/ContextImpl( 2230): Calling a method in the system process without a qualified user: android.app.ContextImpl.sendBroadcast:1005 android.content.ContextWrapper.sendBroadcast:444 com.android.coreservice.CoreService.sendImeAction:797 com.android.coreservice.HostService.onReceived:338 com.android.coreservice.HostService.onData:258 
02-17 23:43:02.743 W/ContextImpl( 2230): Calling a method in the system process without a qualified user: android.app.ContextImpl.startService:1531 android.content.ContextWrapper.startService:664 android.content.ContextWrapper.startService:664 com.android.coreservice.CoreBroadcastReceiver.onReceive:70 android.app.ActivityThread.handleReceiver:3424 
02-17 23:43:02.805 W/ContextImpl( 2230): Calling a method in the system process without a qualified user: android.app.ContextImpl.startService:1531 android.content.ContextWrapper.startService:664 android.content.ContextWrapper.startService:664 com.android.coreservice.CoreBroadcastReceiver.onReceive:70 android.app.ActivityThread.handleReceiver:3424 
02-17 23:43:02.851 I/chatty  ( 1570): uid=1000 system_server expire 4 lines
02-17 23:43:07.166 W/ContextImpl( 2230): Calling a method in the system process without a qualified user: android.app.ContextImpl.startService:1531 android.content.ContextWrapper.startService:664 android.content.ContextWrapper.startService:664 com.android.coreservice.CoreBroadcastReceiver.onReceive:70 android.app.ActivityThread.handleReceiver:3424 
02-17 23:43:08.069 W/ContextImpl( 2230): Calling a method in the system process without a qualified user: android.app.ContextImpl.startService:1531 android.content.ContextWrapper.startService:664 android.content.ContextWrapper.startService:664 com.android.coreservice.CoreBroadcastReceiver.onReceive:70 android.app.ActivityThread.handleReceiver:3424 
02-17 23:43:09.243 W/ContextImpl( 2230): Calling a method in the system process without a qualified user: android.app.ContextImpl.sendBroadcast:1005 android.content.ContextWrapper.sendBroadcast:444 com.android.coreservice.CoreService.sendImeAction:797 com.android.coreservice.HostService.onReceived:338 com.android.coreservice.HostService.onData:258 
02-17 23:43:10.492 W/ContextImpl( 2230): Calling a method in the system process without a qualified user: android.app.ContextImpl.sendBroadcast:1005 android.content.ContextWrapper.sendBroadcast:444 com.android.coreservice.CoreService.sendImeAction:797 com.android.coreservice.HostService.onReceived:338 com.android.coreservice.HostService.onData:258 
02-17 23:43:12.314 W/ContextImpl( 2230): Calling a method in the system process without a qualified user: android.app.ContextImpl.startService:1531 android.content.ContextWrapper.startService:664 android.content.ContextWrapper.startService:664 com.android.coreservice.CoreBroadcastReceiver.onReceive:70 android.app.ActivityThread.handleReceiver:3424 
02-17 23:43:12.341 W/ContextImpl( 2230): Calling a method in the system process without a qualified user: android.app.ContextImpl.startService:1531 android.content.ContextWrapper.startService:664 android.content.ContextWrapper.startService:664 com.android.coreservice.CoreBroadcastReceiver.onReceive:70 android.app.ActivityThread.handleReceiver:3424 
02-17 23:43:13.361 W/ContextImpl( 2230): Calling a method in the system process without a qualified user: android.app.ContextImpl.sendBroadcast:1005 android.content.ContextWrapper.sendBroadcast:444 com.android.coreservice.CoreService.sendImeAction:797 com.android.coreservice.HostService.onReceived:338 com.android.coreservice.HostService.onData:258 
02-17 23:43:14.553 I/chatty  ( 2230): uid=1000(system) com.android.coreservice identical 13 lines
02-17 23:43:14.712 W/ContextImpl( 2230): Calling a method in the system process without a qualified user: android.app.ContextImpl.sendBroadcast:1005 android.content.ContextWrapper.sendBroadcast:444 com.android.coreservice.CoreService.sendImeAction:797 com.android.coreservice.HostService.onReceived:338 com.android.coreservice.HostService.onData:258 
02-17 23:43:16.887 W/ContextImpl( 2230): Calling a method in the system process without a qualified user: android.app.ContextImpl.startService:1531 android.content.ContextWrapper.startService:664 android.content.ContextWrapper.startService:664 com.android.coreservice.CoreBroadcastReceiver.onReceive:70 android.app.ActivityThread.handleReceiver:3424 
02-17 23:43:16.896 W/ContextImpl( 2230): Calling a method in the system process without a qualified user: android.app.ContextImpl.startService:1531 android.content.ContextWrapper.startService:664 android.content.ContextWrapper.startService:664 com.android.coreservice.CoreBroadcastReceiver.onReceive:70 android.app.ActivityThread.handleReceiver:3424 
02-17 23:43:19.347 W/ContextImpl( 2230): Calling a method in the system process without a qualified user: android.app.ContextImpl.startService:1531 android.content.ContextWrapper.startService:664 android.content.ContextWrapper.startService:664 com.android.coreservice.CoreBroadcastReceiver.onReceive:70 android.app.ActivityThread.handleReceiver:3424 
02-17 23:43:19.377 W/ContextImpl( 2230): Calling a method in the system process without a qualified user: android.app.ContextImpl.startService:1531 android.content.ContextWrapper.startService:664 android.content.ContextWrapper.startService:664 com.android.coreservice.CoreBroadcastReceiver.onReceive:70 android.app.ActivityThread.handleReceiver:3424 
02-17 23:43:23.252 I/chatty  ( 1570): uid=1000(system) AlarmManager expire 1 line
02-17 23:43:28.822 W/FileUtils( 3204): Failed to chmod(/data/user/0/com.google.android.gms/app_dg_cache): android.system.ErrnoException: chmod failed: ENOENT (No such file or directory)
